Archive member included because of file (symbol)

/home/lotte/bachelor/aodvv2/riot/tlayer/../RIOT/bin/nativenet.a(tap.o)
                              /home/lotte/bachelor/aodvv2/riot/tlayer/../RIOT/bin/startup.o (tap_init)
/home/lotte/bachelor/aodvv2/riot/tlayer/../RIOT/bin/nativenet.a(interface.o)
                              /home/lotte/bachelor/aodvv2/riot/tlayer/../RIOT/bin/nativenet.a(tap.o) (_nativenet_handle_packet)
/home/lotte/bachelor/aodvv2/riot/tlayer/../RIOT/bin/cpu.a(irq_cpu.o)
                              /home/lotte/bachelor/aodvv2/riot/tlayer/../RIOT/bin/nativenet.a(tap.o) (_native_in_syscall)
/home/lotte/bachelor/aodvv2/riot/tlayer/../RIOT/bin/cpu.a(lpm_cpu.o)
                              /home/lotte/bachelor/aodvv2/riot/tlayer/../RIOT/bin/cpu.a(irq_cpu.o) (lpm_set)
/home/lotte/bachelor/aodvv2/riot/tlayer/../RIOT/bin/cpu.a(native_cpu.o)
                              /home/lotte/bachelor/aodvv2/riot/tlayer/../RIOT/bin/cpu.a(lpm_cpu.o) (_native_rfds)
/home/lotte/bachelor/aodvv2/riot/tlayer/../RIOT/bin/cpu.a(tramp.o)
                              /home/lotte/bachelor/aodvv2/riot/tlayer/../RIOT/bin/cpu.a(irq_cpu.o) (_native_sig_leave_tramp)
/home/lotte/bachelor/aodvv2/riot/tlayer/../RIOT/bin/core.a(kernel_init.o)
                              /home/lotte/bachelor/aodvv2/riot/tlayer/../RIOT/bin/startup.o (kernel_init)
/home/lotte/bachelor/aodvv2/riot/tlayer/../RIOT/bin/core.a(msg.o)
                              /home/lotte/bachelor/aodvv2/riot/tlayer/../RIOT/bin/nativenet.a(interface.o) (msg_send_int)
/home/lotte/bachelor/aodvv2/riot/tlayer/../RIOT/bin/core.a(queue.o)
                              /home/lotte/bachelor/aodvv2/riot/tlayer/../RIOT/bin/core.a(msg.o) (queue_priority_add)
/home/lotte/bachelor/aodvv2/riot/tlayer/../RIOT/bin/core.a(sched.o)
                              /home/lotte/bachelor/aodvv2/riot/tlayer/../RIOT/bin/cpu.a(irq_cpu.o) (active_thread)
/home/lotte/bachelor/aodvv2/riot/tlayer/../RIOT/bin/core.a(thread.o)
                              /home/lotte/bachelor/aodvv2/riot/tlayer/../RIOT/bin/core.a(kernel_init.o) (thread_create)
/home/lotte/bachelor/aodvv2/riot/tlayer/../RIOT/bin/core.a(cib.o)
                              /home/lotte/bachelor/aodvv2/riot/tlayer/../RIOT/bin/core.a(msg.o) (cib_get)
/home/lotte/bachelor/aodvv2/riot/tlayer/../RIOT/bin/core.a(clist.o)
                              /home/lotte/bachelor/aodvv2/riot/tlayer/../RIOT/bin/core.a(sched.o) (clist_add)
/home/lotte/bachelor/aodvv2/riot/tlayer/../boards/native/bin/native_base.a(board_init.o)
                              /home/lotte/bachelor/aodvv2/riot/tlayer/../RIOT/bin/startup.o (board_init)
/home/lotte/bachelor/aodvv2/riot/tlayer/../boards/native/bin/native_base.a(native-led.o)
                              /home/lotte/bachelor/aodvv2/riot/tlayer/../boards/native/bin/native_base.a(board_init.o) (_native_LED_GREEN_OFF)
/home/lotte/bachelor/aodvv2/riot/tlayer/../boards/native/bin/native_base.a(native-uart0.o)
                              /home/lotte/bachelor/aodvv2/riot/tlayer/../RIOT/bin/cpu.a(lpm_cpu.o) (_native_handle_uart0_input)
/home/lotte/bachelor/aodvv2/riot/tlayer/bin/tlayer.a(main.o)
                              /usr/lib/gcc/x86_64-linux-gnu/4.7/../../../../lib32/crt1.o (main)
/home/lotte/bachelor/aodvv2/riot/tlayer/bin/tlayer.a(tlayer_shell.o)
                              /home/lotte/bachelor/aodvv2/riot/tlayer/bin/tlayer.a(main.o) (boot_client)
/home/lotte/bachelor/aodvv2/riot/tlayer/bin/tlayer.a(tlayer_tcp.o)
                              /home/lotte/bachelor/aodvv2/riot/tlayer/bin/tlayer.a(tlayer_shell.o) (close_tcp_thread)
/home/lotte/bachelor/aodvv2/riot/tlayer/bin/tlayer.a(tlayer_udp.o)
                              /home/lotte/bachelor/aodvv2/riot/tlayer/bin/tlayer.a(tlayer_shell.o) (init_udp_server)
/home/lotte/bachelor/aodvv2/riot/tlayer/../RIOT/bin/auto_init.a(auto_init.o)
                              /home/lotte/bachelor/aodvv2/riot/tlayer/../RIOT/bin/core.a(kernel_init.o) (auto_init)
/home/lotte/bachelor/aodvv2/riot/tlayer/../RIOT/bin/vtimer.a(vtimer.o)
                              /home/lotte/bachelor/aodvv2/riot/tlayer/../RIOT/bin/auto_init.a(auto_init.o) (vtimer_init)
/home/lotte/bachelor/aodvv2/riot/tlayer/../RIOT/bin/shell.a(shell.o)
                              /home/lotte/bachelor/aodvv2/riot/tlayer/bin/tlayer.a(main.o) (shell_init)
/home/lotte/bachelor/aodvv2/riot/tlayer/../RIOT/bin/shell_commands.a(shell_commands.o)
                              /home/lotte/bachelor/aodvv2/riot/tlayer/../RIOT/bin/shell.a(shell.o) (_shell_command_list)
/home/lotte/bachelor/aodvv2/riot/tlayer/../RIOT/bin/shell_commands.a(sc_id.o)
                              /home/lotte/bachelor/aodvv2/riot/tlayer/../RIOT/bin/shell_commands.a(shell_commands.o) (_id_handler)
/home/lotte/bachelor/aodvv2/riot/tlayer/../RIOT/bin/shell_commands.a(sc_nativenet.o)
[...]
Memory Configuration

Name             Origin             Length             Attributes
*default*        0x0000000000000000 0xffffffffffffffff

Linker script and memory map

LOAD /usr/lib/gcc/x86_64-linux-gnu/4.7/../../../../lib32/crt1.o
LOAD /usr/lib/gcc/x86_64-linux-gnu/4.7/../../../../lib32/crti.o
LOAD /usr/lib/gcc/x86_64-linux-gnu/4.7/32/crtbegin.o
LOAD /home/lotte/bachelor/aodvv2/riot/tlayer/../RIOT/bin/startup.o
START GROUP
LOAD /home/lotte/bachelor/aodvv2/riot/tlayer/../RIOT/bin/auto_init.a
LOAD /home/lotte/bachelor/aodvv2/riot/tlayer/../RIOT/bin/vtimer.a
LOAD /home/lotte/bachelor/aodvv2/riot/tlayer/../RIOT/bin/ps.a
LOAD /home/lotte/bachelor/aodvv2/riot/tlayer/../RIOT/bin/shell.a
LOAD /home/lotte/bachelor/aodvv2/riot/tlayer/../RIOT/bin/shell_commands.a
LOAD /home/lotte/bachelor/aodvv2/riot/tlayer/../RIOT/bin/config.a
LOAD /home/lotte/bachelor/aodvv2/riot/tlayer/../RIOT/bin/nativenet.a
LOAD /home/lotte/bachelor/aodvv2/riot/tlayer/../RIOT/bin/transceiver.a
LOAD /home/lotte/bachelor/aodvv2/riot/tlayer/../RIOT/bin/net_help.a
LOAD /home/lotte/bachelor/aodvv2/riot/tlayer/../RIOT/bin/sixlowpan.a
LOAD /home/lotte/bachelor/aodvv2/riot/tlayer/../RIOT/bin/semaphore.a
LOAD /home/lotte/bachelor/aodvv2/riot/tlayer/../RIOT/bin/destiny.a
LOAD /home/lotte/bachelor/aodvv2/riot/tlayer/../RIOT/bin/uart0.a
LOAD /home/lotte/bachelor/aodvv2/riot/tlayer/../RIOT/bin/posix.a
LOAD /home/lotte/bachelor/aodvv2/riot/tlayer/../RIOT/bin/ltc4150.a
LOAD /home/lotte/bachelor/aodvv2/riot/tlayer/../RIOT/bin/cpu.a
LOAD /home/lotte/bachelor/aodvv2/riot/tlayer/../RIOT/bin/core.a
LOAD /home/lotte/bachelor/aodvv2/riot/tlayer/../RIOT/bin/sys.a
LOAD /home/lotte/bachelor/aodvv2/riot/tlayer/../RIOT/bin/timex.a
LOAD /home/lotte/bachelor/aodvv2/riot/tlayer/../RIOT/bin/lib.a
LOAD /home/lotte/bachelor/aodvv2/riot/tlayer/../RIOT/bin/ieee802154.a
LOAD /home/lotte/bachelor/aodvv2/riot/tlayer/../boards/native/bin/native_base.a
LOAD /home/lotte/bachelor/aodvv2/riot/tlayer/bin/tlayer.a
LOAD /usr/lib/gcc/x86_64-linux-gnu/4.7/../../../../lib32/libm.so
END GROUP
LOAD /usr/lib/gcc/x86_64-linux-gnu/4.7/32/libgcc.a
LOAD /usr/lib/gcc/x86_64-linux-gnu/4.7/32/libgcc_s.so
LOAD /usr/lib/gcc/x86_64-linux-gnu/4.7/../../../../lib32/libc.so
START GROUP
LOAD /lib32/libc.so.6
LOAD /usr/lib32/libc_nonshared.a
LOAD /lib32/ld-linux.so.2
END GROUP
LOAD /usr/lib/gcc/x86_64-linux-gnu/4.7/32/libgcc.a
LOAD /usr/lib/gcc/x86_64-linux-gnu/4.7/32/libgcc_s.so
LOAD /usr/lib/gcc/x86_64-linux-gnu/4.7/32/crtend.o
LOAD /usr/lib/gcc/x86_64-linux-gnu/4.7/../../../../lib32/crtn.o
                0x0000000008048000                PROVIDE (__executable_start, 0x8048000)
                0x0000000008048154                . = (0x8048000 + SIZEOF_HEADERS)

.interp         0x0000000008048154       0x13
 *(.interp)
 .interp        0x0000000008048154       0x13 /usr/lib/gcc/x86_64-linux-gnu/4.7/../../../../lib32/crt1.o

.note.ABI-tag   0x0000000008048168       0x20
 .note.ABI-tag  0x0000000008048168       0x20 /usr/lib/gcc/x86_64-linux-gnu/4.7/../../../../lib32/crt1.o

.note.gnu.build-id
                0x0000000008048188       0x24
 *(.note.gnu.build-id)
 .note.gnu.build-id
                0x0000000008048188       0x24 /usr/lib/gcc/x86_64-linux-gnu/4.7/../../../../lib32/crt1.o

.hash
 *(.hash)

.gnu.hash       0x00000000080481ac       0x30
 *(.gnu.hash)
 .gnu.hash      0x00000000080481ac       0x30 /usr/lib/gcc/x86_64-linux-gnu/4.7/../../../../lib32/crt1.o

.dynsym         0x00000000080481dc      0x410
 *(.dynsym)
 .dynsym        0x00000000080481dc      0x410 /usr/lib/gcc/x86_64-linux-gnu/4.7/../../../../lib32/crt1.o

.dynstr         0x00000000080485ec      0x23b
 *(.dynstr)
 .dynstr        0x00000000080485ec      0x23b /usr/lib/gcc/x86_64-linux-gnu/4.7/../../../../lib32/crt1.o

.gnu.version    0x0000000008048828       0x82
 *(.gnu.version)
 .gnu.version   0x0000000008048828       0x82 /usr/lib/gcc/x86_64-linux-gnu/4.7/../../../../lib32/crt1.o

.gnu.version_d  0x00000000080488ac        0x0
 *(.gnu.version_d)
 .gnu.version_d
                0x0000000000000000        0x0 /usr/lib/gcc/x86_64-linux-gnu/4.7/../../../../lib32/crt1.o

.gnu.version_r  0x00000000080488ac       0x50
 *(.gnu.version_r)
 .gnu.version_r
                0x00000000080488ac       0x50 /usr/lib/gcc/x86_64-linux-gnu/4.7/../../../../lib32/crt1.o

.rel.dyn        0x00000000080488fc       0x10
 *(.rel.init)
 *(.rel.text .rel.text.* .rel.gnu.linkonce.t.*)
 .rel.text      0x0000000000000000        0x0 /usr/lib/gcc/x86_64-linux-gnu/4.7/../../../../lib32/crt1.o
 *(.rel.fini)
 *(.rel.rodata .rel.rodata.* .rel.gnu.linkonce.r.*)
 .rel.rodata    0x0000000000000000        0x0 /usr/lib/gcc/x86_64-linux-gnu/4.7/../../../../lib32/crt1.o
 *(.rel.data.rel.ro .rel.data.rel.ro.* .rel.gnu.linkonce.d.rel.ro.*)
 *(.rel.data .rel.data.* .rel.gnu.linkonce.d.*)
 *(.rel.tdata .rel.tdata.* .rel.gnu.linkonce.td.*)
 *(.rel.tbss .rel.tbss.* .rel.gnu.linkonce.tb.*)
 *(.rel.ctors)
 *(.rel.dtors)
 *(.rel.got)
 .rel.got       0x00000000080488fc        0x8 /usr/lib/gcc/x86_64-linux-gnu/4.7/../../../../lib32/crt1.o
 *(.rel.bss .rel.bss.* .rel.gnu.linkonce.b.*)
 .rel.bss       0x0000000008048904        0x8 /usr/lib/gcc/x86_64-linux-gnu/4.7/../../../../lib32/crt1.o
 *(.rel.ifunc)

.rel.plt        0x000000000804890c      0x1e0
 *(.rel.plt)
 .rel.plt       0x000000000804890c      0x1e0 /usr/lib/gcc/x86_64-linux-gnu/4.7/../../../../lib32/crt1.o
                0x0000000008048aec                PROVIDE (__rel_iplt_start, .)
 *(.rel.iplt)
 .rel.iplt      0x0000000000000000        0x0 /usr/lib/gcc/x86_64-linux-gnu/4.7/../../../../lib32/crt1.o
                0x0000000008048aec                PROVIDE (__rel_iplt_end, .)

.init           0x0000000008048aec       0x23
 *(SORT(.init))
 .init          0x0000000008048aec       0x1e /usr/lib/gcc/x86_64-linux-gnu/4.7/../../../../lib32/crti.o
                0x0000000008048aec                _init
 .init          0x0000000008048b0a        0x5 /usr/lib/gcc/x86_64-linux-gnu/4.7/../../../../lib32/crtn.o

.plt            0x0000000008048b10      0x3d0
 *(.plt)
 .plt           0x0000000008048b10      0x3d0 /usr/lib/gcc/x86_64-linux-gnu/4.7/../../../../lib32/crt1.o
                0x0000000008048b20                setitimer@@GLIBC_2.0
                0x0000000008048b30                strcmp@@GLIBC_2.0
                0x0000000008048b40                read@@GLIBC_2.0
                0x0000000008048b50                printf@@GLIBC_2.0
                0x0000000008048b60                sigprocmask@@GLIBC_2.0
                0x0000000008048b70                memmove@@GLIBC_2.0
                0x0000000008048b80                free@@GLIBC_2.0
                0x0000000008048b90                strdup@@GLIBC_2.0
                0x0000000008048ba0                memcpy@@GLIBC_2.0
                0x0000000008048bb0                setcontext@@GLIBC_2.0
                0x0000000008048bc0                clock_gettime@@GLIBC_2.17
                0x0000000008048bd0                memcmp@@GLIBC_2.0
                0x0000000008048be0                select@@GLIBC_2.0
                0x0000000008048bf0                sigpending@@GLIBC_2.0
                0x0000000008048c00                htons@@GLIBC_2.0
                0x0000000008048c10                sigismember@@GLIBC_2.0
                0x0000000008048c20                strsignal@@GLIBC_2.0
                0x0000000008048c30                err@@GLIBC_2.0
                0x0000000008048c40                ioctl@@GLIBC_2.0
                0x0000000008048c50                perror@@GLIBC_2.0
                0x0000000008048c60                strcpy@@GLIBC_2.0
                0x0000000008048c70                getpid@@GLIBC_2.0
                0x0000000008048c80                strtok_r@@GLIBC_2.0
                0x0000000008048c90                abs@@GLIBC_2.0
                0x0000000008048ca0                malloc@@GLIBC_2.0
                0x0000000008048cb0                puts@@GLIBC_2.0
                0x0000000008048cd0                exit@@GLIBC_2.0
                0x0000000008048ce0                open@@GLIBC_2.0
                0x0000000008048cf0                srand@@GLIBC_2.0
                0x0000000008048d00                strlen@@GLIBC_2.0
                0x0000000008048d10                __libc_start_main@@GLIBC_2.0
                0x0000000008048d20                write@@GLIBC_2.0
                0x0000000008048d30                sigdelset@@GLIBC_2.0
                0x0000000008048d40                getcontext@@GLIBC_2.1
                0x0000000008048d50                fcntl@@GLIBC_2.0
                0x0000000008048d60                sigaddset@@GLIBC_2.0
                0x0000000008048d70                warnx@@GLIBC_2.0
                0x0000000008048d80                sigfillset@@GLIBC_2.0
                0x0000000008048d90                __isoc99_sscanf@@GLIBC_2.7
                0x0000000008048da0                memset@@GLIBC_2.0
                0x0000000008048db0                snprintf@@GLIBC_2.0
                0x0000000008048dc0                swapcontext@@GLIBC_2.1
                0x0000000008048dd0                __errno_location@@GLIBC_2.0
                0x0000000008048de0                strncpy@@GLIBC_2.0
                0x0000000008048df0                makecontext@@GLIBC_2.1
                0x0000000008048e00                pipe@@GLIBC_2.0
                0x0000000008048e10                rand@@GLIBC_2.0
                0x0000000008048e20                strtok@@GLIBC_2.0
                0x0000000008048e30                sigemptyset@@GLIBC_2.0
                0x0000000008048e40                warn@@GLIBC_2.0
                0x0000000008048e50                errx@@GLIBC_2.0
                0x0000000008048e60                ntohs@@GLIBC_2.0
                0x0000000008048e70                sprintf@@GLIBC_2.0
                0x0000000008048e80                atoi@@GLIBC_2.0
                0x0000000008048e90                sigaction@@GLIBC_2.0
                0x0000000008048ea0                fputs@@GLIBC_2.0
                0x0000000008048eb0                close@@GLIBC_2.0
                0x0000000008048ec0                calloc@@GLIBC_2.0
                0x0000000008048ed0                sigaltstack@@GLIBC_2.0
 *(.iplt)
 .iplt          0x0000000000000000        0x0 /usr/lib/gcc/x86_64-linux-gnu/4.7/../../../../lib32/crt1.o

.text           0x0000000008048ee0    0x1a3d4
 *(.text.unlikely .text.*_unlikely)
 *(.text.exit .text.exit.*)
 *(.text.startup .text.startup.*)
 *(.text.hot .text.hot.*)
 *(.text .stub .text.* .gnu.linkonce.t.*)
 .text          0x0000000008048ee0       0x24 /usr/lib/gcc/x86_64-linux-gnu/4.7/../../../../lib32/crt1.o
                0x0000000008048ee0                _start
 .text          0x0000000008048f04        0x0 /usr/lib/gcc/x86_64-linux-gnu/4.7/../../../../lib32/crti.o
 *fill*         0x0000000008048f04        0xc 
 .gnu.linkonce.t.__x86.get_pc_thunk.bx
                0x0000000008048f10        0x4 /usr/lib/gcc/x86_64-linux-gnu/4.7/../../../../lib32/crti.o
                0x0000000008048f10                __x86.get_pc_thunk.bx
 *fill*         0x0000000008048f14        0xc 
 .text          0x0000000008048f20       0xbc /usr/lib/gcc/x86_64-linux-gnu/4.7/32/crtbegin.o
 *fill*         0x0000000008048fdc        0x4 
 .text          0x0000000008048fe0       0x88 /home/lotte/bachelor/aodvv2/riot/tlayer/../RIOT/bin/startup.o
 *fill*         0x0000000008049068        0x8 
 .text          0x0000000008049070      0x653 /home/lotte/bachelor/aodvv2/riot/tlayer/../RIOT/bin/nativenet.a(tap.o)
                0x0000000008049070                _native_handle_tap_input
                0x00000000080491f0                _native_marshall_ethernet
                0x00000000080492f0                send_buf
                0x00000000080493b0                tap_init
 *fill*         0x00000000080496c3        0xd 
 .text          0x00000000080496d0      0x3d5 /home/lotte/bachelor/aodvv2/riot/tlayer/../RIOT/bin/nativenet.a(interface.o)
                0x00000000080496d0                nativenet_init
                0x0000000008049700                nativenet_powerdown
                0x0000000008049710                nativenet_set_monitor
                0x0000000008049730                nativenet_set_channel
                0x0000000008049750                nativenet_get_channel
                0x0000000008049760                nativenet_set_pan
                0x0000000008049790                nativenet_get_pan
                0x00000000080497a0                nativenet_set_address
                0x00000000080497d0                nativenet_get_address
                0x00000000080497e0                nativenet_send
                0x0000000008049840                nativenet_switch_to_rx
                0x0000000008049850                _nativenet_register_cb
                0x00000000080498a0                _nativenet_unregister_cb
                0x00000000080498f0                do_cb
                0x0000000008049940                _nativenet_handle_packet
 *fill*         0x0000000008049aa5        0xb 
 .text          0x0000000008049ab0     0x1099 /home/lotte/bachelor/aodvv2/riot/tlayer/../RIOT/bin/cpu.a(irq_cpu.o)
                0x0000000008049ab0                print_thread_sigmask
                0x0000000008049be0                print_sigmasks
                0x0000000008049c80                native_print_signals
                0x0000000008049ee0                disableIRQ
                0x000000000804a040                enableIRQ
                0x000000000804a170                restoreIRQ
                0x000000000804a1b0                inISR
                0x000000000804a1c0                dINT
                0x000000000804a1e0                eINT
                0x000000000804a200                _native_popsig
                0x000000000804a2d0                native_irq_handler
                0x000000000804a370                native_isr_entry
                0x000000000804a4a0                register_interrupt
                0x000000000804a5c0                unregister_interrupt
                0x000000000804a6d0                shutdown
                0x000000000804a700                native_interrupt_init
 *fill*         0x000000000804ab49        0x7 
 .text          0x000000000804ab50      0x206 /home/lotte/bachelor/aodvv2/riot/tlayer/../RIOT/bin/cpu.a(lpm_cpu.o)
                0x000000000804ab50                lpm_init
                0x000000000804ab60                _native_lpm_sleep
                0x000000000804ac60                lpm_set
                0x000000000804ad20                lpm_awake
                0x000000000804ad30                lpm_begin_awake
                0x000000000804ad40                lpm_end_awake
                0x000000000804ad50                lpm_get
 *fill*         0x000000000804ad56        0xa 
 .text          0x000000000804ad60      0x338 /home/lotte/bachelor/aodvv2/riot/tlayer/../RIOT/bin/cpu.a(native_cpu.o)
                0x000000000804ad60                thread_print_stack
                0x000000000804ad70                thread_stack_init
                0x000000000804aec0                cpu_switch_context_exit
                0x000000000804af40                thread_yield
                0x000000000804afc0                native_cpu_init
 .text          0x000000000804b098       0x28 /home/lotte/bachelor/aodvv2/riot/tlayer/../RIOT/bin/cpu.a(tramp.o)
                0x000000000804b098                _native_sig_leave_tramp
 .text          0x000000000804b0c0      0x173 /home/lotte/bachelor/aodvv2/riot/tlayer/../RIOT/bin/core.a(kernel_init.o)
                0x000000000804b0c0                kernel_init
 *fill*         0x000000000804b233        0xd 
 .text          0x000000000804b240      0x73b /home/lotte/bachelor/aodvv2/riot/tlayer/../RIOT/bin/core.a(msg.o)
                0x000000000804b240                msg_send
                0x000000000804b420                msg_send_int
                0x000000000804b540                msg_send_receive
                0x000000000804b5c0                msg_reply
                0x000000000804b680                msg_reply_int
                0x000000000804b710                msg_try_receive
                0x000000000804b8d0                msg_receive
                0x000000000804b900                msg_init_queue
 *fill*         0x000000000804b97b        0x5 
 .text          0x000000000804b980      0x226 /home/lotte/bachelor/aodvv2/riot/tlayer/../RIOT/bin/core.a(queue.o)
                0x000000000804b980                queue_remove
                0x000000000804b9e0                queue_remove_head
                0x000000000804ba20                queue_add_tail
                0x000000000804ba70                queue_add_head
                0x000000000804baa0                queue_priority_add
                0x000000000804bb20                queue_priority_add_generic
 *fill*         0x000000000804bba6        0xa 
 .text          0x000000000804bbb0      0x447 /home/lotte/bachelor/aodvv2/riot/tlayer/../RIOT/bin/core.a(sched.o)
                0x000000000804bbb0                sched_init
                0x000000000804bc60                sched_run
                0x000000000804be10                sched_set_status
                0x000000000804bf30                sched_switch
                0x000000000804bf90                sched_task_exit
 *fill*         0x000000000804bff7        0x9 
 .text          0x000000000804c000      0x565 /home/lotte/bachelor/aodvv2/riot/tlayer/../RIOT/bin/core.a(thread.o)
                0x000000000804c000                thread_getpid
                0x000000000804c010                thread_getlastpid
                0x000000000804c020                thread_getstatus
                0x000000000804c070                thread_getname
                0x000000000804c0c0                thread_sleep
                0x000000000804c110                thread_wakeup
                0x000000000804c1d0                thread_measure_stack_usage
                0x000000000804c220                thread_create
 *fill*         0x000000000804c565        0xb 
 .text          0x000000000804c570      0x123 /home/lotte/bachelor/aodvv2/riot/tlayer/../RIOT/bin/core.a(cib.o)
                0x000000000804c570                cib_init
                0x000000000804c5b0                cib_avail
                0x000000000804c5d0                cib_get
                0x000000000804c630                cib_put
 *fill*         0x000000000804c693        0xd 
 .text          0x000000000804c6a0      0x108 /home/lotte/bachelor/aodvv2/riot/tlayer/../RIOT/bin/core.a(clist.o)
                0x000000000804c6a0                clist_add
                0x000000000804c740                clist_remove
 *fill*         0x000000000804c7a8        0x8 
 .text          0x000000000804c7b0       0x2b /home/lotte/bachelor/aodvv2/riot/tlayer/../boards/native/bin/native_base.a(board_init.o)
                0x000000000804c7b0                board_init
 *fill*         0x000000000804c7db        0x5 
 .text          0x000000000804c7e0       0xbc /home/lotte/bachelor/aodvv2/riot/tlayer/../boards/native/bin/native_base.a(native-led.o)
                0x000000000804c7e0                _native_LED_GREEN_OFF
                0x000000000804c800                _native_LED_GREEN_ON
                0x000000000804c820                _native_LED_GREEN_TOGGLE
                0x000000000804c840                _native_LED_RED_OFF
                0x000000000804c860                _native_LED_RED_ON
                0x000000000804c880                _native_LED_RED_TOGGLE
 *fill*         0x000000000804c89c        0x4 
 .text          0x000000000804c8a0      0x1ff /home/lotte/bachelor/aodvv2/riot/tlayer/../boards/native/bin/native_base.a(native-uart0.o)
                0x000000000804c8a0                _native_handle_uart0_input
                0x000000000804c9e0                _native_set_uart_fds
                0x000000000804ca30                _native_init_uart0
                0x000000000804ca60                putchar
 *fill*         0x000000000804ca9f        0x1 
 .text          0x000000000804caa0       0xb3 /home/lotte/bachelor/aodvv2/riot/tlayer/bin/tlayer.a(main.o)
                0x000000000804caa0                init_tl
                0x000000000804cac0                main
 *fill*         0x000000000804cb53        0xd 
 .text          0x000000000804cb60     0x1088 /home/lotte/bachelor/aodvv2/riot/tlayer/bin/tlayer.a(tlayer_shell.o)
                0x000000000804cb60                print_ipv6_addr
                0x000000000804cba0                init
                0x000000000804cfd0                bootstrapping
                0x000000000804cff0                boot_server
                0x000000000804d040                init_tcp_server_thread
                0x000000000804d0e0                boot_client
                0x000000000804d130                init_tcp_cht
                0x000000000804d1d0                connect_tcp
                0x000000000804d240                ip
                0x000000000804d260                context
                0x000000000804d300                shows
                0x000000000804d320                kill_process
                0x000000000804d380                send_tcp_msg
                0x000000000804d420                send_tcp_bulk
                0x000000000804d4c0                send_tcp_bandwidth_test
                0x000000000804d6e0                disconnect_tcp
                0x000000000804d730                init_udp_server_thread
                0x000000000804d7d0                send_udp
                0x000000000804db70                close_tcp
 *fill*         0x000000000804dbe8        0x8 
 .text          0x000000000804dbf0      0x87b /home/lotte/bachelor/aodvv2/riot/tlayer/bin/tlayer.a(tlayer_tcp.o)
                0x000000000804dbf0                init_tcp_server
                0x000000000804e010                recv_from_tcp_thread1
                0x000000000804e0c0                recv_from_tcp_thread2
                0x000000000804e160                tcp_ch
                0x000000000804e380                send_tcp_thread
                0x000000000804e450                close_tcp_thread
 *fill*         0x000000000804e46b        0x5 
 .text          0x000000000804e470      0x181 /home/lotte/bachelor/aodvv2/riot/tlayer/bin/tlayer.a(tlayer_udp.o)
                0x000000000804e470                init_udp_server
 *fill*         0x000000000804e5f1        0xf 
 .text          0x000000000804e600       0x2a /home/lotte/bachelor/aodvv2/riot/tlayer/../RIOT/bin/auto_init.a(auto_init.o)
                0x000000000804e600                auto_init
 *fill*         0x000000000804e62a        0x6 
 .text          0x000000000804e630      0x757 /home/lotte/bachelor/aodvv2/riot/tlayer/../RIOT/bin/vtimer.a(vtimer.o)
                0x000000000804e630                vtimer_tick
                0x000000000804e800                vtimer_callback
                0x000000000804e8c0                normalize_to_tick
                0x000000000804e960                vtimer_now
                0x000000000804e9b0                vtimer_init
                0x000000000804ea30                vtimer_set_wakeup
                0x000000000804ebd0                vtimer_usleep
                0x000000000804ec20                vtimer_sleep
                0x000000000804ec70                vtimer_remove
                0x000000000804ecd0                vtimer_set_msg
 *fill*         0x000000000804ed87        0x9 
 .text          0x000000000804ed90      0x4a7 /home/lotte/bachelor/aodvv2/riot/tlayer/../RIOT/bin/shell.a(shell.o)
                0x000000000804ed90                shell_run
                0x000000000804f010                shell_init
 *fill*         0x000000000804f237        0x1 
 .text          0x000000000804f238        0x0 /home/lotte/bachelor/aodvv2/riot/tlayer/../RIOT/bin/shell_commands.a(shell_commands.o)
 *fill*         0x000000000804f238        0x8 
 .text          0x000000000804f240       0xa3 /home/lotte/bachelor/aodvv2/riot/tlayer/../RIOT/bin/shell_commands.a(sc_id.o)
                0x000000000804f240                _id_handler
 *fill*         0x000000000804f2e3        0xd 
 .text          0x000000000804f2f0      0x40f /home/lotte/bachelor/aodvv2/riot/tlayer/../RIOT/bin/shell_commands.a(sc_nativenet.o)
                0x000000000804f2f0                _nativenet_get_set_address_handler
                0x000000000804f3b0                _nativenet_get_set_channel_handler
                0x000000000804f460                _nativenet_send_handler
                0x000000000804f650                _nativenet_monitor_handler
 *fill*         0x000000000804f6ff        0x1 
 .text          0x000000000804f700       0xa6 /home/lotte/bachelor/aodvv2/riot/tlayer/../RIOT/bin/shell_commands.a(sc_ltc4150.o)
                0x000000000804f700                _get_current_handler
                0x000000000804f790                _reset_current_handler
 *fill*         0x000000000804f7a6        0xa 
 .text          0x000000000804f7b0       0x16 /home/lotte/bachelor/aodvv2/riot/tlayer/../RIOT/bin/shell_commands.a(sc_ps.o)
                0x000000000804f7b0                _ps_handler
 *fill*         0x000000000804f7c6        0x2 
 .text          0x000000000804f7c8        0x0 /home/lotte/bachelor/aodvv2/riot/tlayer/../RIOT/bin/config.a(config.o)
 *fill*         0x000000000804f7c8        0x8 
 .text          0x000000000804f7d0      0xca7 /home/lotte/bachelor/aodvv2/riot/tlayer/../RIOT/bin/transceiver.a(transceiver.o)
                0x000000000804f7d0                transceiver_init
                0x000000000804f8e0                transceiver_start
                0x000000000804fbf0                transceiver_register
 *fill*         0x0000000008050477        0x9 
 .text          0x0000000008050480      0x40e /home/lotte/bachelor/aodvv2/riot/tlayer/../RIOT/bin/sixlowpan.a(border.o)
                0x0000000008050480                get_serial_out_buffer
                0x00000000080504c0                get_serial_in_buffer
                0x0000000008050500                border_get_serial_reader
                0x0000000008050510                serial_reader_f
                0x0000000008050690                sixlowpan_lowpan_border_init
                0x0000000008050810                border_process_lowpan
 *fill*         0x000000000805088e        0x2 
 .text          0x0000000008050890      0x535 /home/lotte/bachelor/aodvv2/riot/tlayer/../RIOT/bin/sixlowpan.a(bordermultiplex.o)
                0x0000000008050890                demultiplex
                0x0000000008050a90                multiplex_send_ipv6_over_uart
                0x0000000008050b20                multiplex_send_addr_over_uart
                0x0000000008050ba0                readpacket
                0x0000000008050cc0                writepacket
 *fill*         0x0000000008050dc5        0xb 
 .text          0x0000000008050dd0      0x827 /home/lotte/bachelor/aodvv2/riot/tlayer/../RIOT/bin/sixlowpan.a(flowcontrol.o)
                0x0000000008050dd0                init_threeway_handshake
                0x0000000008050fd0                flowcontrol_send_over_uart
                0x00000000080510d0                flowcontrol_init
                0x00000000080512a0                send_ack
                0x0000000008051300                flowcontrol_deliver_from_uart
 *fill*         0x00000000080515f7        0x9 
 .text          0x0000000008051600     0x3fbf /home/lotte/bachelor/aodvv2/riot/tlayer/../RIOT/bin/sixlowpan.a(icmp.o)
                0x0000000008051600                min
                0x0000000008051640                icmpv6_send_echo_request
                0x0000000008051830                icmpv6_csum
                0x0000000008051940                icmpv6_send_echo_reply
                0x0000000008051b30                icmpv6_send_router_sol
                0x0000000008051d10                icmpv6_ndp_set_sllao
                0x0000000008051e20                recv_echo_req
                0x0000000008051fb0                recv_echo_repl
                0x0000000008052100                recv_rtr_sol
                0x00000000080523b0                ndp_neighbor_cache_search
                0x0000000008052440                nbr_cache_add
                0x0000000008052560                icmpv6_send_router_adv
                0x0000000008052e00                set_opt_6co_flags
                0x0000000008052e50                get_opt_6co_flags
                0x0000000008052f20                ndp_a6br_cache_get_most_current
                0x0000000008053010                abr_get_context
                0x0000000008053130                recv_rtr_adv
                0x0000000008053a20                ndp_default_router_list_search
                0x0000000008053ab0                def_rtr_lst_add
                0x0000000008053b90                def_rtr_lst_rem
                0x0000000008053cb0                abr_add_context
                0x0000000008053db0                icmpv6_send_neighbor_sol
                0x0000000008054100                recv_nbr_sol
                0x0000000008054870                nbr_cache_rem
                0x0000000008054990                icmpv6_send_neighbor_adv
                0x0000000008054c60                recv_nbr_adv
                0x0000000008054fb0                icmpv6_send_parameter_prob
                0x0000000008055180                nbr_cache_auto_rem
                0x00000000080552a0                ndp_a6br_cache_get_oldest
                0x0000000008055350                abr_get_version
                0x0000000008055410                abr_remove_context
                0x0000000008055470                plist_add
 *fill*         0x00000000080555bf        0x1 
 .text          0x00000000080555c0     0x1b82 /home/lotte/bachelor/aodvv2/riot/tlayer/../RIOT/bin/sixlowpan.a(ip.o)
                0x00000000080555c0                ipv6_send_bytes
                0x0000000008055680                ipv6_get_buf_send
                0x0000000008055690                get_payload_buf_send
                0x00000000080556b0                ipv6_get_buf
                0x00000000080556c0                get_icmpv6_buf
                0x00000000080556e0                get_payload_buf
                0x0000000008055700                ipv6_sendto
                0x00000000080558b0                ipv6_iface_get_best_src_addr
                0x0000000008055b30                ipv6_addr_is_multicast
                0x0000000008055b50                ipv6_register_packet_handler
                0x0000000008055c10                icmpv6_demultiplex
                0x0000000008055da0                ipv6_get_addr_match
                0x0000000008055eb0                ipv6_process
                0x00000000080562d0                ipv6_addr_init
                0x0000000008056410                ipv6_iface_add_addr
                0x0000000008056690                ipv6_addr_is_unspecified
                0x0000000008056700                ipv6_iface_addr_match
                0x00000000080567a0                ipv6_addr_set_solicited_node_addr
                0x0000000008056820                ipv6_iface_addr_prefix_eq
                0x00000000080568c0                ipv6_iface_print_addrs
                0x0000000008056930                ipv6_addr_to_str
                0x0000000008056ad0                ipv6_addr_set_by_eui64
                0x0000000008056b40                ipv6_addr_init_prefix
                0x0000000008056c20                ipv6_addr_set_all_routers_addr
                0x0000000008056c70                ipv6_addr_set_all_nodes_addr
                0x0000000008056cc0                ipv6_addr_set_loopback_addr
                0x0000000008056d10                ipv6_addr_is_link_local
                0x0000000008056d30                ipv6_addr_is_unique_local_unicast
                0x0000000008056d80                ipv6_addr_is_equal
                0x0000000008056dc0                ipv6_addr_set_link_local_prefix
                0x0000000008056df0                ipv6_addr_is_solicited_node
                0x0000000008056ef0                get_remaining_time
                0x0000000008056f40                set_remaining_time
                0x0000000008056fc0                ipv6_init_iface_as_router
                0x0000000008057020                ipv6_is_router
                0x0000000008057060                set_tcp_packet_handler_pid
                0x0000000008057080                set_udp_packet_handler_pid
                0x00000000080570a0                ipv6_register_next_header_handler
                0x0000000008057110                ipv6_iface_set_routing_provider
                0x0000000008057130                ipv6_register_rpl_handler
 *fill*         0x0000000008057142        0xe 
 .text          0x0000000008057150     0x3c6f /home/lotte/bachelor/aodvv2/riot/tlayer/../RIOT/bin/sixlowpan.a(lowpan.o)
                0x0000000008057150                sixlowpan_lowpan_sendto
                0x00000000080575e0                lowpan_iphc_encoding
                0x0000000008058240                lowpan_ipv6_set_dispatch
                0x0000000008058290                sixlowpan_lowpan_set_iphc_status
                0x00000000080582b0                lowpan_transfer
                0x0000000008058440                lowpan_iphc_decoding
                0x00000000080593b0                collect_garbage_fifo
                0x00000000080594b0                ll_get_addr_match
                0x00000000080595c0                new_packet_buffer
                0x0000000008059700                init_reas_bufs
                0x00000000080597b0                get_packet_frag_buf
                0x0000000008059900                is_in_interval
                0x00000000080599b0                handle_packet_frag_interval
                0x0000000008059af0                collect_garbage
                0x0000000008059bd0                handle_packet_fragment
                0x0000000008059d50                add_fifo_packet
                0x0000000008059e30                check_timeout
                0x0000000008059f30                sixlowpan_lowpan_register
                0x0000000008059ff0                lowpan_read
                0x000000000805a300                lowpan_context_lookup
                0x000000000805a400                lowpan_context_num_lookup
                0x000000000805a490                lowpan_context_len
                0x000000000805a4a0                lowpan_context_remove
                0x000000000805a580                lowpan_context_update
                0x000000000805a6b0                lowpan_context_get
                0x000000000805a6c0                lowpan_context_auto_remove
                0x000000000805a7f0                sixlowpan_lowpan_init
                0x000000000805a850                lowpan_init
                0x000000000805ad40                sixlowpan_lowpan_adhoc_init
                0x000000000805ada0                sixlowpan_lowpan_bootstrapping
 *fill*         0x000000000805adbf        0x1 
 .text          0x000000000805adc0      0x6bc /home/lotte/bachelor/aodvv2/riot/tlayer/../RIOT/bin/sixlowpan.a(mac.o)
                0x000000000805adc0                sixlowpan_mac_get_radio_address
                0x000000000805ae30                sixlowpan_mac_set_radio_address
                0x000000000805aeb0                set_radio_channel
                0x000000000805af30                switch_to_rx
                0x000000000805af90                sixlowpan_mac_init_802154_short_addr
                0x000000000805afc0                sixlowpan_mac_get_eui64
                0x000000000805afe0                sixlowpan_mac_init_802154_long_addr
                0x000000000805b040                recv_ieee802154_frame
                0x000000000805b150                set_ieee802154_fcf_values
                0x000000000805b1c0                set_ieee802154_frame_values
                0x000000000805b200                sixlowpan_mac_send_ieee802154_frame
                0x000000000805b3d0                sixlowpan_mac_init
 *fill*         0x000000000805b47c        0x4 
 .text          0x000000000805b480      0x43d /home/lotte/bachelor/aodvv2/riot/tlayer/../RIOT/bin/sixlowpan.a(serialnumber.o)
                0x000000000805b480                serial_add8
                0x000000000805b4e0                serial_add16
                0x000000000805b550                serial_add32
                0x000000000805b5a0                serial_comp8
                0x000000000805b6b0                serial_comp16
                0x000000000805b7c0                serial_comp32
 *fill*         0x000000000805b8bd        0x3 
 .text          0x000000000805b8c0      0x338 /home/lotte/bachelor/aodvv2/riot/tlayer/../RIOT/bin/semaphore.a(semaphore.o)
                0x000000000805b8c0                sem_init
                0x000000000805b920                sem_destroy
                0x000000000805b960                sem_open
                0x000000000805b980                sem_close
                0x000000000805b9a0                sem_unlink
                0x000000000805b9c0                sem_wait
                0x000000000805ba90                sem_timedwait
                0x000000000805bab0                sem_trywait
                0x000000000805bb10                sem_post
                0x000000000805bbd0                sem_getvalue
 *fill*         0x000000000805bbf8        0x8 
 .text          0x000000000805bc00      0x211 /home/lotte/bachelor/aodvv2/riot/tlayer/../RIOT/bin/destiny.a(destiny.o)
                0x000000000805bc00                destiny_init_transport_layer
 *fill*         0x000000000805be11        0xf 
 .text          0x000000000805be20     0x322d /home/lotte/bachelor/aodvv2/riot/tlayer/../RIOT/bin/destiny.a(socket.o)
                0x000000000805be20                printf_tcp_context
                0x000000000805beb0                print_tcp_flags
                0x000000000805c060                print_tcp_cb
                0x000000000805c150                print_tcp_status
                0x000000000805c360                print_socket
                0x000000000805c470                print_internal_socket
                0x000000000805c4f0                get_socket
                0x000000000805c540                exists_socket
                0x000000000805c590                destiny_socket_print_sockets
                0x000000000805c600                close_socket
                0x000000000805c640                isUDPSocket
                0x000000000805c6f0                is_tcp_socket
                0x000000000805c7a0                bind_udp_socket
                0x000000000805c8b0                bind_tcp_socket
                0x000000000805c9d0                destiny_socket
                0x000000000805cac0                get_udp_socket
                0x000000000805cb50                is_four_touple
                0x000000000805cc20                get_tcp_socket
                0x000000000805cda0                get_free_source_port
                0x000000000805ce50                set_socket_address
                0x000000000805ced0                set_tcp_packet
                0x000000000805cfd0                check_tcp_consistency
                0x000000000805d090                switch_tcp_packet_byte_order
                0x000000000805d1b0                send_tcp
                0x000000000805d3a0                set_tcp_cb
                0x000000000805d430                destiny_socket_connect
                0x000000000805d880                calculate_rto
                0x000000000805dad0                destiny_socket_send
                0x000000000805dfa0                read_from_socket
                0x000000000805e0e0                destiny_socket_recv
                0x000000000805e240                destiny_socket_recvfrom
                0x000000000805e3e0                destiny_socket_sendto
                0x000000000805e5e0                destiny_socket_close
                0x000000000805e770                destiny_socket_bind
                0x000000000805e970                destiny_socket_listen
                0x000000000805e9f0                get_waiting_connection_socket
                0x000000000805eb00                handle_new_tcp_connection
                0x000000000805ed20                destiny_socket_accept
                0x000000000805ee70                new_tcp_queued_socket
 *fill*         0x000000000805f04d        0x3 
 .text          0x000000000805f050      0xf27 /home/lotte/bachelor/aodvv2/riot/tlayer/../RIOT/bin/destiny.a(tcp.o)
                0x000000000805f050                printTCPHeader
                0x000000000805f180                printArrayRange_tcp
                0x000000000805f210                tcp_csum
                0x000000000805f2e0                handle_payload
                0x000000000805f470                handle_tcp_ack_packet
                0x000000000805f650                handle_tcp_rst_packet
                0x000000000805f670                handle_tcp_syn_packet
                0x000000000805f730                handle_tcp_syn_ack_packet
                0x000000000805f7c0                handle_tcp_fin_packet
                0x000000000805f960                handle_tcp_fin_ack_packet
                0x000000000805fab0                handle_tcp_no_flags_packet
                0x000000000805fc60                tcp_packet_handler
 *fill*         0x000000000805ff77        0x9 
 .text          0x000000000805ff80      0x58e /home/lotte/bachelor/aodvv2/riot/tlayer/../RIOT/bin/destiny.a(tcp_timer.o)
                0x000000000805ff80                handle_synchro_timeout
                0x00000000080601d0                handle_established
                0x0000000008060380                check_sockets
                0x0000000008060460                inc_global_variables
                0x00000000080604a0                tcp_general_timer
 *fill*         0x000000000806050e        0x2 
 .text          0x0000000008060510      0x1cb /home/lotte/bachelor/aodvv2/riot/tlayer/../RIOT/bin/destiny.a(udp.o)
                0x0000000008060510                udp_csum
                0x00000000080605e0                udp_packet_handler
 *fill*         0x00000000080606db        0x5 
 .text          0x00000000080606e0      0x11e /home/lotte/bachelor/aodvv2/riot/tlayer/../RIOT/bin/destiny.a(msg_help.o)
                0x00000000080606e0                block_continue_thread
                0x00000000080606f0                net_msg_receive
                0x0000000008060710                net_msg_reply
                0x0000000008060750                net_msg_send
                0x00000000080607b0                net_msg_send_recv
 *fill*         0x00000000080607fe        0x2 
 .text          0x0000000008060800      0x19f /home/lotte/bachelor/aodvv2/riot/tlayer/../RIOT/bin/uart0.a(uart0.o)
                0x0000000008060800                board_uart0_init
                0x00000000080608e0                uart0_handle_incoming
                0x0000000008060910                uart0_notify_thread
                0x0000000008060940                uart0_readc
                0x0000000008060980                uart0_putc
 *fill*         0x000000000806099f        0x1 
 .text          0x00000000080609a0      0x1c8 /home/lotte/bachelor/aodvv2/riot/tlayer/../RIOT/bin/posix.a(posix_io.o)
                0x00000000080609a0                posix_open
                0x0000000008060a30                posix_close
                0x0000000008060a70                posix_read
                0x0000000008060b20                posix_write
 *fill*         0x0000000008060b68        0x8 
 .text          0x0000000008060b70      0x2b4 /home/lotte/bachelor/aodvv2/riot/tlayer/../RIOT/bin/ltc4150.a(ltc4150.o)
                0x0000000008060b70                ltc4150_get_last_int_duration_us
                0x0000000008060b80                ltc4150_get_current_mA
                0x0000000008060bd0                ltc4150_get_total_mAh
                0x0000000008060c70                ltc4150_get_total_Joule
                0x0000000008060ce0                ltc4150_get_avg_mA
                0x0000000008060d40                ltc4150_get_interval
                0x0000000008060d50                ltc4150_get_intcount
                0x0000000008060d60                ltc4150_init
                0x0000000008060d70                ltc4150_start
                0x0000000008060db0                ltc4150_stop
                0x0000000008060dc0                ltc4150_interrupt
 *fill*         0x0000000008060e24        0xc 
 .text          0x0000000008060e30      0x483 /home/lotte/bachelor/aodvv2/riot/tlayer/../RIOT/bin/core.a(hwtimer.o)
                0x0000000008060e30                hwtimer_spin
                0x0000000008060e80                hwtimer_init
                0x0000000008060ea0                hwtimer_init_comp
                0x0000000008060f70                hwtimer_active
                0x0000000008060fa0                hwtimer_now
                0x0000000008060fb0                hwtimer_wait
                0x0000000008061070                hwtimer_set
                0x0000000008061200                hwtimer_set_absolute
                0x0000000008061250                hwtimer_remove
 *fill*         0x00000000080612b3        0xd 
 .text          0x00000000080612c0       0xe9 /home/lotte/bachelor/aodvv2/riot/tlayer/../RIOT/bin/core.a(lifo.o)
                0x00000000080612c0                lifo_empty
                0x00000000080612e0                lifo_init
                0x0000000008061330                lifo_insert
                0x0000000008061370                lifo_get
 *fill*         0x00000000080613a9        0x7 
 .text          0x00000000080613b0      0x25a /home/lotte/bachelor/aodvv2/riot/tlayer/../RIOT/bin/core.a(mutex.o)
                0x00000000080613b0                mutex_init
                0x00000000080613f0                mutex_trylock
                0x0000000008061430                prio
                0x0000000008061440                mutex_lock
                0x0000000008061490                mutex_wait
                0x0000000008061540                mutex_unlock
 *fill*         0x000000000806160a        0x6 
 .text          0x0000000008061610      0x25b /home/lotte/bachelor/aodvv2/riot/tlayer/../RIOT/bin/sys.a(chardev_thread.o)
                0x0000000008061610                chardev_loop
 *fill*         0x000000000806186b        0x5 
 .text          0x0000000008061870      0x246 /home/lotte/bachelor/aodvv2/riot/tlayer/../RIOT/bin/timex.a(timex.o)
                0x0000000008061870                timex_add
                0x00000000080618f0                timex_normalize
                0x0000000008061940                timex_set
                0x0000000008061980                timex_sub
                0x00000000080619e0                timex_cmp
                0x0000000008061a80                timex_print
 *fill*         0x0000000008061ab6        0xa 
 .text          0x0000000008061ac0      0x24e /home/lotte/bachelor/aodvv2/riot/tlayer/../RIOT/bin/lib.a(ringbuffer.o)
                0x0000000008061ac0                ringbuffer_init
                0x0000000008061b20                rb_add_elements
                0x0000000008061b80                rb_add_element
                0x0000000008061c00                rb_get_element
                0x0000000008061c90                rb_get_elements
 *fill*         0x0000000008061d0e        0x2 
 .text          0x0000000008061d10      0x9f1 /home/lotte/bachelor/aodvv2/riot/tlayer/../RIOT/bin/ieee802154.a(ieee802154_frame.o)
                0x0000000008061d10                ieee802154_frame_init
                0x0000000008062110                ieee802154_frame_get_hdr_len
                0x0000000008062270                ieee802154_frame_read
                0x0000000008062670                ieee802154_frame_print_fcf_frame
 *fill*         0x0000000008062701        0xf 
 .text          0x0000000008062710       0x43 /home/lotte/bachelor/aodvv2/riot/tlayer/../boards/native/bin/native_base.a(board_config.o)
                0x0000000008062710                config_load
                0x0000000008062730                config_save
 *fill*         0x0000000008062753        0xd 
 .text          0x0000000008062760      0x15c /home/lotte/bachelor/aodvv2/riot/tlayer/../boards/native/bin/native_base.a(native-ltc4150.o)
                0x0000000008062760                ltc4150_disable_int
                0x0000000008062770                ltc4150_enable_int
                0x00000000080627e0                ltc4150_sync_blocking
                0x0000000008062810                ltc4150_arch_init
 *fill*         0x00000000080628bc        0x4 
 .text          0x00000000080628c0      0x1b1 /home/lotte/bachelor/aodvv2/riot/tlayer/../RIOT/bin/ps.a(ps.o)
                0x00000000080628c0                thread_print_all
 *fill*         0x0000000008062a71        0xf 
 .text          0x0000000008062a80      0x216 /home/lotte/bachelor/aodvv2/riot/tlayer/../RIOT/bin/net_help.a(net_help.o)
                0x0000000008062a80                printArrayRange
                0x0000000008062b30                csum
 *fill*         0x0000000008062c96        0xa 
 .text          0x0000000008062ca0       0x3d /home/lotte/bachelor/aodvv2/riot/tlayer/../RIOT/bin/cpu.a(atomic_cpu.o)
                0x0000000008062ca0                atomic_set_return
 *fill*         0x0000000008062cdd        0x3 
 .text          0x0000000008062ce0      0x512 /home/lotte/bachelor/aodvv2/riot/tlayer/../RIOT/bin/cpu.a(hwtimer_cpu.o)
                0x0000000008062ce0                ticks2tv
                0x0000000008062d40                tv2ticks
                0x0000000008062d60                ts2ticks
                0x0000000008062d90                schedule_timer
                0x0000000008062f00                hwtimer_isr_timer
                0x0000000008062f60                hwtimer_arch_enable_interrupt
                0x0000000008062fa0                hwtimer_arch_disable_interrupt
                0x0000000008062fd0                hwtimer_arch_unset
                0x0000000008063010                hwtimer_arch_set
                0x0000000008063090                hwtimer_arch_set_absolute
                0x00000000080630d0                hwtimer_arch_now
                0x0000000008063150                hwtimer_arch_init
 *fill*         0x00000000080631f2        0xe 
 .text          0x0000000008063200       0x3f /home/lotte/bachelor/aodvv2/riot/tlayer/../RIOT/bin/core.a(bitarithm.o)
                0x0000000008063200                number_of_highest_bit
 *fill*         0x000000000806323f        0x1 
 .text          0x0000000008063240       0x72 /usr/lib32/libc_nonshared.a(elf-init.oS)
                0x0000000008063240                __libc_csu_init
                0x00000000080632b0                __libc_csu_fini
 *fill*         0x00000000080632b2        0x2 
 .text          0x00000000080632b4        0x0 /usr/lib/gcc/x86_64-linux-gnu/4.7/32/crtend.o
 .text          0x00000000080632b4        0x0 /usr/lib/gcc/x86_64-linux-gnu/4.7/../../../../lib32/crtn.o
 *(.gnu.warning)

.fini           0x00000000080632b4       0x14
 *(SORT(.fini))
 .fini          0x00000000080632b4        0xf /usr/lib/gcc/x86_64-linux-gnu/4.7/../../../../lib32/crti.o
                0x00000000080632b4                _fini
 .fini          0x00000000080632c3        0x5 /usr/lib/gcc/x86_64-linux-gnu/4.7/../../../../lib32/crtn.o
                0x00000000080632c8                PROVIDE (__etext, .)
                0x00000000080632c8                PROVIDE (_etext, .)
                0x00000000080632c8                PROVIDE (etext, .)

.rodata         0x00000000080632c8     0x2538
 *(.rodata .rodata.* .gnu.linkonce.r.*)
 .rodata        0x00000000080632c8        0x4 /usr/lib/gcc/x86_64-linux-gnu/4.7/../../../../lib32/crt1.o
                0x00000000080632c8                _fp_hw
 .rodata.cst4   0x00000000080632cc        0x4 /usr/lib/gcc/x86_64-linux-gnu/4.7/../../../../lib32/crt1.o
                0x00000000080632cc                _IO_stdin_used
 .rodata.str1.1
                0x00000000080632d0       0x4a /home/lotte/bachelor/aodvv2/riot/tlayer/../RIOT/bin/startup.o
 .rodata.str1.1
                0x000000000806331a       0x87 /home/lotte/bachelor/aodvv2/riot/tlayer/../RIOT/bin/nativenet.a(tap.o)
                                         0x8f (size before relaxing)
 .rodata.str1.1
                0x00000000080633a1       0x25 /home/lotte/bachelor/aodvv2/riot/tlayer/../RIOT/bin/nativenet.a(interface.o)
 .rodata.str1.1
                0x00000000080633c6      0x3ab /home/lotte/bachelor/aodvv2/riot/tlayer/../RIOT/bin/cpu.a(irq_cpu.o)
                                        0x3f2 (size before relaxing)
 *fill*         0x0000000008063771        0x3 
 .rodata        0x0000000008063774       0x14 /home/lotte/bachelor/aodvv2/riot/tlayer/../RIOT/bin/cpu.a(lpm_cpu.o)
 .rodata.str1.1
                0x0000000008063788       0x81 /home/lotte/bachelor/aodvv2/riot/tlayer/../RIOT/bin/cpu.a(lpm_cpu.o)
 .rodata.str1.1
                0x0000000008063809       0xa8 /home/lotte/bachelor/aodvv2/riot/tlayer/../RIOT/bin/cpu.a(native_cpu.o)
 .rodata.str1.1
                0x00000000080638b1       0xa7 /home/lotte/bachelor/aodvv2/riot/tlayer/../RIOT/bin/core.a(kernel_init.o)
 .rodata.str1.1
                0x0000000008063958       0x13 /home/lotte/bachelor/aodvv2/riot/tlayer/../RIOT/bin/core.a(sched.o)
 .rodata.str1.1
                0x000000000806396b       0x1f /home/lotte/bachelor/aodvv2/riot/tlayer/../boards/native/bin/native_base.a(board_init.o)
 .rodata.str1.1
                0x000000000806398a       0x58 /home/lotte/bachelor/aodvv2/riot/tlayer/../boards/native/bin/native_base.a(native-led.o)
 .rodata.str1.1
                0x00000000080639e2       0x51 /home/lotte/bachelor/aodvv2/riot/tlayer/../boards/native/bin/native_base.a(native-uart0.o)
 .rodata.str1.1
                0x0000000008063a33      0x251 /home/lotte/bachelor/aodvv2/riot/tlayer/bin/tlayer.a(main.o)
                                        0x252 (size before relaxing)
 .rodata        0x0000000008063c84       0xd8 /home/lotte/bachelor/aodvv2/riot/tlayer/bin/tlayer.a(main.o)
                0x0000000008063c84                shell_commands
 *fill*         0x0000000008063d5c        0x4 
 .rodata.cst8   0x0000000008063d60        0x8 /home/lotte/bachelor/aodvv2/riot/tlayer/bin/tlayer.a(tlayer_shell.o)
 .rodata.str1.1
                0x0000000008063d68      0x4c9 /home/lotte/bachelor/aodvv2/riot/tlayer/bin/tlayer.a(tlayer_shell.o)
                                        0x4d3 (size before relaxing)
 .rodata.str1.1
                0x0000000008064231      0x118 /home/lotte/bachelor/aodvv2/riot/tlayer/bin/tlayer.a(tlayer_tcp.o)
                                        0x11a (size before relaxing)
 .rodata.str1.1
                0x0000000008064349       0x45 /home/lotte/bachelor/aodvv2/riot/tlayer/bin/tlayer.a(tlayer_udp.o)
 .rodata.str1.1
                0x000000000806438e       0x65 /home/lotte/bachelor/aodvv2/riot/tlayer/../RIOT/bin/shell.a(shell.o)
                                         0x67 (size before relaxing)
 .rodata.str1.1
                0x00000000080643f3      0x197 /home/lotte/bachelor/aodvv2/riot/tlayer/../RIOT/bin/shell_commands.a(shell_commands.o)
                                        0x19e (size before relaxing)
 *fill*         0x000000000806458a        0x2 
 .rodata        0x000000000806458c       0x6c /home/lotte/bachelor/aodvv2/riot/tlayer/../RIOT/bin/shell_commands.a(shell_commands.o)
                0x000000000806458c                _shell_command_list
 .rodata.str1.1
                0x00000000080645f8       0x39 /home/lotte/bachelor/aodvv2/riot/tlayer/../RIOT/bin/shell_commands.a(sc_id.o)
 .rodata.str1.1
                0x0000000008064631      0x121 /home/lotte/bachelor/aodvv2/riot/tlayer/../RIOT/bin/shell_commands.a(sc_nativenet.o)
                                        0x123 (size before relaxing)
 .rodata.str1.1
                0x0000000008064752       0x3e /home/lotte/bachelor/aodvv2/riot/tlayer/../RIOT/bin/shell_commands.a(sc_ltc4150.o)
 .rodata        0x0000000008064790       0x60 /home/lotte/bachelor/aodvv2/riot/tlayer/../RIOT/bin/transceiver.a(transceiver.o)
 .rodata.str1.1
                0x00000000080647f0       0x5b /home/lotte/bachelor/aodvv2/riot/tlayer/../RIOT/bin/transceiver.a(transceiver.o)
 .rodata.str1.1
                0x000000000806484b       0x35 /home/lotte/bachelor/aodvv2/riot/tlayer/../RIOT/bin/sixlowpan.a(border.o)
 .rodata.str1.1
                0x0000000008064880       0x67 /home/lotte/bachelor/aodvv2/riot/tlayer/../RIOT/bin/sixlowpan.a(bordermultiplex.o)
 .rodata.str1.1
                0x00000000080648e7       0x32 /home/lotte/bachelor/aodvv2/riot/tlayer/../RIOT/bin/sixlowpan.a(flowcontrol.o)
 .rodata.str1.1
                0x0000000008064919       0xda /home/lotte/bachelor/aodvv2/riot/tlayer/../RIOT/bin/sixlowpan.a(icmp.o)
                                         0xdc (size before relaxing)
 *fill*         0x00000000080649f3        0x1 
 .rodata        0x00000000080649f4       0x24 /home/lotte/bachelor/aodvv2/riot/tlayer/../RIOT/bin/sixlowpan.a(ip.o)
 .rodata.str1.1
                0x0000000008064a18      0x240 /home/lotte/bachelor/aodvv2/riot/tlayer/../RIOT/bin/sixlowpan.a(ip.o)
                                        0x244 (size before relaxing)
 .rodata.str1.1
                0x0000000008064c58       0xe8 /home/lotte/bachelor/aodvv2/riot/tlayer/../RIOT/bin/sixlowpan.a(lowpan.o)
 .rodata        0x0000000008064d40        0x4 /home/lotte/bachelor/aodvv2/riot/tlayer/../RIOT/bin/sixlowpan.a(lowpan.o)
 .rodata.str1.1
                0x0000000008064d44       0x36 /home/lotte/bachelor/aodvv2/riot/tlayer/../RIOT/bin/sixlowpan.a(mac.o)
 .rodata.str1.1
                0x0000000008064d7a       0x78 /home/lotte/bachelor/aodvv2/riot/tlayer/../RIOT/bin/destiny.a(destiny.o)
 *fill*         0x0000000008064df2        0x6 
 .rodata.cst8   0x0000000008064df8       0x20 /home/lotte/bachelor/aodvv2/riot/tlayer/../RIOT/bin/destiny.a(socket.o)
                                         0x28 (size before relaxing)
 .rodata.cst4   0x0000000008064e18        0x4 /home/lotte/bachelor/aodvv2/riot/tlayer/../RIOT/bin/destiny.a(socket.o)
 .rodata        0x0000000008064e1c       0x14 /home/lotte/bachelor/aodvv2/riot/tlayer/../RIOT/bin/destiny.a(socket.o)
 .rodata.str1.1
                0x0000000008064e30      0x359 /home/lotte/bachelor/aodvv2/riot/tlayer/../RIOT/bin/destiny.a(socket.o)
                                        0x360 (size before relaxing)
 .rodata.str1.1
                0x0000000008065189      0x238 /home/lotte/bachelor/aodvv2/riot/tlayer/../RIOT/bin/destiny.a(tcp.o)
                                        0x241 (size before relaxing)
 .rodata.cst8   0x0000000000000000       0x10 /home/lotte/bachelor/aodvv2/riot/tlayer/../RIOT/bin/destiny.a(tcp_timer.o)
 .rodata.str1.1
                0x00000000080653c1       0x58 /home/lotte/bachelor/aodvv2/riot/tlayer/../RIOT/bin/destiny.a(udp.o)
 .rodata.str1.1
                0x0000000008065419       0x18 /home/lotte/bachelor/aodvv2/riot/tlayer/../RIOT/bin/uart0.a(uart0.o)
 *fill*         0x0000000008065431        0x7 
 .rodata.cst8   0x0000000008065438       0x28 /home/lotte/bachelor/aodvv2/riot/tlayer/../RIOT/bin/ltc4150.a(ltc4150.o)
                                         0x50 (size before relaxing)
 .rodata.str1.1
                0x0000000008065460       0x11 /home/lotte/bachelor/aodvv2/riot/tlayer/../RIOT/bin/core.a(hwtimer.o)
 .rodata.str1.1
                0x0000000008065471       0x16 /home/lotte/bachelor/aodvv2/riot/tlayer/../RIOT/bin/sys.a(chardev_thread.o)
 .rodata.str1.1
                0x0000000008065487       0x20 /home/lotte/bachelor/aodvv2/riot/tlayer/../RIOT/bin/timex.a(timex.o)
 .rodata.str1.1
                0x00000000080654a7      0x122 /home/lotte/bachelor/aodvv2/riot/tlayer/../RIOT/bin/ieee802154.a(ieee802154_frame.o)
 .rodata.str1.1
                0x00000000080655c9       0x7b /home/lotte/bachelor/aodvv2/riot/tlayer/../boards/native/bin/native_base.a(board_config.o)
 .rodata.str1.1
                0x0000000008065644       0x56 /home/lotte/bachelor/aodvv2/riot/tlayer/../boards/native/bin/native_base.a(native-ltc4150.o)
 *fill*         0x000000000806569a        0x6 
 .rodata.cst8   0x00000000080656a0        0x8 /home/lotte/bachelor/aodvv2/riot/tlayer/../RIOT/bin/ps.a(ps.o)
 .rodata.str1.1
                0x00000000080656a8       0xec /home/lotte/bachelor/aodvv2/riot/tlayer/../RIOT/bin/ps.a(ps.o)
                                         0xf4 (size before relaxing)
 .rodata        0x0000000008065794        0x2 /home/lotte/bachelor/aodvv2/riot/tlayer/../RIOT/bin/ps.a(ps.o)
 .rodata.str1.1
                0x0000000008065796       0x3b /home/lotte/bachelor/aodvv2/riot/tlayer/../RIOT/bin/net_help.a(net_help.o)
                                         0x40 (size before relaxing)
 .rodata.str1.1
                0x00000000080657d1       0x2f /home/lotte/bachelor/aodvv2/riot/tlayer/../RIOT/bin/cpu.a(hwtimer_cpu.o)

.rodata1
 *(.rodata1)

.eh_frame_hdr   0x0000000008065800       0x24
 *(.eh_frame_hdr)
 .eh_frame_hdr  0x0000000008065800       0x24 /usr/lib32/libc_nonshared.a(elf-init.oS)

.eh_frame       0x0000000008065824       0x90
 *(.eh_frame)
 .eh_frame      0x0000000008065824       0x3c /usr/lib/gcc/x86_64-linux-gnu/4.7/../../../../lib32/crt1.o
                                         0x40 (size before relaxing)
 .eh_frame      0x0000000008065860       0x50 /usr/lib32/libc_nonshared.a(elf-init.oS)
                                         0x7c (size before relaxing)
 .eh_frame      0x00000000080658b0        0x4 /usr/lib/gcc/x86_64-linux-gnu/4.7/32/crtend.o

.gcc_except_table
 *(.gcc_except_table .gcc_except_table.*)

.exception_ranges
 *(.exception_ranges .exception_ranges*)
                0x00000000080658b4                . = (ALIGN (0x1000) - ((0x1000 - .) & 0xfff))
                0x0000000008066f04                . = DATA_SEGMENT_ALIGN (0x1000, 0x1000)

.eh_frame
 *(.eh_frame)

.gcc_except_table
 *(.gcc_except_table .gcc_except_table.*)

.exception_ranges
 *(.exception_ranges .exception_ranges*)

.tdata
 *(.tdata .tdata.* .gnu.linkonce.td.*)

.tbss
 *(.tbss .tbss.* .gnu.linkonce.tb.*)
 *(.tcommon)

.preinit_array  0x0000000008066f04        0x0
                0x0000000008066f04                PROVIDE (__preinit_array_start, .)
 *(.preinit_array)
                0x0000000008066f04                PROVIDE (__preinit_array_end, .)

.init_array     0x0000000008066f04        0x8
                0x0000000008066f04                PROVIDE (__init_array_start, .)
 *(SORT(.init_array.*) SORT(.ctors.*))
 *(.init_array)
 .init_array    0x0000000008066f04        0x4 /usr/lib/gcc/x86_64-linux-gnu/4.7/32/crtbegin.o
 .init_array    0x0000000008066f08        0x4 /home/lotte/bachelor/aodvv2/riot/tlayer/../RIOT/bin/startup.o
 *(EXCLUDE_FILE(*crtend?.o *crtend.o *crtbegin?.o *crtbegin.o) .ctors)
                0x0000000008066f0c                PROVIDE (__init_array_end, .)

.fini_array     0x0000000008066f0c        0x4
                0x0000000008066f0c                PROVIDE (__fini_array_start, .)
 *(SORT(.fini_array.*) SORT(.dtors.*))
 *(.fini_array)
 .fini_array    0x0000000008066f0c        0x4 /usr/lib/gcc/x86_64-linux-gnu/4.7/32/crtbegin.o
 *(EXCLUDE_FILE(*crtend?.o *crtend.o *crtbegin?.o *crtbegin.o) .dtors)
                0x0000000008066f10                PROVIDE (__fini_array_end, .)

.ctors
 *crtbegin.o(.ctors)
 *crtbegin?.o(.ctors)
 *(EXCLUDE_FILE(*crtend?.o *crtend.o) .ctors)
 *(SORT(.ctors.*))
 *(.ctors)

.dtors
 *crtbegin.o(.dtors)
 *crtbegin?.o(.dtors)
 *(EXCLUDE_FILE(*crtend?.o *crtend.o) .dtors)
 *(SORT(.dtors.*))
 *(.dtors)

.jcr            0x0000000008066f10        0x4
 *(.jcr)
 .jcr           0x0000000008066f10        0x0 /usr/lib/gcc/x86_64-linux-gnu/4.7/32/crtbegin.o
 .jcr           0x0000000008066f10        0x4 /usr/lib/gcc/x86_64-linux-gnu/4.7/32/crtend.o

.data.rel.ro
 *(.data.rel.ro.local* .gnu.linkonce.d.rel.ro.local.*)
 *(.data.rel.ro .data.rel.ro.* .gnu.linkonce.d.rel.ro.*)

.dynamic        0x0000000008066f14       0xe8
 *(.dynamic)
 .dynamic       0x0000000008066f14       0xe8 /usr/lib/gcc/x86_64-linux-gnu/4.7/../../../../lib32/crt1.o
                0x0000000008066f14                _DYNAMIC

.got            0x0000000008066ffc        0x4
 *(.got)
 .got           0x0000000008066ffc        0x4 /usr/lib/gcc/x86_64-linux-gnu/4.7/../../../../lib32/crt1.o
 *(.igot)
                0x0000000008067ff4                . = DATA_SEGMENT_RELRO_END (., (SIZEOF (.got.plt) >= 0xc)?0xc:0x0)

.got.plt        0x0000000008067000       0xfc
 *(.got.plt)
 .got.plt       0x0000000008067000       0xfc /usr/lib/gcc/x86_64-linux-gnu/4.7/../../../../lib32/crt1.o
                0x0000000008067000                _GLOBAL_OFFSET_TABLE_
 *(.igot.plt)
 .igot.plt      0x0000000000000000        0x0 /usr/lib/gcc/x86_64-linux-gnu/4.7/../../../../lib32/crt1.o

.data           0x00000000080670fc       0x4c
 *(.data .data.* .gnu.linkonce.d.*)
 .data          0x00000000080670fc        0x4 /usr/lib/gcc/x86_64-linux-gnu/4.7/../../../../lib32/crt1.o
                0x00000000080670fc                data_start
                0x00000000080670fc                __data_start
 .data          0x0000000008067100        0x0 /usr/lib/gcc/x86_64-linux-gnu/4.7/../../../../lib32/crti.o
 .data          0x0000000008067100        0x4 /usr/lib/gcc/x86_64-linux-gnu/4.7/32/crtbegin.o
                0x0000000008067100                __dso_handle
 .data          0x0000000008067104        0x0 /home/lotte/bachelor/aodvv2/riot/tlayer/../RIOT/bin/startup.o
 .data          0x0000000008067104        0x0 /home/lotte/bachelor/aodvv2/riot/tlayer/../RIOT/bin/nativenet.a(tap.o)
 .data          0x0000000008067104        0x0 /home/lotte/bachelor/aodvv2/riot/tlayer/../RIOT/bin/nativenet.a(interface.o)
 .data          0x0000000008067104        0x0 /home/lotte/bachelor/aodvv2/riot/tlayer/../RIOT/bin/cpu.a(irq_cpu.o)
 .data          0x0000000008067104        0x0 /home/lotte/bachelor/aodvv2/riot/tlayer/../RIOT/bin/cpu.a(lpm_cpu.o)
 .data          0x0000000008067104        0x0 /home/lotte/bachelor/aodvv2/riot/tlayer/../RIOT/bin/cpu.a(native_cpu.o)
 .data          0x0000000008067104        0x0 /home/lotte/bachelor/aodvv2/riot/tlayer/../RIOT/bin/cpu.a(tramp.o)
 .data          0x0000000008067104        0x8 /home/lotte/bachelor/aodvv2/riot/tlayer/../RIOT/bin/core.a(kernel_init.o)
                0x0000000008067104                main_name
                0x0000000008067108                idle_name
 .data          0x000000000806710c        0x0 /home/lotte/bachelor/aodvv2/riot/tlayer/../RIOT/bin/core.a(msg.o)
 .data          0x000000000806710c        0x0 /home/lotte/bachelor/aodvv2/riot/tlayer/../RIOT/bin/core.a(queue.o)
 .data          0x000000000806710c        0x4 /home/lotte/bachelor/aodvv2/riot/tlayer/../RIOT/bin/core.a(sched.o)
                0x000000000806710c                last_pid
 .data          0x0000000008067110        0x0 /home/lotte/bachelor/aodvv2/riot/tlayer/../RIOT/bin/core.a(thread.o)
 .data          0x0000000008067110        0x0 /home/lotte/bachelor/aodvv2/riot/tlayer/../RIOT/bin/core.a(cib.o)
 .data          0x0000000008067110        0x0 /home/lotte/bachelor/aodvv2/riot/tlayer/../RIOT/bin/core.a(clist.o)
 .data          0x0000000008067110        0x0 /home/lotte/bachelor/aodvv2/riot/tlayer/../boards/native/bin/native_base.a(board_init.o)
 .data          0x0000000008067110        0x0 /home/lotte/bachelor/aodvv2/riot/tlayer/../boards/native/bin/native_base.a(native-led.o)
 .data          0x0000000008067110        0x0 /home/lotte/bachelor/aodvv2/riot/tlayer/../boards/native/bin/native_base.a(native-uart0.o)
 .data          0x0000000008067110        0x0 /home/lotte/bachelor/aodvv2/riot/tlayer/bin/tlayer.a(main.o)
 .data          0x0000000008067110        0x1 /home/lotte/bachelor/aodvv2/riot/tlayer/bin/tlayer.a(tlayer_shell.o)
                0x0000000008067110                tcp_send_pid
 *fill*         0x0000000008067111        0x3 
 .data          0x0000000008067114        0x4 /home/lotte/bachelor/aodvv2/riot/tlayer/bin/tlayer.a(tlayer_tcp.o)
                0x0000000008067114                tcp_socket_id
 .data          0x0000000008067118        0x0 /home/lotte/bachelor/aodvv2/riot/tlayer/bin/tlayer.a(tlayer_udp.o)
 .data          0x0000000008067118        0x0 /home/lotte/bachelor/aodvv2/riot/tlayer/../RIOT/bin/auto_init.a(auto_init.o)
 .data          0x0000000008067118        0x4 /home/lotte/bachelor/aodvv2/riot/tlayer/../RIOT/bin/vtimer.a(vtimer.o)
 .data          0x000000000806711c        0x0 /home/lotte/bachelor/aodvv2/riot/tlayer/../RIOT/bin/shell.a(shell.o)
 .data          0x000000000806711c        0x0 /home/lotte/bachelor/aodvv2/riot/tlayer/../RIOT/bin/shell_commands.a(shell_commands.o)
 .data          0x000000000806711c        0x0 /home/lotte/bachelor/aodvv2/riot/tlayer/../RIOT/bin/shell_commands.a(sc_id.o)
 .data          0x000000000806711c        0x0 /home/lotte/bachelor/aodvv2/riot/tlayer/../RIOT/bin/shell_commands.a(sc_nativenet.o)
 .data          0x000000000806711c        0x0 /home/lotte/bachelor/aodvv2/riot/tlayer/../RIOT/bin/shell_commands.a(sc_ltc4150.o)
 .data          0x000000000806711c        0x0 /home/lotte/bachelor/aodvv2/riot/tlayer/../RIOT/bin/shell_commands.a(sc_ps.o)
 .data          0x000000000806711c        0x0 /home/lotte/bachelor/aodvv2/riot/tlayer/../RIOT/bin/config.a(config.o)
 .data          0x000000000806711c        0x4 /home/lotte/bachelor/aodvv2/riot/tlayer/../RIOT/bin/transceiver.a(transceiver.o)
                0x000000000806711c                transceiver_pid
 .data          0x0000000008067120        0x0 /home/lotte/bachelor/aodvv2/riot/tlayer/../RIOT/bin/sixlowpan.a(border.o)
 .data          0x0000000008067120        0x0 /home/lotte/bachelor/aodvv2/riot/tlayer/../RIOT/bin/sixlowpan.a(bordermultiplex.o)
 .data          0x0000000008067120        0x2 /home/lotte/bachelor/aodvv2/riot/tlayer/../RIOT/bin/sixlowpan.a(flowcontrol.o)
                0x0000000008067120                synack_seqnum
 *fill*         0x0000000008067122        0x2 
 .data          0x0000000008067124        0x0 /home/lotte/bachelor/aodvv2/riot/tlayer/../RIOT/bin/sixlowpan.a(icmp.o)
 .data          0x0000000008067124        0x0 /home/lotte/bachelor/aodvv2/riot/tlayer/../RIOT/bin/sixlowpan.a(ip.o)
 .data          0x0000000008067124        0x1 /home/lotte/bachelor/aodvv2/riot/tlayer/../RIOT/bin/sixlowpan.a(lowpan.o)
 *fill*         0x0000000008067125        0x3 
 .data          0x0000000008067128        0x0 /home/lotte/bachelor/aodvv2/riot/tlayer/../RIOT/bin/sixlowpan.a(mac.o)
 .data          0x0000000008067128        0x0 /home/lotte/bachelor/aodvv2/riot/tlayer/../RIOT/bin/sixlowpan.a(serialnumber.o)
 .data          0x0000000008067128        0x0 /home/lotte/bachelor/aodvv2/riot/tlayer/../RIOT/bin/semaphore.a(semaphore.o)
 .data          0x0000000008067128        0x0 /home/lotte/bachelor/aodvv2/riot/tlayer/../RIOT/bin/destiny.a(destiny.o)
 .data          0x0000000008067128        0x0 /home/lotte/bachelor/aodvv2/riot/tlayer/../RIOT/bin/destiny.a(socket.o)
 .data          0x0000000008067128        0x0 /home/lotte/bachelor/aodvv2/riot/tlayer/../RIOT/bin/destiny.a(tcp.o)
 .data          0x0000000008067128        0x0 /home/lotte/bachelor/aodvv2/riot/tlayer/../RIOT/bin/destiny.a(tcp_timer.o)
 .data          0x0000000008067128        0x0 /home/lotte/bachelor/aodvv2/riot/tlayer/../RIOT/bin/destiny.a(udp.o)
 .data          0x0000000008067128        0x0 /home/lotte/bachelor/aodvv2/riot/tlayer/../RIOT/bin/destiny.a(msg_help.o)
 .data          0x0000000008067128        0x0 /home/lotte/bachelor/aodvv2/riot/tlayer/../RIOT/bin/uart0.a(uart0.o)
 .data          0x0000000008067128        0x0 /home/lotte/bachelor/aodvv2/riot/tlayer/../RIOT/bin/posix.a(posix_io.o)
 .data          0x0000000008067128        0x0 /home/lotte/bachelor/aodvv2/riot/tlayer/../RIOT/bin/ltc4150.a(ltc4150.o)
 .data          0x0000000008067128        0x0 /home/lotte/bachelor/aodvv2/riot/tlayer/../RIOT/bin/core.a(hwtimer.o)
 .data          0x0000000008067128        0x0 /home/lotte/bachelor/aodvv2/riot/tlayer/../RIOT/bin/core.a(lifo.o)
 .data          0x0000000008067128        0x0 /home/lotte/bachelor/aodvv2/riot/tlayer/../RIOT/bin/core.a(mutex.o)
 .data          0x0000000008067128        0x0 /home/lotte/bachelor/aodvv2/riot/tlayer/../RIOT/bin/sys.a(chardev_thread.o)
 .data          0x0000000008067128        0x0 /home/lotte/bachelor/aodvv2/riot/tlayer/../RIOT/bin/timex.a(timex.o)
 .data          0x0000000008067128        0x0 /home/lotte/bachelor/aodvv2/riot/tlayer/../RIOT/bin/lib.a(ringbuffer.o)
 .data          0x0000000008067128        0x0 /home/lotte/bachelor/aodvv2/riot/tlayer/../RIOT/bin/ieee802154.a(ieee802154_frame.o)
 .data          0x0000000008067128        0x0 /home/lotte/bachelor/aodvv2/riot/tlayer/../boards/native/bin/native_base.a(board_config.o)
 .data          0x0000000008067128        0x0 /home/lotte/bachelor/aodvv2/riot/tlayer/../boards/native/bin/native_base.a(native-ltc4150.o)
 .data          0x0000000008067128       0x20 /home/lotte/bachelor/aodvv2/riot/tlayer/../RIOT/bin/ps.a(ps.o)
                0x0000000008067128                state_names
 .data          0x0000000008067148        0x0 /home/lotte/bachelor/aodvv2/riot/tlayer/../RIOT/bin/net_help.a(net_help.o)
 .data          0x0000000008067148        0x0 /home/lotte/bachelor/aodvv2/riot/tlayer/../RIOT/bin/cpu.a(atomic_cpu.o)
 .data          0x0000000008067148        0x0 /home/lotte/bachelor/aodvv2/riot/tlayer/../RIOT/bin/cpu.a(hwtimer_cpu.o)
 .data          0x0000000008067148        0x0 /home/lotte/bachelor/aodvv2/riot/tlayer/../RIOT/bin/core.a(bitarithm.o)
 .data          0x0000000008067148        0x0 /usr/lib32/libc_nonshared.a(elf-init.oS)
 .data          0x0000000008067148        0x0 /usr/lib/gcc/x86_64-linux-gnu/4.7/32/crtend.o
 .data          0x0000000008067148        0x0 /usr/lib/gcc/x86_64-linux-gnu/4.7/../../../../lib32/crtn.o

.tm_clone_table
                0x0000000008067148        0x0
 .tm_clone_table
                0x0000000008067148        0x0 /usr/lib/gcc/x86_64-linux-gnu/4.7/32/crtbegin.o
 .tm_clone_table
                0x0000000008067148        0x0 /usr/lib/gcc/x86_64-linux-gnu/4.7/32/crtend.o

.data1
 *(.data1)
                0x0000000008067148                _edata = .
                0x0000000008067148                PROVIDE (edata, .)
                0x0000000008067148                . = .
                0x0000000008067148                __bss_start = .

.bss            0x0000000008067148    0x3d970
 *(.dynbss)
 .dynbss        0x0000000008067148        0x4 /usr/lib/gcc/x86_64-linux-gnu/4.7/../../../../lib32/crt1.o
                0x0000000008067148                stdin@@GLIBC_2.0
 *(.bss .bss.* .gnu.linkonce.b.*)
 .bss           0x000000000806714c        0x0 /usr/lib/gcc/x86_64-linux-gnu/4.7/../../../../lib32/crt1.o
 .bss           0x000000000806714c        0x0 /usr/lib/gcc/x86_64-linux-gnu/4.7/../../../../lib32/crti.o
 .bss           0x000000000806714c        0x1 /usr/lib/gcc/x86_64-linux-gnu/4.7/32/crtbegin.o
 *fill*         0x000000000806714d        0x3 
 .bss           0x0000000008067150        0x0 /home/lotte/bachelor/aodvv2/riot/tlayer/../RIOT/bin/startup.o
 .bss           0x0000000008067150        0x0 /home/lotte/bachelor/aodvv2/riot/tlayer/../RIOT/bin/nativenet.a(tap.o)
 .bss           0x0000000008067150      0x404 /home/lotte/bachelor/aodvv2/riot/tlayer/../RIOT/bin/nativenet.a(interface.o)
 .bss           0x0000000008067554     0x2490 /home/lotte/bachelor/aodvv2/riot/tlayer/../RIOT/bin/cpu.a(irq_cpu.o)
 .bss           0x00000000080699e4        0x4 /home/lotte/bachelor/aodvv2/riot/tlayer/../RIOT/bin/cpu.a(lpm_cpu.o)
 .bss           0x00000000080699e8     0x215c /home/lotte/bachelor/aodvv2/riot/tlayer/../RIOT/bin/cpu.a(native_cpu.o)
 .bss           0x000000000806bb44        0x0 /home/lotte/bachelor/aodvv2/riot/tlayer/../RIOT/bin/cpu.a(tramp.o)
 .bss           0x000000000806bb44     0x6004 /home/lotte/bachelor/aodvv2/riot/tlayer/../RIOT/bin/core.a(kernel_init.o)
                0x000000000806bb44                lpm_prevent_sleep
 .bss           0x0000000008071b48        0x0 /home/lotte/bachelor/aodvv2/riot/tlayer/../RIOT/bin/core.a(msg.o)
 .bss           0x0000000008071b48        0x0 /home/lotte/bachelor/aodvv2/riot/tlayer/../RIOT/bin/core.a(queue.o)
 .bss           0x0000000008071b48        0x8 /home/lotte/bachelor/aodvv2/riot/tlayer/../RIOT/bin/core.a(sched.o)
                0x0000000008071b48                num_tasks
 .bss           0x0000000008071b50        0x0 /home/lotte/bachelor/aodvv2/riot/tlayer/../RIOT/bin/core.a(thread.o)
 .bss           0x0000000008071b50        0x0 /home/lotte/bachelor/aodvv2/riot/tlayer/../RIOT/bin/core.a(cib.o)
 .bss           0x0000000008071b50        0x0 /home/lotte/bachelor/aodvv2/riot/tlayer/../RIOT/bin/core.a(clist.o)
 .bss           0x0000000008071b50        0x0 /home/lotte/bachelor/aodvv2/riot/tlayer/../boards/native/bin/native_base.a(board_init.o)
 .bss           0x0000000008071b50        0x0 /home/lotte/bachelor/aodvv2/riot/tlayer/../boards/native/bin/native_base.a(native-led.o)
 .bss           0x0000000008071b50        0x0 /home/lotte/bachelor/aodvv2/riot/tlayer/../boards/native/bin/native_base.a(native-uart0.o)
 .bss           0x0000000008071b50        0x0 /home/lotte/bachelor/aodvv2/riot/tlayer/bin/tlayer.a(main.o)
 .bss           0x0000000008071b50        0x0 /home/lotte/bachelor/aodvv2/riot/tlayer/bin/tlayer.a(tlayer_shell.o)
 .bss           0x0000000008071b50        0x3 /home/lotte/bachelor/aodvv2/riot/tlayer/bin/tlayer.a(tlayer_tcp.o)
 *fill*         0x0000000008071b53        0x1 
 .bss           0x0000000008071b54        0x0 /home/lotte/bachelor/aodvv2/riot/tlayer/bin/tlayer.a(tlayer_udp.o)
 .bss           0x0000000008071b54        0x0 /home/lotte/bachelor/aodvv2/riot/tlayer/../RIOT/bin/auto_init.a(auto_init.o)
 .bss           0x0000000008071b54       0x48 /home/lotte/bachelor/aodvv2/riot/tlayer/../RIOT/bin/vtimer.a(vtimer.o)
 .bss           0x0000000008071b9c        0x0 /home/lotte/bachelor/aodvv2/riot/tlayer/../RIOT/bin/shell.a(shell.o)
 .bss           0x0000000008071b9c        0x0 /home/lotte/bachelor/aodvv2/riot/tlayer/../RIOT/bin/shell_commands.a(shell_commands.o)
 .bss           0x0000000008071b9c        0x0 /home/lotte/bachelor/aodvv2/riot/tlayer/../RIOT/bin/shell_commands.a(sc_id.o)
 .bss           0x0000000008071b9c        0x0 /home/lotte/bachelor/aodvv2/riot/tlayer/../RIOT/bin/shell_commands.a(sc_nativenet.o)
 .bss           0x0000000008071b9c        0x0 /home/lotte/bachelor/aodvv2/riot/tlayer/../RIOT/bin/shell_commands.a(sc_ltc4150.o)
 .bss           0x0000000008071b9c        0x0 /home/lotte/bachelor/aodvv2/riot/tlayer/../RIOT/bin/shell_commands.a(sc_ps.o)
 .bss           0x0000000008071b9c        0x4 /home/lotte/bachelor/aodvv2/riot/tlayer/../RIOT/bin/config.a(config.o)
                0x0000000008071b9c                sysconfig
 .bss           0x0000000008071ba0        0x4 /home/lotte/bachelor/aodvv2/riot/tlayer/../RIOT/bin/transceiver.a(transceiver.o)
                0x0000000008071ba0                transceivers
 .bss           0x0000000008071ba4        0x0 /home/lotte/bachelor/aodvv2/riot/tlayer/../RIOT/bin/sixlowpan.a(border.o)
 .bss           0x0000000008071ba4        0x0 /home/lotte/bachelor/aodvv2/riot/tlayer/../RIOT/bin/sixlowpan.a(bordermultiplex.o)
 .bss           0x0000000008071ba4        0x0 /home/lotte/bachelor/aodvv2/riot/tlayer/../RIOT/bin/sixlowpan.a(flowcontrol.o)
 .bss           0x0000000008071ba4       0x44 /home/lotte/bachelor/aodvv2/riot/tlayer/../RIOT/bin/sixlowpan.a(icmp.o)
                0x0000000008071ba4                ipv6_ext_hdr_len
                0x0000000008071ba5                abr_count
                0x0000000008071ba6                nbr_count
                0x0000000008071ba7                def_rtr_count
                0x0000000008071ba8                rtr_sol_count
                0x0000000008071ba9                prefix_count
                0x0000000008071baa                icmpv6_opt_hdr_len
                0x0000000008071bab                recvd_cids_len
                0x0000000008071bac                recvd_pref_len
 .bss           0x0000000008071be8       0x14 /home/lotte/bachelor/aodvv2/riot/tlayer/../RIOT/bin/sixlowpan.a(ip.o)
                0x0000000008071be8                iface_addr_list_count
                0x0000000008071bec                udp_packet_handler_pid
                0x0000000008071bf0                tcp_packet_handler_pid
                0x0000000008071bf4                rpl_process_pid
                0x0000000008071bf8                ip_get_next_hop
 .bss           0x0000000008071bfc       0x24 /home/lotte/bachelor/aodvv2/riot/tlayer/../RIOT/bin/sixlowpan.a(lowpan.o)
                0x0000000008071bfc                header_size
                0x0000000008071bfd                max_frame
                0x0000000008071bfe                max_frag_initial
                0x0000000008071bff                first_frag
                0x0000000008071c00                nd_nbr_cache_rem_pid
                0x0000000008071c04                contexts_rem_pid
                0x0000000008071c08                transfer_pid
                0x0000000008071c0c                context_len
                0x0000000008071c0e                local_address
 .bss           0x0000000008071c20       0x27 /home/lotte/bachelor/aodvv2/riot/tlayer/../RIOT/bin/sixlowpan.a(mac.o)
 *fill*         0x0000000008071c47        0x1 
 .bss           0x0000000008071c48        0x0 /home/lotte/bachelor/aodvv2/riot/tlayer/../RIOT/bin/sixlowpan.a(serialnumber.o)
 .bss           0x0000000008071c48        0x0 /home/lotte/bachelor/aodvv2/riot/tlayer/../RIOT/bin/semaphore.a(semaphore.o)
 .bss           0x0000000008071c48        0x0 /home/lotte/bachelor/aodvv2/riot/tlayer/../RIOT/bin/destiny.a(destiny.o)
 .bss           0x0000000008071c48        0x0 /home/lotte/bachelor/aodvv2/riot/tlayer/../RIOT/bin/destiny.a(socket.o)
 .bss           0x0000000008071c48        0x0 /home/lotte/bachelor/aodvv2/riot/tlayer/../RIOT/bin/destiny.a(tcp.o)
 .bss           0x0000000008071c48        0x0 /home/lotte/bachelor/aodvv2/riot/tlayer/../RIOT/bin/destiny.a(tcp_timer.o)
 .bss           0x0000000008071c48        0x0 /home/lotte/bachelor/aodvv2/riot/tlayer/../RIOT/bin/destiny.a(udp.o)
 .bss           0x0000000008071c48        0x0 /home/lotte/bachelor/aodvv2/riot/tlayer/../RIOT/bin/destiny.a(msg_help.o)
 .bss           0x0000000008071c48     0x2120 /home/lotte/bachelor/aodvv2/riot/tlayer/../RIOT/bin/uart0.a(uart0.o)
 .bss           0x0000000008073d68        0x0 /home/lotte/bachelor/aodvv2/riot/tlayer/../RIOT/bin/posix.a(posix_io.o)
 .bss           0x0000000008073d68       0x10 /home/lotte/bachelor/aodvv2/riot/tlayer/../RIOT/bin/ltc4150.a(ltc4150.o)
 .bss           0x0000000008073d78       0x34 /home/lotte/bachelor/aodvv2/riot/tlayer/../RIOT/bin/core.a(hwtimer.o)
 .bss           0x0000000008073dac        0x0 /home/lotte/bachelor/aodvv2/riot/tlayer/../RIOT/bin/core.a(lifo.o)
 .bss           0x0000000008073dac        0x0 /home/lotte/bachelor/aodvv2/riot/tlayer/../RIOT/bin/core.a(mutex.o)
 .bss           0x0000000008073dac        0x0 /home/lotte/bachelor/aodvv2/riot/tlayer/../RIOT/bin/sys.a(chardev_thread.o)
 .bss           0x0000000008073dac        0x0 /home/lotte/bachelor/aodvv2/riot/tlayer/../RIOT/bin/timex.a(timex.o)
 .bss           0x0000000008073dac        0x0 /home/lotte/bachelor/aodvv2/riot/tlayer/../RIOT/bin/lib.a(ringbuffer.o)
 .bss           0x0000000008073dac        0x0 /home/lotte/bachelor/aodvv2/riot/tlayer/../RIOT/bin/ieee802154.a(ieee802154_frame.o)
 .bss           0x0000000008073dac        0x0 /home/lotte/bachelor/aodvv2/riot/tlayer/../boards/native/bin/native_base.a(board_config.o)
 .bss           0x0000000008073dac        0x4 /home/lotte/bachelor/aodvv2/riot/tlayer/../boards/native/bin/native_base.a(native-ltc4150.o)
 .bss           0x0000000008073db0        0x0 /home/lotte/bachelor/aodvv2/riot/tlayer/../RIOT/bin/ps.a(ps.o)
 .bss           0x0000000008073db0        0x0 /home/lotte/bachelor/aodvv2/riot/tlayer/../RIOT/bin/net_help.a(net_help.o)
 .bss           0x0000000008073db0        0x0 /home/lotte/bachelor/aodvv2/riot/tlayer/../RIOT/bin/cpu.a(atomic_cpu.o)
 .bss           0x0000000008073db0       0x70 /home/lotte/bachelor/aodvv2/riot/tlayer/../RIOT/bin/cpu.a(hwtimer_cpu.o)
 .bss           0x0000000008073e20        0x0 /home/lotte/bachelor/aodvv2/riot/tlayer/../RIOT/bin/core.a(bitarithm.o)
 .bss           0x0000000008073e20        0x0 /usr/lib32/libc_nonshared.a(elf-init.oS)
 .bss           0x0000000008073e20        0x0 /usr/lib/gcc/x86_64-linux-gnu/4.7/32/crtend.o
 .bss           0x0000000008073e20        0x0 /usr/lib/gcc/x86_64-linux-gnu/4.7/../../../../lib32/crtn.o
 *(COMMON)
 COMMON         0x0000000008073e20        0xa /home/lotte/bachelor/aodvv2/riot/tlayer/../RIOT/bin/nativenet.a(tap.o)
                0x0000000008073e20                _native_tap_fd
                0x0000000008073e24                _native_tap_mac
 COMMON         0x0000000008073e2a     0x3b36 /home/lotte/bachelor/aodvv2/riot/tlayer/../RIOT/bin/nativenet.a(interface.o)
                0x0000000008073e2a                _native_net_chan
                0x0000000008073e2c                _native_net_addr
                0x0000000008073e2e                _native_net_monitor
                0x0000000008073e30                _native_net_pan
                0x0000000008073e32                _nativenet_rx_buffer
 COMMON         0x0000000008077960     0x217c /home/lotte/bachelor/aodvv2/riot/tlayer/../RIOT/bin/cpu.a(irq_cpu.o)
                0x0000000008077960                sigalt_stk
                0x0000000008079960                native_interrupts_enabled
                0x0000000008079964                _native_saved_eip
                0x0000000008079968                _native_isr_ctx
                0x000000000807996c                _native_sigpend
                0x0000000008079970                _native_in_isr
                0x0000000008079974                process_heap_address
                0x0000000008079978                native_isr_context
                0x0000000008079ad4                _native_in_syscall
                0x0000000008079ad8                _native_cur_ctx
 COMMON         0x0000000008079adc       0x80 /home/lotte/bachelor/aodvv2/riot/tlayer/../RIOT/bin/cpu.a(native_cpu.o)
                0x0000000008079adc                _native_rfds
 COMMON         0x0000000008079b5c      0x10c /home/lotte/bachelor/aodvv2/riot/tlayer/../RIOT/bin/core.a(sched.o)
                0x0000000008079b5c                thread_pid
                0x0000000008079b60                runqueues
                0x0000000008079be0                sched_context_switch_request
                0x0000000008079be4                sched_threads
                0x0000000008079c64                active_thread
 COMMON         0x0000000008079c68       0x88 /home/lotte/bachelor/aodvv2/riot/tlayer/../boards/native/bin/native_base.a(native-uart0.o)
                0x0000000008079c68                _native_uart_in
                0x0000000008079c6c                _native_uart_out
                0x0000000008079c70                _native_uart_rfds
 COMMON         0x0000000008079cf0     0x57e7 /home/lotte/bachelor/aodvv2/riot/tlayer/bin/tlayer.a(tlayer_shell.o)
                0x0000000008079cf0                udp_server_thread_pid
                0x0000000008079cf1                udp_server_stack_buffer
                0x000000000807ae85                tcp_close_thread_stack
                0x000000000807c019                tcp_cht_pid
                0x000000000807c01a                tcp_server_thread_pid
                0x000000000807c01b                tcp_cht_stack_buffer
                0x000000000807d1af                tcp_send_stack_buffer
                0x000000000807e343                tcp_server_stack_buffer
 *fill*         0x000000000807f4d7        0x1 
 COMMON         0x000000000807f4d8      0x450 /home/lotte/bachelor/aodvv2/riot/tlayer/bin/tlayer.a(tlayer_tcp.o)
                0x000000000807f4d8                global_sequence_counter
                0x000000000807f4dc                recv_from_tcp_thread_stack2
                0x000000000807f6d0                current_message
                0x000000000807f724                global_sequence_clunter_mutex
                0x000000000807f734                recv_from_tcp_thread_stack1
 COMMON         0x000000000807f928     0x52e8 /home/lotte/bachelor/aodvv2/riot/tlayer/../RIOT/bin/transceiver.a(transceiver.o)
                0x000000000807f928                data_buffer
                0x0000000008080aac                msg_buffer
                0x0000000008080bac                transceiver_stack
                0x0000000008084bac                transceiver_buffer
                0x0000000008084bec                reg
                0x0000000008084c0c                response
 COMMON         0x0000000008084c10     0x221c /home/lotte/bachelor/aodvv2/riot/tlayer/../RIOT/bin/sixlowpan.a(border.o)
                0x0000000008084c10                abr_addr
                0x0000000008084c20                serial_reader_pid
                0x0000000008084c22                serial_out_buf
                0x0000000008084d27                serial_reader_stack
                0x0000000008086d27                serial_in_buf
 COMMON         0x0000000008086e2c     0x2364 /home/lotte/bachelor/aodvv2/riot/tlayer/../RIOT/bin/sixlowpan.a(flowcontrol.o)
                0x0000000008086e2c                connection_established
                0x0000000008086e3c                sending_slot_pid
                0x0000000008086e40                slwin_stat
                0x0000000008087090                sending_slot_stack
 COMMON         0x0000000008089190      0x278 /home/lotte/bachelor/aodvv2/riot/tlayer/../RIOT/bin/sixlowpan.a(icmp.o)
                0x0000000008089190                abr_cache
                0x00000000080891d4                nbr_cache
                0x00000000080892fc                recvd_prefixes
                0x0000000008089310                recvd_cids
                0x0000000008089320                plist
                0x00000000080893b1                def_rtr_lst
                0x00000000080893fc                def_rtr_entry
                0x0000000008089400                addr_list_ptr
                0x0000000008089404                nbr_entry
 COMMON         0x0000000008089408      0x424 /home/lotte/bachelor/aodvv2/riot/tlayer/../RIOT/bin/sixlowpan.a(ip.o)
                0x0000000008089408                msg_queue
                0x0000000008089608                icmp_buf
                0x000000000808960c                buffer
                0x0000000008089710                nextheader
                0x0000000008089714                ipv6_buf
                0x0000000008089718                ip_send_buffer
                0x000000000808981c                sixlowip_reg
 COMMON         0x000000000808982c    0x12720 /home/lotte/bachelor/aodvv2/riot/tlayer/../RIOT/bin/sixlowpan.a(lowpan.o)
                0x000000000808982c                iface
                0x0000000008089993                con_buf
                0x000000000808b994                tag
                0x000000000808b996                reas_buf
                0x000000000808bb96                contexts
                0x000000000808bcf6                position
                0x000000000808bcf7                ip_process_buf
                0x0000000008097cf8                ip_process_pid
                0x0000000008097cfc                lowpan_context_mutex
                0x0000000008097d0c                sixlowpan_reg
                0x0000000008097d1c                lowpan_transfer_buf
                0x0000000008099d1c                byte_offset
                0x0000000008099d1d                nc_buf
                0x000000000809bd1d                frag_size
                0x000000000809bd1e                laddr
                0x000000000809bd26                lladdr
                0x000000000809bd36                comp_len
                0x000000000809bd38                comp_buf
                0x000000000809bf38                max_frag
                0x000000000809bf3c                fifo_mutex
 COMMON         0x000000000809bf4c     0x27da /home/lotte/bachelor/aodvv2/riot/tlayer/../RIOT/bin/sixlowpan.a(mac.o)
                0x000000000809bf4c                transceiver_type
                0x000000000809bf50                msg_q
                0x000000000809c150                radio_stack_buffer
                0x000000000809e150                buf
 COMMON         0x000000000809e726     0x6000 /home/lotte/bachelor/aodvv2/riot/tlayer/../RIOT/bin/destiny.a(destiny.o)
                0x000000000809e726                tcp_timer_stack
                0x00000000080a0726                udp_stack_buffer
                0x00000000080a2726                tcp_stack_buffer
 COMMON         0x00000000080a4726      0x375 /home/lotte/bachelor/aodvv2/riot/tlayer/../RIOT/bin/destiny.a(socket.o)
                0x00000000080a4726                sockets
 *fill*         0x00000000080a4a9b        0x1 
 COMMON         0x00000000080a4a9c       0x18 /home/lotte/bachelor/aodvv2/riot/tlayer/../RIOT/bin/uart0.a(uart0.o)
                0x00000000080a4a9c                uart0_ringbuffer
                0x00000000080a4ab0                uart0_handler_pid
 COMMON         0x00000000080a4ab4        0x4 /home/lotte/bachelor/aodvv2/riot/tlayer/../RIOT/bin/ieee802154.a(ieee802154_frame.o)
                0x00000000080a4ab4                ieee802154_payload_len
                0x00000000080a4ab6                ieee802154_payload_ptr
                0x00000000080a4ab7                ieee802154_hdr_ptr
                0x00000000080a4ab8                . = ALIGN ((. != 0x0)?0x4:0x1)
                0x00000000080a4ab8                . = ALIGN (0x4)
                0x00000000080a4ab8                . = ALIGN (0x4)
                0x00000000080a4ab8                _end = .
                0x00000000080a4ab8                PROVIDE (end, .)
                0x00000000080a4ab8                . = DATA_SEGMENT_END (.)

.stab
 *(.stab)

.stabstr
 *(.stabstr)

.stab.excl
 *(.stab.excl)

.stab.exclstr
 *(.stab.exclstr)

.stab.index
 *(.stab.index)

.stab.indexstr
 *(.stab.indexstr)

.comment        0x0000000000000000       0x2a
 *(.comment)