Archive member included because of file (symbol)

/home/lotte/bachelor/aodvv2/aodvv2/../riot/RIOT/bin/nativenet.a(tap.o)
                              /home/lotte/bachelor/aodvv2/aodvv2/../riot/RIOT/bin/startup.o (tap_init)
/home/lotte/bachelor/aodvv2/aodvv2/../riot/RIOT/bin/nativenet.a(interface.o)
                              /home/lotte/bachelor/aodvv2/aodvv2/../riot/RIOT/bin/nativenet.a(tap.o) (_nativenet_handle_packet)
/home/lotte/bachelor/aodvv2/aodvv2/../riot/RIOT/bin/cpu.a(irq_cpu.o)
                              /home/lotte/bachelor/aodvv2/aodvv2/../riot/RIOT/bin/nativenet.a(tap.o) (_native_in_syscall)
/home/lotte/bachelor/aodvv2/aodvv2/../riot/RIOT/bin/cpu.a(lpm_cpu.o)
                              /home/lotte/bachelor/aodvv2/aodvv2/../riot/RIOT/bin/cpu.a(irq_cpu.o) (lpm_set)
/home/lotte/bachelor/aodvv2/aodvv2/../riot/RIOT/bin/cpu.a(native_cpu.o)
                              /home/lotte/bachelor/aodvv2/aodvv2/../riot/RIOT/bin/cpu.a(lpm_cpu.o) (_native_rfds)
/home/lotte/bachelor/aodvv2/aodvv2/../riot/RIOT/bin/cpu.a(tramp.o)
                              /home/lotte/bachelor/aodvv2/aodvv2/../riot/RIOT/bin/cpu.a(irq_cpu.o) (_native_sig_leave_tramp)
/home/lotte/bachelor/aodvv2/aodvv2/../riot/RIOT/bin/core.a(kernel_init.o)
                              /home/lotte/bachelor/aodvv2/aodvv2/../riot/RIOT/bin/startup.o (kernel_init)
/home/lotte/bachelor/aodvv2/aodvv2/../riot/RIOT/bin/core.a(msg.o)
                              /home/lotte/bachelor/aodvv2/aodvv2/../riot/RIOT/bin/nativenet.a(interface.o) (msg_send_int)
/home/lotte/bachelor/aodvv2/aodvv2/../riot/RIOT/bin/core.a(queue.o)
                              /home/lotte/bachelor/aodvv2/aodvv2/../riot/RIOT/bin/core.a(msg.o) (queue_priority_add)
/home/lotte/bachelor/aodvv2/aodvv2/../riot/RIOT/bin/core.a(sched.o)
                              /home/lotte/bachelor/aodvv2/aodvv2/../riot/RIOT/bin/cpu.a(irq_cpu.o) (active_thread)
/home/lotte/bachelor/aodvv2/aodvv2/../riot/RIOT/bin/core.a(thread.o)
                              /home/lotte/bachelor/aodvv2/aodvv2/../riot/RIOT/bin/core.a(kernel_init.o) (thread_create)
/home/lotte/bachelor/aodvv2/aodvv2/../riot/RIOT/bin/core.a(cib.o)
                              /home/lotte/bachelor/aodvv2/aodvv2/../riot/RIOT/bin/core.a(msg.o) (cib_get)
/home/lotte/bachelor/aodvv2/aodvv2/../riot/RIOT/bin/core.a(clist.o)
                              /home/lotte/bachelor/aodvv2/aodvv2/../riot/RIOT/bin/core.a(sched.o) (clist_add)
/home/lotte/bachelor/aodvv2/aodvv2/../riot/RIOT/../boards/native/bin/native_base.a(board_init.o)
                              /home/lotte/bachelor/aodvv2/aodvv2/../riot/RIOT/bin/startup.o (board_init)
/home/lotte/bachelor/aodvv2/aodvv2/../riot/RIOT/../boards/native/bin/native_base.a(native-led.o)
                              /home/lotte/bachelor/aodvv2/aodvv2/../riot/RIOT/../boards/native/bin/native_base.a(board_init.o) (_native_LED_GREEN_OFF)
/home/lotte/bachelor/aodvv2/aodvv2/../riot/RIOT/../boards/native/bin/native_base.a(native-uart0.o)
                              /home/lotte/bachelor/aodvv2/aodvv2/../riot/RIOT/bin/cpu.a(lpm_cpu.o) (_native_handle_uart0_input)
/home/lotte/bachelor/aodvv2/aodvv2/bin/aodvv2.a(main.o)
                              /usr/lib/gcc/x86_64-linux-gnu/4.7/../../../../lib32/crt1.o (main)
/home/lotte/bachelor/aodvv2/aodvv2/../riot/RIOT/bin/auto_init.a(auto_init.o)
                              /home/lotte/bachelor/aodvv2/aodvv2/../riot/RIOT/bin/core.a(kernel_init.o) (auto_init)
/home/lotte/bachelor/aodvv2/aodvv2/../riot/RIOT/bin/ltc4150.a(ltc4150.o)
                              /home/lotte/bachelor/aodvv2/aodvv2/../riot/RIOT/bin/auto_init.a(auto_init.o) (ltc4150_init)
/home/lotte/bachelor/aodvv2/aodvv2/../riot/RIOT/bin/posix.a(posix_io.o)
                              /home/lotte/bachelor/aodvv2/aodvv2/bin/aodvv2.a(main.o) (posix_open)
/home/lotte/bachelor/aodvv2/aodvv2/../riot/RIOT/bin/rtc.a(posix-rtc.o)
                              /home/lotte/bachelor/aodvv2/aodvv2/../riot/RIOT/bin/auto_init.a(auto_init.o) (rtc_enable)
/home/lotte/bachelor/aodvv2/aodvv2/../riot/RIOT/bin/shell.a(shell.o)
                              /home/lotte/bachelor/aodvv2/aodvv2/bin/aodvv2.a(main.o) (shell_init)
/home/lotte/bachelor/aodvv2/aodvv2/../riot/RIOT/bin/shell_commands.a(shell_commands.o)
                              /home/lotte/bachelor/aodvv2/aodvv2/../riot/RIOT/bin/shell.a(shell.o) (_shell_command_list)
/home/lotte/bachelor/aodvv2/aodvv2/../riot/RIOT/bin/shell_commands.a(sc_id.o)
                              /home/lotte/bachelor/aodvv2/aodvv2/../riot/RIOT/bin/shell_commands.a(shell_commands.o) (_id_handler)
/home/lotte/bachelor/aodvv2/aodvv2/../riot/RIOT/bin/shell_commands.a(sc_nativenet.o)
                              /home/lotte/bachelor/aodvv2/aodvv2/../riot/RIOT/bin/shell_commands.a(shell_commands.o) (_nativenet_get_set_address_handler)
/home/lotte/bachelor/aodvv2/aodvv2/../riot/RIOT/bin/shell_commands.a(sc_ltc4150.o)
[...]
Memory Configuration

Name             Origin             Length             Attributes
*default*        0x0000000000000000 0xffffffffffffffff

Linker script and memory map

LOAD /usr/lib/gcc/x86_64-linux-gnu/4.7/../../../../lib32/crt1.o
LOAD /usr/lib/gcc/x86_64-linux-gnu/4.7/../../../../lib32/crti.o
LOAD /usr/lib/gcc/x86_64-linux-gnu/4.7/32/crtbegin.o
LOAD /home/lotte/bachelor/aodvv2/aodvv2/../riot/RIOT/bin/startup.o
START GROUP
LOAD /home/lotte/bachelor/aodvv2/aodvv2/../riot/RIOT/bin/auto_init.a
LOAD /home/lotte/bachelor/aodvv2/aodvv2/../riot/RIOT/bin/config.a
LOAD /home/lotte/bachelor/aodvv2/aodvv2/../riot/RIOT/bin/ltc4150.a
LOAD /home/lotte/bachelor/aodvv2/aodvv2/../riot/RIOT/bin/nativenet.a
LOAD /home/lotte/bachelor/aodvv2/aodvv2/../riot/RIOT/bin/posix.a
LOAD /home/lotte/bachelor/aodvv2/aodvv2/../riot/RIOT/bin/ps.a
LOAD /home/lotte/bachelor/aodvv2/aodvv2/../riot/RIOT/bin/rtc.a
LOAD /home/lotte/bachelor/aodvv2/aodvv2/../riot/RIOT/bin/shell.a
LOAD /home/lotte/bachelor/aodvv2/aodvv2/../riot/RIOT/bin/shell_commands.a
LOAD /home/lotte/bachelor/aodvv2/aodvv2/../riot/RIOT/bin/transceiver.a
LOAD /home/lotte/bachelor/aodvv2/aodvv2/../riot/RIOT/bin/uart0.a
LOAD /home/lotte/bachelor/aodvv2/aodvv2/../riot/RIOT/bin/vtimer.a
LOAD /home/lotte/bachelor/aodvv2/aodvv2/../riot/RIOT/bin/cpu.a
LOAD /home/lotte/bachelor/aodvv2/aodvv2/../riot/RIOT/bin/core.a
LOAD /home/lotte/bachelor/aodvv2/aodvv2/../riot/RIOT/bin/sys.a
LOAD /home/lotte/bachelor/aodvv2/aodvv2/../riot/RIOT/bin/timex.a
LOAD /home/lotte/bachelor/aodvv2/aodvv2/../riot/RIOT/bin/lib.a
LOAD /home/lotte/bachelor/aodvv2/aodvv2/../riot/RIOT/../boards/native/bin/native_base.a
LOAD /home/lotte/bachelor/aodvv2/aodvv2/bin/aodvv2.a
LOAD /usr/lib/gcc/x86_64-linux-gnu/4.7/../../../../lib32/libm.so
END GROUP
LOAD /usr/lib/gcc/x86_64-linux-gnu/4.7/32/libgcc.a
LOAD /usr/lib/gcc/x86_64-linux-gnu/4.7/32/libgcc_s.so
LOAD /usr/lib/gcc/x86_64-linux-gnu/4.7/../../../../lib32/libc.so
START GROUP
LOAD /lib32/libc.so.6
LOAD /usr/lib32/libc_nonshared.a
LOAD /lib32/ld-linux.so.2
END GROUP
LOAD /usr/lib/gcc/x86_64-linux-gnu/4.7/32/libgcc.a
LOAD /usr/lib/gcc/x86_64-linux-gnu/4.7/32/libgcc_s.so
LOAD /usr/lib/gcc/x86_64-linux-gnu/4.7/32/crtend.o
LOAD /usr/lib/gcc/x86_64-linux-gnu/4.7/../../../../lib32/crtn.o
                0x0000000008048000                PROVIDE (__executable_start, 0x8048000)
                0x0000000008048154                . = (0x8048000 + SIZEOF_HEADERS)

.interp         0x0000000008048154       0x13
 *(.interp)
 .interp        0x0000000008048154       0x13 /usr/lib/gcc/x86_64-linux-gnu/4.7/../../../../lib32/crt1.o

.note.ABI-tag   0x0000000008048168       0x20
 .note.ABI-tag  0x0000000008048168       0x20 /usr/lib/gcc/x86_64-linux-gnu/4.7/../../../../lib32/crt1.o

.note.gnu.build-id
                0x0000000008048188       0x24
 *(.note.gnu.build-id)
 .note.gnu.build-id
                0x0000000008048188       0x24 /usr/lib/gcc/x86_64-linux-gnu/4.7/../../../../lib32/crt1.o

.hash
 *(.hash)

.gnu.hash       0x00000000080481ac       0x2c
 *(.gnu.hash)
 .gnu.hash      0x00000000080481ac       0x2c /usr/lib/gcc/x86_64-linux-gnu/4.7/../../../../lib32/crt1.o

.dynsym         0x00000000080481d8      0x3b0
 *(.dynsym)
 .dynsym        0x00000000080481d8      0x3b0 /usr/lib/gcc/x86_64-linux-gnu/4.7/../../../../lib32/crt1.o

.dynstr         0x0000000008048588      0x226
 *(.dynstr)
 .dynstr        0x0000000008048588      0x226 /usr/lib/gcc/x86_64-linux-gnu/4.7/../../../../lib32/crt1.o

.gnu.version    0x00000000080487ae       0x76
 *(.gnu.version)
 .gnu.version   0x00000000080487ae       0x76 /usr/lib/gcc/x86_64-linux-gnu/4.7/../../../../lib32/crt1.o

.gnu.version_d  0x0000000008048824        0x0
 *(.gnu.version_d)
 .gnu.version_d
                0x0000000000000000        0x0 /usr/lib/gcc/x86_64-linux-gnu/4.7/../../../../lib32/crt1.o

.gnu.version_r  0x0000000008048824       0x50
 *(.gnu.version_r)
 .gnu.version_r
                0x0000000008048824       0x50 /usr/lib/gcc/x86_64-linux-gnu/4.7/../../../../lib32/crt1.o

.rel.dyn        0x0000000008048874        0x8
 *(.rel.init)
 *(.rel.text .rel.text.* .rel.gnu.linkonce.t.*)
 .rel.text      0x0000000000000000        0x0 /usr/lib/gcc/x86_64-linux-gnu/4.7/../../../../lib32/crt1.o
 *(.rel.fini)
 *(.rel.rodata .rel.rodata.* .rel.gnu.linkonce.r.*)
 .rel.rodata    0x0000000000000000        0x0 /usr/lib/gcc/x86_64-linux-gnu/4.7/../../../../lib32/crt1.o
 *(.rel.data.rel.ro .rel.data.rel.ro.* .rel.gnu.linkonce.d.rel.ro.*)
 *(.rel.data .rel.data.* .rel.gnu.linkonce.d.*)
 *(.rel.tdata .rel.tdata.* .rel.gnu.linkonce.td.*)
 *(.rel.tbss .rel.tbss.* .rel.gnu.linkonce.tb.*)
 *(.rel.ctors)
 *(.rel.dtors)
 *(.rel.got)
 .rel.got       0x0000000008048874        0x8 /usr/lib/gcc/x86_64-linux-gnu/4.7/../../../../lib32/crt1.o
 *(.rel.bss .rel.bss.* .rel.gnu.linkonce.b.*)
 .rel.bss       0x0000000000000000        0x0 /usr/lib/gcc/x86_64-linux-gnu/4.7/../../../../lib32/crt1.o
 *(.rel.ifunc)

.rel.plt        0x000000000804887c      0x1b8
 *(.rel.plt)
 .rel.plt       0x000000000804887c      0x1b8 /usr/lib/gcc/x86_64-linux-gnu/4.7/../../../../lib32/crt1.o
                0x0000000008048a34                PROVIDE (__rel_iplt_start, .)
 *(.rel.iplt)
 .rel.iplt      0x0000000000000000        0x0 /usr/lib/gcc/x86_64-linux-gnu/4.7/../../../../lib32/crt1.o
                0x0000000008048a34                PROVIDE (__rel_iplt_end, .)

.init           0x0000000008048a34       0x23
 *(SORT(.init))
 .init          0x0000000008048a34       0x1e /usr/lib/gcc/x86_64-linux-gnu/4.7/../../../../lib32/crti.o
                0x0000000008048a34                _init
 .init          0x0000000008048a52        0x5 /usr/lib/gcc/x86_64-linux-gnu/4.7/../../../../lib32/crtn.o

.plt            0x0000000008048a60      0x380
 *(.plt)
 .plt           0x0000000008048a60      0x380 /usr/lib/gcc/x86_64-linux-gnu/4.7/../../../../lib32/crt1.o
                0x0000000008048a70                setitimer@@GLIBC_2.0
                0x0000000008048a80                strcmp@@GLIBC_2.0
                0x0000000008048a90                read@@GLIBC_2.0
                0x0000000008048aa0                printf@@GLIBC_2.0
                0x0000000008048ab0                sigprocmask@@GLIBC_2.0
                0x0000000008048ac0                free@@GLIBC_2.0
                0x0000000008048ad0                strdup@@GLIBC_2.0
                0x0000000008048ae0                memcpy@@GLIBC_2.0
                0x0000000008048af0                setcontext@@GLIBC_2.0
                0x0000000008048b00                clock_gettime@@GLIBC_2.17
                0x0000000008048b10                time@@GLIBC_2.0
                0x0000000008048b20                gettimeofday@@GLIBC_2.0
                0x0000000008048b30                select@@GLIBC_2.0
                0x0000000008048b40                sigpending@@GLIBC_2.0
                0x0000000008048b50                htons@@GLIBC_2.0
                0x0000000008048b60                localtime_r@@GLIBC_2.0
                0x0000000008048b70                sigismember@@GLIBC_2.0
                0x0000000008048b80                strsignal@@GLIBC_2.0
                0x0000000008048b90                err@@GLIBC_2.0
                0x0000000008048ba0                asctime@@GLIBC_2.0
                0x0000000008048bb0                ioctl@@GLIBC_2.0
                0x0000000008048bc0                strcpy@@GLIBC_2.0
                0x0000000008048bd0                getpid@@GLIBC_2.0
                0x0000000008048be0                strtok_r@@GLIBC_2.0
                0x0000000008048bf0                malloc@@GLIBC_2.0
                0x0000000008048c00                puts@@GLIBC_2.0
                0x0000000008048c20                exit@@GLIBC_2.0
                0x0000000008048c30                open@@GLIBC_2.0
                0x0000000008048c40                strlen@@GLIBC_2.0
                0x0000000008048c50                __libc_start_main@@GLIBC_2.0
                0x0000000008048c60                write@@GLIBC_2.0
                0x0000000008048c70                sigdelset@@GLIBC_2.0
                0x0000000008048c80                getcontext@@GLIBC_2.1
                0x0000000008048c90                fcntl@@GLIBC_2.0
                0x0000000008048ca0                sigaddset@@GLIBC_2.0
                0x0000000008048cb0                warnx@@GLIBC_2.0
                0x0000000008048cc0                sigfillset@@GLIBC_2.0
                0x0000000008048cd0                __isoc99_sscanf@@GLIBC_2.7
                0x0000000008048ce0                memset@@GLIBC_2.0
                0x0000000008048cf0                snprintf@@GLIBC_2.0
                0x0000000008048d00                swapcontext@@GLIBC_2.1
                0x0000000008048d10                __errno_location@@GLIBC_2.0
                0x0000000008048d20                strncpy@@GLIBC_2.0
                0x0000000008048d30                makecontext@@GLIBC_2.1
                0x0000000008048d40                pipe@@GLIBC_2.0
                0x0000000008048d50                strtok@@GLIBC_2.0
                0x0000000008048d60                sigemptyset@@GLIBC_2.0
                0x0000000008048d70                warn@@GLIBC_2.0
                0x0000000008048d80                errx@@GLIBC_2.0
                0x0000000008048d90                ntohs@@GLIBC_2.0
                0x0000000008048da0                atoi@@GLIBC_2.0
                0x0000000008048db0                sigaction@@GLIBC_2.0
                0x0000000008048dc0                close@@GLIBC_2.0
                0x0000000008048dd0                sigaltstack@@GLIBC_2.0
 *(.iplt)
 .iplt          0x0000000000000000        0x0 /usr/lib/gcc/x86_64-linux-gnu/4.7/../../../../lib32/crt1.o

.text           0x0000000008048de0     0x7f44
 *(.text.unlikely .text.*_unlikely)
 *(.text.exit .text.exit.*)
 *(.text.startup .text.startup.*)
 *(.text.hot .text.hot.*)
 *(.text .stub .text.* .gnu.linkonce.t.*)
 .text          0x0000000008048de0       0x24 /usr/lib/gcc/x86_64-linux-gnu/4.7/../../../../lib32/crt1.o
                0x0000000008048de0                _start
 .text          0x0000000008048e04        0x0 /usr/lib/gcc/x86_64-linux-gnu/4.7/../../../../lib32/crti.o
 *fill*         0x0000000008048e04        0xc 
 .gnu.linkonce.t.__x86.get_pc_thunk.bx
                0x0000000008048e10        0x4 /usr/lib/gcc/x86_64-linux-gnu/4.7/../../../../lib32/crti.o
                0x0000000008048e10                __x86.get_pc_thunk.bx
 *fill*         0x0000000008048e14        0xc 
 .text          0x0000000008048e20       0xbc /usr/lib/gcc/x86_64-linux-gnu/4.7/32/crtbegin.o
 *fill*         0x0000000008048edc        0x4 
 .text          0x0000000008048ee0       0x88 /home/lotte/bachelor/aodvv2/aodvv2/../riot/RIOT/bin/startup.o
 *fill*         0x0000000008048f68        0x8 
 .text          0x0000000008048f70      0x653 /home/lotte/bachelor/aodvv2/aodvv2/../riot/RIOT/bin/nativenet.a(tap.o)
                0x0000000008048f70                _native_handle_tap_input
                0x00000000080490f0                _native_marshall_ethernet
                0x00000000080491f0                send_buf
                0x00000000080492b0                tap_init
 *fill*         0x00000000080495c3        0xd 
 .text          0x00000000080495d0      0x3d5 /home/lotte/bachelor/aodvv2/aodvv2/../riot/RIOT/bin/nativenet.a(interface.o)
                0x00000000080495d0                nativenet_init
                0x0000000008049600                nativenet_powerdown
                0x0000000008049610                nativenet_set_monitor
                0x0000000008049630                nativenet_set_channel
                0x0000000008049650                nativenet_get_channel
                0x0000000008049660                nativenet_set_pan
                0x0000000008049690                nativenet_get_pan
                0x00000000080496a0                nativenet_set_address
                0x00000000080496d0                nativenet_get_address
                0x00000000080496e0                nativenet_send
                0x0000000008049740                nativenet_switch_to_rx
                0x0000000008049750                _nativenet_register_cb
                0x00000000080497a0                _nativenet_unregister_cb
                0x00000000080497f0                do_cb
                0x0000000008049840                _nativenet_handle_packet
 *fill*         0x00000000080499a5        0xb 
 .text          0x00000000080499b0     0x1099 /home/lotte/bachelor/aodvv2/aodvv2/../riot/RIOT/bin/cpu.a(irq_cpu.o)
                0x00000000080499b0                print_thread_sigmask
                0x0000000008049ae0                print_sigmasks
                0x0000000008049b80                native_print_signals
                0x0000000008049de0                disableIRQ
                0x0000000008049f40                enableIRQ
                0x000000000804a070                restoreIRQ
                0x000000000804a0b0                inISR
                0x000000000804a0c0                dINT
                0x000000000804a0e0                eINT
                0x000000000804a100                _native_popsig
                0x000000000804a1d0                native_irq_handler
                0x000000000804a270                native_isr_entry
                0x000000000804a3a0                register_interrupt
                0x000000000804a4c0                unregister_interrupt
                0x000000000804a5d0                shutdown
                0x000000000804a600                native_interrupt_init
 *fill*         0x000000000804aa49        0x7 
 .text          0x000000000804aa50      0x206 /home/lotte/bachelor/aodvv2/aodvv2/../riot/RIOT/bin/cpu.a(lpm_cpu.o)
                0x000000000804aa50                lpm_init
                0x000000000804aa60                _native_lpm_sleep
                0x000000000804ab60                lpm_set
                0x000000000804ac20                lpm_awake
                0x000000000804ac30                lpm_begin_awake
                0x000000000804ac40                lpm_end_awake
                0x000000000804ac50                lpm_get
 *fill*         0x000000000804ac56        0xa 
 .text          0x000000000804ac60      0x338 /home/lotte/bachelor/aodvv2/aodvv2/../riot/RIOT/bin/cpu.a(native_cpu.o)
                0x000000000804ac60                thread_print_stack
                0x000000000804ac70                thread_stack_init
                0x000000000804adc0                cpu_switch_context_exit
                0x000000000804ae40                thread_yield
                0x000000000804aec0                native_cpu_init
 .text          0x000000000804af98       0x28 /home/lotte/bachelor/aodvv2/aodvv2/../riot/RIOT/bin/cpu.a(tramp.o)
                0x000000000804af98                _native_sig_leave_tramp
 .text          0x000000000804afc0      0x173 /home/lotte/bachelor/aodvv2/aodvv2/../riot/RIOT/bin/core.a(kernel_init.o)
                0x000000000804afc0                kernel_init
 *fill*         0x000000000804b133        0xd 
 .text          0x000000000804b140      0x73b /home/lotte/bachelor/aodvv2/aodvv2/../riot/RIOT/bin/core.a(msg.o)
                0x000000000804b140                msg_send
                0x000000000804b320                msg_send_int
                0x000000000804b440                msg_send_receive
                0x000000000804b4c0                msg_reply
                0x000000000804b580                msg_reply_int
                0x000000000804b610                msg_try_receive
                0x000000000804b7d0                msg_receive
                0x000000000804b800                msg_init_queue
 *fill*         0x000000000804b87b        0x5 
 .text          0x000000000804b880      0x226 /home/lotte/bachelor/aodvv2/aodvv2/../riot/RIOT/bin/core.a(queue.o)
                0x000000000804b880                queue_remove
                0x000000000804b8e0                queue_remove_head
                0x000000000804b920                queue_add_tail
                0x000000000804b970                queue_add_head
                0x000000000804b9a0                queue_priority_add
                0x000000000804ba20                queue_priority_add_generic
 *fill*         0x000000000804baa6        0xa 
 .text          0x000000000804bab0      0x447 /home/lotte/bachelor/aodvv2/aodvv2/../riot/RIOT/bin/core.a(sched.o)
                0x000000000804bab0                sched_init
                0x000000000804bb60                sched_run
                0x000000000804bd10                sched_set_status
                0x000000000804be30                sched_switch
                0x000000000804be90                sched_task_exit
 *fill*         0x000000000804bef7        0x9 
 .text          0x000000000804bf00      0x565 /home/lotte/bachelor/aodvv2/aodvv2/../riot/RIOT/bin/core.a(thread.o)
                0x000000000804bf00                thread_getpid
                0x000000000804bf10                thread_getlastpid
                0x000000000804bf20                thread_getstatus
                0x000000000804bf70                thread_getname
                0x000000000804bfc0                thread_sleep
                0x000000000804c010                thread_wakeup
                0x000000000804c0d0                thread_measure_stack_usage
                0x000000000804c120                thread_create
 *fill*         0x000000000804c465        0xb 
 .text          0x000000000804c470      0x123 /home/lotte/bachelor/aodvv2/aodvv2/../riot/RIOT/bin/core.a(cib.o)
                0x000000000804c470                cib_init
                0x000000000804c4b0                cib_avail
                0x000000000804c4d0                cib_get
                0x000000000804c530                cib_put
 *fill*         0x000000000804c593        0xd 
 .text          0x000000000804c5a0      0x108 /home/lotte/bachelor/aodvv2/aodvv2/../riot/RIOT/bin/core.a(clist.o)
                0x000000000804c5a0                clist_add
                0x000000000804c640                clist_remove
 *fill*         0x000000000804c6a8        0x8 
 .text          0x000000000804c6b0       0x2b /home/lotte/bachelor/aodvv2/aodvv2/../riot/RIOT/../boards/native/bin/native_base.a(board_init.o)
                0x000000000804c6b0                board_init
 *fill*         0x000000000804c6db        0x5 
 .text          0x000000000804c6e0       0xbc /home/lotte/bachelor/aodvv2/aodvv2/../riot/RIOT/../boards/native/bin/native_base.a(native-led.o)
                0x000000000804c6e0                _native_LED_GREEN_OFF
                0x000000000804c700                _native_LED_GREEN_ON
                0x000000000804c720                _native_LED_GREEN_TOGGLE
                0x000000000804c740                _native_LED_RED_OFF
                0x000000000804c760                _native_LED_RED_ON
                0x000000000804c780                _native_LED_RED_TOGGLE
 *fill*         0x000000000804c79c        0x4 
 .text          0x000000000804c7a0      0x1ff /home/lotte/bachelor/aodvv2/aodvv2/../riot/RIOT/../boards/native/bin/native_base.a(native-uart0.o)
                0x000000000804c7a0                _native_handle_uart0_input
                0x000000000804c8e0                _native_set_uart_fds
                0x000000000804c930                _native_init_uart0
                0x000000000804c960                putchar
 *fill*         0x000000000804c99f        0x1 
 .text          0x000000000804c9a0      0x346 /home/lotte/bachelor/aodvv2/aodvv2/bin/aodvv2.a(main.o)
                0x000000000804c9a0                radio
                0x000000000804cb30                main
 *fill*         0x000000000804cce6        0xa 
 .text          0x000000000804ccf0       0x34 /home/lotte/bachelor/aodvv2/aodvv2/../riot/RIOT/bin/auto_init.a(auto_init.o)
                0x000000000804ccf0                auto_init
 *fill*         0x000000000804cd24        0xc 
 .text          0x000000000804cd30      0x2b4 /home/lotte/bachelor/aodvv2/aodvv2/../riot/RIOT/bin/ltc4150.a(ltc4150.o)
                0x000000000804cd30                ltc4150_get_last_int_duration_us
                0x000000000804cd40                ltc4150_get_current_mA
                0x000000000804cd90                ltc4150_get_total_mAh
                0x000000000804ce30                ltc4150_get_total_Joule
                0x000000000804cea0                ltc4150_get_avg_mA
                0x000000000804cf00                ltc4150_get_interval
                0x000000000804cf10                ltc4150_get_intcount
                0x000000000804cf20                ltc4150_init
                0x000000000804cf30                ltc4150_start
                0x000000000804cf70                ltc4150_stop
                0x000000000804cf80                ltc4150_interrupt
 *fill*         0x000000000804cfe4        0xc 
 .text          0x000000000804cff0      0x1c8 /home/lotte/bachelor/aodvv2/aodvv2/../riot/RIOT/bin/posix.a(posix_io.o)
                0x000000000804cff0                posix_open
                0x000000000804d080                posix_close
                0x000000000804d0c0                posix_read
                0x000000000804d170                posix_write
 *fill*         0x000000000804d1b8        0x8 
 .text          0x000000000804d1c0      0x1ab /home/lotte/bachelor/aodvv2/aodvv2/../riot/RIOT/bin/rtc.a(posix-rtc.o)
                0x000000000804d1c0                rtc_init
                0x000000000804d1f0                rtc_enable
                0x000000000804d200                rtc_disable
                0x000000000804d210                rtc_set_localtime
                0x000000000804d240                rtc_get_localtime
                0x000000000804d2e0                rtc_time
 *fill*         0x000000000804d36b        0x5 
 .text          0x000000000804d370      0x4a7 /home/lotte/bachelor/aodvv2/aodvv2/../riot/RIOT/bin/shell.a(shell.o)
                0x000000000804d370                shell_run
                0x000000000804d5f0                shell_init
 *fill*         0x000000000804d817        0x1 
 .text          0x000000000804d818        0x0 /home/lotte/bachelor/aodvv2/aodvv2/../riot/RIOT/bin/shell_commands.a(shell_commands.o)
 *fill*         0x000000000804d818        0x8 
 .text          0x000000000804d820       0xa3 /home/lotte/bachelor/aodvv2/aodvv2/../riot/RIOT/bin/shell_commands.a(sc_id.o)
                0x000000000804d820                _id_handler
 *fill*         0x000000000804d8c3        0xd 
 .text          0x000000000804d8d0      0x40f /home/lotte/bachelor/aodvv2/aodvv2/../riot/RIOT/bin/shell_commands.a(sc_nativenet.o)
                0x000000000804d8d0                _nativenet_get_set_address_handler
                0x000000000804d990                _nativenet_get_set_channel_handler
                0x000000000804da40                _nativenet_send_handler
                0x000000000804dc30                _nativenet_monitor_handler
 *fill*         0x000000000804dcdf        0x1 
 .text          0x000000000804dce0       0xa6 /home/lotte/bachelor/aodvv2/aodvv2/../riot/RIOT/bin/shell_commands.a(sc_ltc4150.o)
                0x000000000804dce0                _get_current_handler
                0x000000000804dd70                _reset_current_handler
 *fill*         0x000000000804dd86        0xa 
 .text          0x000000000804dd90       0x16 /home/lotte/bachelor/aodvv2/aodvv2/../riot/RIOT/bin/shell_commands.a(sc_ps.o)
                0x000000000804dd90                _ps_handler
 *fill*         0x000000000804dda6        0xa 
 .text          0x000000000804ddb0      0x15c /home/lotte/bachelor/aodvv2/aodvv2/../riot/RIOT/bin/shell_commands.a(sc_rtc.o)
                0x000000000804ddb0                _gettime_handler
                0x000000000804ddf0                _settime_handler
                0x000000000804ded0                _date_handler
 *fill*         0x000000000804df0c        0x4 
 .text          0x000000000804df10      0xca7 /home/lotte/bachelor/aodvv2/aodvv2/../riot/RIOT/bin/transceiver.a(transceiver.o)
                0x000000000804df10                transceiver_init
                0x000000000804e020                transceiver_start
                0x000000000804e330                transceiver_register
 *fill*         0x000000000804ebb7        0x9 
 .text          0x000000000804ebc0      0x19f /home/lotte/bachelor/aodvv2/aodvv2/../riot/RIOT/bin/uart0.a(uart0.o)
                0x000000000804ebc0                board_uart0_init
                0x000000000804eca0                uart0_handle_incoming
                0x000000000804ecd0                uart0_notify_thread
                0x000000000804ed00                uart0_readc
                0x000000000804ed40                uart0_putc
 *fill*         0x000000000804ed5f        0x1 
 .text          0x000000000804ed60      0x757 /home/lotte/bachelor/aodvv2/aodvv2/../riot/RIOT/bin/vtimer.a(vtimer.o)
                0x000000000804ed60                vtimer_tick
                0x000000000804ef30                vtimer_callback
                0x000000000804eff0                normalize_to_tick
                0x000000000804f090                vtimer_now
                0x000000000804f0e0                vtimer_init
                0x000000000804f160                vtimer_set_wakeup
                0x000000000804f300                vtimer_usleep
                0x000000000804f350                vtimer_sleep
                0x000000000804f3a0                vtimer_remove
                0x000000000804f400                vtimer_set_msg
 *fill*         0x000000000804f4b7        0x9 
 .text          0x000000000804f4c0      0x483 /home/lotte/bachelor/aodvv2/aodvv2/../riot/RIOT/bin/core.a(hwtimer.o)
                0x000000000804f4c0                hwtimer_spin
                0x000000000804f510                hwtimer_init
                0x000000000804f530                hwtimer_init_comp
                0x000000000804f600                hwtimer_active
                0x000000000804f630                hwtimer_now
                0x000000000804f640                hwtimer_wait
                0x000000000804f700                hwtimer_set
                0x000000000804f890                hwtimer_set_absolute
                0x000000000804f8e0                hwtimer_remove
 *fill*         0x000000000804f943        0xd 
 .text          0x000000000804f950       0xe9 /home/lotte/bachelor/aodvv2/aodvv2/../riot/RIOT/bin/core.a(lifo.o)
                0x000000000804f950                lifo_empty
                0x000000000804f970                lifo_init
                0x000000000804f9c0                lifo_insert
                0x000000000804fa00                lifo_get
 *fill*         0x000000000804fa39        0x7 
 .text          0x000000000804fa40      0x25a /home/lotte/bachelor/aodvv2/aodvv2/../riot/RIOT/bin/core.a(mutex.o)
                0x000000000804fa40                mutex_init
                0x000000000804fa80                mutex_trylock
                0x000000000804fac0                prio
                0x000000000804fad0                mutex_lock
                0x000000000804fb20                mutex_wait
                0x000000000804fbd0                mutex_unlock
 *fill*         0x000000000804fc9a        0x6 
 .text          0x000000000804fca0      0x25b /home/lotte/bachelor/aodvv2/aodvv2/../riot/RIOT/bin/sys.a(chardev_thread.o)
                0x000000000804fca0                chardev_loop
 *fill*         0x000000000804fefb        0x5 
 .text          0x000000000804ff00      0x246 /home/lotte/bachelor/aodvv2/aodvv2/../riot/RIOT/bin/timex.a(timex.o)
                0x000000000804ff00                timex_add
                0x000000000804ff80                timex_normalize
                0x000000000804ffd0                timex_set
                0x0000000008050010                timex_sub
                0x0000000008050070                timex_cmp
                0x0000000008050110                timex_print
 *fill*         0x0000000008050146        0xa 
 .text          0x0000000008050150      0x24e /home/lotte/bachelor/aodvv2/aodvv2/../riot/RIOT/bin/lib.a(ringbuffer.o)
                0x0000000008050150                ringbuffer_init
                0x00000000080501b0                rb_add_elements
                0x0000000008050210                rb_add_element
                0x0000000008050290                rb_get_element
                0x0000000008050320                rb_get_elements
 *fill*         0x000000000805039e        0x2 
 .text          0x00000000080503a0       0x43 /home/lotte/bachelor/aodvv2/aodvv2/../riot/RIOT/../boards/native/bin/native_base.a(board_config.o)
                0x00000000080503a0                config_load
                0x00000000080503c0                config_save
 *fill*         0x00000000080503e3        0xd 
 .text          0x00000000080503f0      0x15c /home/lotte/bachelor/aodvv2/aodvv2/../riot/RIOT/../boards/native/bin/native_base.a(native-ltc4150.o)
                0x00000000080503f0                ltc4150_disable_int
                0x0000000008050400                ltc4150_enable_int
                0x0000000008050470                ltc4150_sync_blocking
                0x00000000080504a0                ltc4150_arch_init
 .text          0x000000000805054c        0x0 /home/lotte/bachelor/aodvv2/aodvv2/../riot/RIOT/bin/config.a(config.o)
 *fill*         0x000000000805054c        0x4 
 .text          0x0000000008050550      0x1b1 /home/lotte/bachelor/aodvv2/aodvv2/../riot/RIOT/bin/ps.a(ps.o)
                0x0000000008050550                thread_print_all
 *fill*         0x0000000008050701        0xf 
 .text          0x0000000008050710       0x3d /home/lotte/bachelor/aodvv2/aodvv2/../riot/RIOT/bin/cpu.a(atomic_cpu.o)
                0x0000000008050710                atomic_set_return
 *fill*         0x000000000805074d        0x3 
 .text          0x0000000008050750      0x512 /home/lotte/bachelor/aodvv2/aodvv2/../riot/RIOT/bin/cpu.a(hwtimer_cpu.o)
                0x0000000008050750                ticks2tv
                0x00000000080507b0                tv2ticks
                0x00000000080507d0                ts2ticks
                0x0000000008050800                schedule_timer
                0x0000000008050970                hwtimer_isr_timer
                0x00000000080509d0                hwtimer_arch_enable_interrupt
                0x0000000008050a10                hwtimer_arch_disable_interrupt
                0x0000000008050a40                hwtimer_arch_unset
                0x0000000008050a80                hwtimer_arch_set
                0x0000000008050b00                hwtimer_arch_set_absolute
                0x0000000008050b40                hwtimer_arch_now
                0x0000000008050bc0                hwtimer_arch_init
 *fill*         0x0000000008050c62        0xe 
 .text          0x0000000008050c70       0x3f /home/lotte/bachelor/aodvv2/aodvv2/../riot/RIOT/bin/core.a(bitarithm.o)
                0x0000000008050c70                number_of_highest_bit
 *fill*         0x0000000008050caf        0x1 
 .text          0x0000000008050cb0       0x72 /usr/lib32/libc_nonshared.a(elf-init.oS)
                0x0000000008050cb0                __libc_csu_init
                0x0000000008050d20                __libc_csu_fini
 *fill*         0x0000000008050d22        0x2 
 .text          0x0000000008050d24        0x0 /usr/lib/gcc/x86_64-linux-gnu/4.7/32/crtend.o
 .text          0x0000000008050d24        0x0 /usr/lib/gcc/x86_64-linux-gnu/4.7/../../../../lib32/crtn.o
 *(.gnu.warning)

.fini           0x0000000008050d24       0x14
 *(SORT(.fini))
 .fini          0x0000000008050d24        0xf /usr/lib/gcc/x86_64-linux-gnu/4.7/../../../../lib32/crti.o
                0x0000000008050d24                _fini
 .fini          0x0000000008050d33        0x5 /usr/lib/gcc/x86_64-linux-gnu/4.7/../../../../lib32/crtn.o
                0x0000000008050d38                PROVIDE (__etext, .)
                0x0000000008050d38                PROVIDE (_etext, .)
                0x0000000008050d38                PROVIDE (etext, .)

.rodata         0x0000000008050d38     0x109d
 *(.rodata .rodata.* .gnu.linkonce.r.*)
 .rodata        0x0000000008050d38        0x4 /usr/lib/gcc/x86_64-linux-gnu/4.7/../../../../lib32/crt1.o
                0x0000000008050d38                _fp_hw
 .rodata.cst4   0x0000000008050d3c        0x4 /usr/lib/gcc/x86_64-linux-gnu/4.7/../../../../lib32/crt1.o
                0x0000000008050d3c                _IO_stdin_used
 .rodata.str1.1
                0x0000000008050d40       0x4a /home/lotte/bachelor/aodvv2/aodvv2/../riot/RIOT/bin/startup.o
 .rodata.str1.1
                0x0000000008050d8a       0x8a /home/lotte/bachelor/aodvv2/aodvv2/../riot/RIOT/bin/nativenet.a(tap.o)
                                         0x8f (size before relaxing)
 .rodata.str1.1
                0x0000000008050e14       0x25 /home/lotte/bachelor/aodvv2/aodvv2/../riot/RIOT/bin/nativenet.a(interface.o)
 .rodata.str1.1
                0x0000000008050e39      0x3ab /home/lotte/bachelor/aodvv2/aodvv2/../riot/RIOT/bin/cpu.a(irq_cpu.o)
                                        0x3f2 (size before relaxing)
 .rodata        0x00000000080511e4       0x14 /home/lotte/bachelor/aodvv2/aodvv2/../riot/RIOT/bin/cpu.a(lpm_cpu.o)
 .rodata.str1.1
                0x00000000080511f8       0x81 /home/lotte/bachelor/aodvv2/aodvv2/../riot/RIOT/bin/cpu.a(lpm_cpu.o)
 .rodata.str1.1
                0x0000000008051279       0xa8 /home/lotte/bachelor/aodvv2/aodvv2/../riot/RIOT/bin/cpu.a(native_cpu.o)
 .rodata.str1.1
                0x0000000008051321       0xa7 /home/lotte/bachelor/aodvv2/aodvv2/../riot/RIOT/bin/core.a(kernel_init.o)
 .rodata.str1.1
                0x00000000080513c8       0x13 /home/lotte/bachelor/aodvv2/aodvv2/../riot/RIOT/bin/core.a(sched.o)
 .rodata.str1.1
                0x00000000080513db       0x1f /home/lotte/bachelor/aodvv2/aodvv2/../riot/RIOT/../boards/native/bin/native_base.a(board_init.o)
 .rodata.str1.1
                0x00000000080513fa       0x58 /home/lotte/bachelor/aodvv2/aodvv2/../riot/RIOT/../boards/native/bin/native_base.a(native-led.o)
 .rodata.str1.1
                0x0000000008051452       0x51 /home/lotte/bachelor/aodvv2/aodvv2/../riot/RIOT/../boards/native/bin/native_base.a(native-uart0.o)
 .rodata.str1.1
                0x00000000080514a3      0x10b /home/lotte/bachelor/aodvv2/aodvv2/bin/aodvv2.a(main.o)
                                        0x10d (size before relaxing)
 *fill*         0x00000000080515ae        0x2 
 .rodata.cst8   0x00000000080515b0       0x30 /home/lotte/bachelor/aodvv2/aodvv2/../riot/RIOT/bin/ltc4150.a(ltc4150.o)
                                         0x50 (size before relaxing)
 .rodata.str1.1
                0x00000000080515e0       0x6a /home/lotte/bachelor/aodvv2/aodvv2/../riot/RIOT/bin/rtc.a(posix-rtc.o)
 .rodata.str1.1
                0x000000000805164a       0x65 /home/lotte/bachelor/aodvv2/aodvv2/../riot/RIOT/bin/shell.a(shell.o)
                                         0x67 (size before relaxing)
 .rodata.str1.1
                0x00000000080516af      0x1c0 /home/lotte/bachelor/aodvv2/aodvv2/../riot/RIOT/bin/shell_commands.a(shell_commands.o)
                                        0x1c7 (size before relaxing)
 *fill*         0x000000000805186f        0x1 
 .rodata        0x0000000008051870       0x78 /home/lotte/bachelor/aodvv2/aodvv2/../riot/RIOT/bin/shell_commands.a(shell_commands.o)
                0x0000000008051870                _shell_command_list
 .rodata.str1.1
                0x00000000080518e8       0x39 /home/lotte/bachelor/aodvv2/aodvv2/../riot/RIOT/bin/shell_commands.a(sc_id.o)
 .rodata.str1.1
                0x0000000008051921      0x121 /home/lotte/bachelor/aodvv2/aodvv2/../riot/RIOT/bin/shell_commands.a(sc_nativenet.o)
                                        0x123 (size before relaxing)
 .rodata.str1.1
                0x0000000008051a42       0x3e /home/lotte/bachelor/aodvv2/aodvv2/../riot/RIOT/bin/shell_commands.a(sc_ltc4150.o)
 .rodata.str1.1
                0x0000000008051a80       0x3d /home/lotte/bachelor/aodvv2/aodvv2/../riot/RIOT/bin/shell_commands.a(sc_rtc.o)
                                         0x40 (size before relaxing)
 *fill*         0x0000000008051abd        0x3 
 .rodata        0x0000000008051ac0       0x60 /home/lotte/bachelor/aodvv2/aodvv2/../riot/RIOT/bin/transceiver.a(transceiver.o)
 .rodata.str1.1
                0x0000000008051b20       0x5b /home/lotte/bachelor/aodvv2/aodvv2/../riot/RIOT/bin/transceiver.a(transceiver.o)
 .rodata.str1.1
                0x0000000008051b7b       0x18 /home/lotte/bachelor/aodvv2/aodvv2/../riot/RIOT/bin/uart0.a(uart0.o)
 .rodata.str1.1
                0x0000000008051b93       0x11 /home/lotte/bachelor/aodvv2/aodvv2/../riot/RIOT/bin/core.a(hwtimer.o)
 .rodata.str1.1
                0x0000000008051ba4       0x16 /home/lotte/bachelor/aodvv2/aodvv2/../riot/RIOT/bin/sys.a(chardev_thread.o)
 .rodata.str1.1
                0x0000000008051bba       0x20 /home/lotte/bachelor/aodvv2/aodvv2/../riot/RIOT/bin/timex.a(timex.o)
 .rodata.str1.1
                0x0000000008051bda       0x7b /home/lotte/bachelor/aodvv2/aodvv2/../riot/RIOT/../boards/native/bin/native_base.a(board_config.o)
 .rodata.str1.1
                0x0000000008051c55       0x56 /home/lotte/bachelor/aodvv2/aodvv2/../riot/RIOT/../boards/native/bin/native_base.a(native-ltc4150.o)
 *fill*         0x0000000008051cab        0x5 
 .rodata.cst8   0x0000000008051cb0        0x8 /home/lotte/bachelor/aodvv2/aodvv2/../riot/RIOT/bin/ps.a(ps.o)
 .rodata.str1.1
                0x0000000008051cb8       0xec /home/lotte/bachelor/aodvv2/aodvv2/../riot/RIOT/bin/ps.a(ps.o)
                                         0xf4 (size before relaxing)
 .rodata        0x0000000008051da4        0x2 /home/lotte/bachelor/aodvv2/aodvv2/../riot/RIOT/bin/ps.a(ps.o)
 .rodata.str1.1
                0x0000000008051da6       0x2f /home/lotte/bachelor/aodvv2/aodvv2/../riot/RIOT/bin/cpu.a(hwtimer_cpu.o)

.rodata1
 *(.rodata1)

.eh_frame_hdr   0x0000000008051dd8       0x24
 *(.eh_frame_hdr)
 .eh_frame_hdr  0x0000000008051dd8       0x24 /usr/lib32/libc_nonshared.a(elf-init.oS)

.eh_frame       0x0000000008051dfc       0x90
 *(.eh_frame)
 .eh_frame      0x0000000008051dfc       0x3c /usr/lib/gcc/x86_64-linux-gnu/4.7/../../../../lib32/crt1.o
                                         0x40 (size before relaxing)
 .eh_frame      0x0000000008051e38       0x50 /usr/lib32/libc_nonshared.a(elf-init.oS)
                                         0x7c (size before relaxing)
 .eh_frame      0x0000000008051e88        0x4 /usr/lib/gcc/x86_64-linux-gnu/4.7/32/crtend.o

.gcc_except_table
 *(.gcc_except_table .gcc_except_table.*)

.exception_ranges
 *(.exception_ranges .exception_ranges*)
                0x0000000008051e8c                . = (ALIGN (0x1000) - ((0x1000 - .) & 0xfff))
                0x0000000008052f04                . = DATA_SEGMENT_ALIGN (0x1000, 0x1000)

.eh_frame
 *(.eh_frame)

.gcc_except_table
 *(.gcc_except_table .gcc_except_table.*)

.exception_ranges
 *(.exception_ranges .exception_ranges*)

.tdata
 *(.tdata .tdata.* .gnu.linkonce.td.*)

.tbss
 *(.tbss .tbss.* .gnu.linkonce.tb.*)
 *(.tcommon)

.preinit_array  0x0000000008052f04        0x0
                0x0000000008052f04                PROVIDE (__preinit_array_start, .)
 *(.preinit_array)
                0x0000000008052f04                PROVIDE (__preinit_array_end, .)

.init_array     0x0000000008052f04        0x8
                0x0000000008052f04                PROVIDE (__init_array_start, .)
 *(SORT(.init_array.*) SORT(.ctors.*))
 *(.init_array)
 .init_array    0x0000000008052f04        0x4 /usr/lib/gcc/x86_64-linux-gnu/4.7/32/crtbegin.o
 .init_array    0x0000000008052f08        0x4 /home/lotte/bachelor/aodvv2/aodvv2/../riot/RIOT/bin/startup.o
 *(EXCLUDE_FILE(*crtend?.o *crtend.o *crtbegin?.o *crtbegin.o) .ctors)
                0x0000000008052f0c                PROVIDE (__init_array_end, .)

.fini_array     0x0000000008052f0c        0x4
                0x0000000008052f0c                PROVIDE (__fini_array_start, .)
 *(SORT(.fini_array.*) SORT(.dtors.*))
 *(.fini_array)
 .fini_array    0x0000000008052f0c        0x4 /usr/lib/gcc/x86_64-linux-gnu/4.7/32/crtbegin.o
 *(EXCLUDE_FILE(*crtend?.o *crtend.o *crtbegin?.o *crtbegin.o) .dtors)
                0x0000000008052f10                PROVIDE (__fini_array_end, .)

.ctors
 *crtbegin.o(.ctors)
 *crtbegin?.o(.ctors)
 *(EXCLUDE_FILE(*crtend?.o *crtend.o) .ctors)
 *(SORT(.ctors.*))
 *(.ctors)

.dtors
 *crtbegin.o(.dtors)
 *crtbegin?.o(.dtors)
 *(EXCLUDE_FILE(*crtend?.o *crtend.o) .dtors)
 *(SORT(.dtors.*))
 *(.dtors)

.jcr            0x0000000008052f10        0x4
 *(.jcr)
 .jcr           0x0000000008052f10        0x0 /usr/lib/gcc/x86_64-linux-gnu/4.7/32/crtbegin.o
 .jcr           0x0000000008052f10        0x4 /usr/lib/gcc/x86_64-linux-gnu/4.7/32/crtend.o

.data.rel.ro
 *(.data.rel.ro.local* .gnu.linkonce.d.rel.ro.local.*)
 *(.data.rel.ro .data.rel.ro.* .gnu.linkonce.d.rel.ro.*)

.dynamic        0x0000000008052f14       0xe8
 *(.dynamic)
 .dynamic       0x0000000008052f14       0xe8 /usr/lib/gcc/x86_64-linux-gnu/4.7/../../../../lib32/crt1.o
                0x0000000008052f14                _DYNAMIC

.got            0x0000000008052ffc        0x4
 *(.got)
 .got           0x0000000008052ffc        0x4 /usr/lib/gcc/x86_64-linux-gnu/4.7/../../../../lib32/crt1.o
 *(.igot)
                0x0000000008053ff4                . = DATA_SEGMENT_RELRO_END (., (SIZEOF (.got.plt) >= 0xc)?0xc:0x0)

.got.plt        0x0000000008053000       0xe8
 *(.got.plt)
 .got.plt       0x0000000008053000       0xe8 /usr/lib/gcc/x86_64-linux-gnu/4.7/../../../../lib32/crt1.o
                0x0000000008053000                _GLOBAL_OFFSET_TABLE_
 *(.igot.plt)
 .igot.plt      0x0000000000000000        0x0 /usr/lib/gcc/x86_64-linux-gnu/4.7/../../../../lib32/crt1.o

.data           0x00000000080530e8       0x3c
 *(.data .data.* .gnu.linkonce.d.*)
 .data          0x00000000080530e8        0x4 /usr/lib/gcc/x86_64-linux-gnu/4.7/../../../../lib32/crt1.o
                0x00000000080530e8                data_start
                0x00000000080530e8                __data_start
 .data          0x00000000080530ec        0x0 /usr/lib/gcc/x86_64-linux-gnu/4.7/../../../../lib32/crti.o
 .data          0x00000000080530ec        0x4 /usr/lib/gcc/x86_64-linux-gnu/4.7/32/crtbegin.o
                0x00000000080530ec                __dso_handle
 .data          0x00000000080530f0        0x0 /home/lotte/bachelor/aodvv2/aodvv2/../riot/RIOT/bin/startup.o
 .data          0x00000000080530f0        0x0 /home/lotte/bachelor/aodvv2/aodvv2/../riot/RIOT/bin/nativenet.a(tap.o)
 .data          0x00000000080530f0        0x0 /home/lotte/bachelor/aodvv2/aodvv2/../riot/RIOT/bin/nativenet.a(interface.o)
 .data          0x00000000080530f0        0x0 /home/lotte/bachelor/aodvv2/aodvv2/../riot/RIOT/bin/cpu.a(irq_cpu.o)
 .data          0x00000000080530f0        0x0 /home/lotte/bachelor/aodvv2/aodvv2/../riot/RIOT/bin/cpu.a(lpm_cpu.o)
 .data          0x00000000080530f0        0x0 /home/lotte/bachelor/aodvv2/aodvv2/../riot/RIOT/bin/cpu.a(native_cpu.o)
 .data          0x00000000080530f0        0x0 /home/lotte/bachelor/aodvv2/aodvv2/../riot/RIOT/bin/cpu.a(tramp.o)
 .data          0x00000000080530f0        0x8 /home/lotte/bachelor/aodvv2/aodvv2/../riot/RIOT/bin/core.a(kernel_init.o)
                0x00000000080530f0                main_name
                0x00000000080530f4                idle_name
 .data          0x00000000080530f8        0x0 /home/lotte/bachelor/aodvv2/aodvv2/../riot/RIOT/bin/core.a(msg.o)
 .data          0x00000000080530f8        0x0 /home/lotte/bachelor/aodvv2/aodvv2/../riot/RIOT/bin/core.a(queue.o)
 .data          0x00000000080530f8        0x4 /home/lotte/bachelor/aodvv2/aodvv2/../riot/RIOT/bin/core.a(sched.o)
                0x00000000080530f8                last_pid
 .data          0x00000000080530fc        0x0 /home/lotte/bachelor/aodvv2/aodvv2/../riot/RIOT/bin/core.a(thread.o)
 .data          0x00000000080530fc        0x0 /home/lotte/bachelor/aodvv2/aodvv2/../riot/RIOT/bin/core.a(cib.o)
 .data          0x00000000080530fc        0x0 /home/lotte/bachelor/aodvv2/aodvv2/../riot/RIOT/bin/core.a(clist.o)
 .data          0x00000000080530fc        0x0 /home/lotte/bachelor/aodvv2/aodvv2/../riot/RIOT/../boards/native/bin/native_base.a(board_init.o)
 .data          0x00000000080530fc        0x0 /home/lotte/bachelor/aodvv2/aodvv2/../riot/RIOT/../boards/native/bin/native_base.a(native-led.o)
 .data          0x00000000080530fc        0x0 /home/lotte/bachelor/aodvv2/aodvv2/../riot/RIOT/../boards/native/bin/native_base.a(native-uart0.o)
 .data          0x00000000080530fc        0x0 /home/lotte/bachelor/aodvv2/aodvv2/bin/aodvv2.a(main.o)
 .data          0x00000000080530fc        0x0 /home/lotte/bachelor/aodvv2/aodvv2/../riot/RIOT/bin/auto_init.a(auto_init.o)
 .data          0x00000000080530fc        0x0 /home/lotte/bachelor/aodvv2/aodvv2/../riot/RIOT/bin/ltc4150.a(ltc4150.o)
 .data          0x00000000080530fc        0x0 /home/lotte/bachelor/aodvv2/aodvv2/../riot/RIOT/bin/posix.a(posix_io.o)
 .data          0x00000000080530fc        0x0 /home/lotte/bachelor/aodvv2/aodvv2/../riot/RIOT/bin/rtc.a(posix-rtc.o)
 .data          0x00000000080530fc        0x0 /home/lotte/bachelor/aodvv2/aodvv2/../riot/RIOT/bin/shell.a(shell.o)
 .data          0x00000000080530fc        0x0 /home/lotte/bachelor/aodvv2/aodvv2/../riot/RIOT/bin/shell_commands.a(shell_commands.o)
 .data          0x00000000080530fc        0x0 /home/lotte/bachelor/aodvv2/aodvv2/../riot/RIOT/bin/shell_commands.a(sc_id.o)
 .data          0x00000000080530fc        0x0 /home/lotte/bachelor/aodvv2/aodvv2/../riot/RIOT/bin/shell_commands.a(sc_nativenet.o)
 .data          0x00000000080530fc        0x0 /home/lotte/bachelor/aodvv2/aodvv2/../riot/RIOT/bin/shell_commands.a(sc_ltc4150.o)
 .data          0x00000000080530fc        0x0 /home/lotte/bachelor/aodvv2/aodvv2/../riot/RIOT/bin/shell_commands.a(sc_ps.o)
 .data          0x00000000080530fc        0x0 /home/lotte/bachelor/aodvv2/aodvv2/../riot/RIOT/bin/shell_commands.a(sc_rtc.o)
 .data          0x00000000080530fc        0x4 /home/lotte/bachelor/aodvv2/aodvv2/../riot/RIOT/bin/transceiver.a(transceiver.o)
                0x00000000080530fc                transceiver_pid
 .data          0x0000000008053100        0x0 /home/lotte/bachelor/aodvv2/aodvv2/../riot/RIOT/bin/uart0.a(uart0.o)
 .data          0x0000000008053100        0x4 /home/lotte/bachelor/aodvv2/aodvv2/../riot/RIOT/bin/vtimer.a(vtimer.o)
 .data          0x0000000008053104        0x0 /home/lotte/bachelor/aodvv2/aodvv2/../riot/RIOT/bin/core.a(hwtimer.o)
 .data          0x0000000008053104        0x0 /home/lotte/bachelor/aodvv2/aodvv2/../riot/RIOT/bin/core.a(lifo.o)
 .data          0x0000000008053104        0x0 /home/lotte/bachelor/aodvv2/aodvv2/../riot/RIOT/bin/core.a(mutex.o)
 .data          0x0000000008053104        0x0 /home/lotte/bachelor/aodvv2/aodvv2/../riot/RIOT/bin/sys.a(chardev_thread.o)
 .data          0x0000000008053104        0x0 /home/lotte/bachelor/aodvv2/aodvv2/../riot/RIOT/bin/timex.a(timex.o)
 .data          0x0000000008053104        0x0 /home/lotte/bachelor/aodvv2/aodvv2/../riot/RIOT/bin/lib.a(ringbuffer.o)
 .data          0x0000000008053104        0x0 /home/lotte/bachelor/aodvv2/aodvv2/../riot/RIOT/../boards/native/bin/native_base.a(board_config.o)
 .data          0x0000000008053104        0x0 /home/lotte/bachelor/aodvv2/aodvv2/../riot/RIOT/../boards/native/bin/native_base.a(native-ltc4150.o)
 .data          0x0000000008053104        0x0 /home/lotte/bachelor/aodvv2/aodvv2/../riot/RIOT/bin/config.a(config.o)
 .data          0x0000000008053104       0x20 /home/lotte/bachelor/aodvv2/aodvv2/../riot/RIOT/bin/ps.a(ps.o)
                0x0000000008053104                state_names
 .data          0x0000000008053124        0x0 /home/lotte/bachelor/aodvv2/aodvv2/../riot/RIOT/bin/cpu.a(atomic_cpu.o)
 .data          0x0000000008053124        0x0 /home/lotte/bachelor/aodvv2/aodvv2/../riot/RIOT/bin/cpu.a(hwtimer_cpu.o)
 .data          0x0000000008053124        0x0 /home/lotte/bachelor/aodvv2/aodvv2/../riot/RIOT/bin/core.a(bitarithm.o)
 .data          0x0000000008053124        0x0 /usr/lib32/libc_nonshared.a(elf-init.oS)
 .data          0x0000000008053124        0x0 /usr/lib/gcc/x86_64-linux-gnu/4.7/32/crtend.o
 .data          0x0000000008053124        0x0 /usr/lib/gcc/x86_64-linux-gnu/4.7/../../../../lib32/crtn.o

.tm_clone_table
                0x0000000008053124        0x0
 .tm_clone_table
                0x0000000008053124        0x0 /usr/lib/gcc/x86_64-linux-gnu/4.7/32/crtbegin.o
 .tm_clone_table
                0x0000000008053124        0x0 /usr/lib/gcc/x86_64-linux-gnu/4.7/32/crtend.o

.data1
 *(.data1)
                0x0000000008053124                _edata = .
                0x0000000008053124                PROVIDE (edata, .)
                0x0000000008053124                . = .
                0x0000000008053124                __bss_start = .

.bss            0x0000000008053124    0x1a000
 *(.dynbss)
 .dynbss        0x0000000000000000        0x0 /usr/lib/gcc/x86_64-linux-gnu/4.7/../../../../lib32/crt1.o
 *(.bss .bss.* .gnu.linkonce.b.*)
 .bss           0x0000000008053124        0x0 /usr/lib/gcc/x86_64-linux-gnu/4.7/../../../../lib32/crt1.o
 .bss           0x0000000008053124        0x0 /usr/lib/gcc/x86_64-linux-gnu/4.7/../../../../lib32/crti.o
 .bss           0x0000000008053124        0x1 /usr/lib/gcc/x86_64-linux-gnu/4.7/32/crtbegin.o
 *fill*         0x0000000008053125        0x3 
 .bss           0x0000000008053128        0x0 /home/lotte/bachelor/aodvv2/aodvv2/../riot/RIOT/bin/startup.o
 .bss           0x0000000008053128        0x0 /home/lotte/bachelor/aodvv2/aodvv2/../riot/RIOT/bin/nativenet.a(tap.o)
 .bss           0x0000000008053128      0x404 /home/lotte/bachelor/aodvv2/aodvv2/../riot/RIOT/bin/nativenet.a(interface.o)
 .bss           0x000000000805352c     0x2490 /home/lotte/bachelor/aodvv2/aodvv2/../riot/RIOT/bin/cpu.a(irq_cpu.o)
 .bss           0x00000000080559bc        0x4 /home/lotte/bachelor/aodvv2/aodvv2/../riot/RIOT/bin/cpu.a(lpm_cpu.o)
 .bss           0x00000000080559c0     0x215c /home/lotte/bachelor/aodvv2/aodvv2/../riot/RIOT/bin/cpu.a(native_cpu.o)
 .bss           0x0000000008057b1c        0x0 /home/lotte/bachelor/aodvv2/aodvv2/../riot/RIOT/bin/cpu.a(tramp.o)
 .bss           0x0000000008057b1c     0x6004 /home/lotte/bachelor/aodvv2/aodvv2/../riot/RIOT/bin/core.a(kernel_init.o)
                0x0000000008057b1c                lpm_prevent_sleep
 .bss           0x000000000805db20        0x0 /home/lotte/bachelor/aodvv2/aodvv2/../riot/RIOT/bin/core.a(msg.o)
 .bss           0x000000000805db20        0x0 /home/lotte/bachelor/aodvv2/aodvv2/../riot/RIOT/bin/core.a(queue.o)
 .bss           0x000000000805db20        0x8 /home/lotte/bachelor/aodvv2/aodvv2/../riot/RIOT/bin/core.a(sched.o)
                0x000000000805db20                num_tasks
 .bss           0x000000000805db28        0x0 /home/lotte/bachelor/aodvv2/aodvv2/../riot/RIOT/bin/core.a(thread.o)
 .bss           0x000000000805db28        0x0 /home/lotte/bachelor/aodvv2/aodvv2/../riot/RIOT/bin/core.a(cib.o)
 .bss           0x000000000805db28        0x0 /home/lotte/bachelor/aodvv2/aodvv2/../riot/RIOT/bin/core.a(clist.o)
 .bss           0x000000000805db28        0x0 /home/lotte/bachelor/aodvv2/aodvv2/../riot/RIOT/../boards/native/bin/native_base.a(board_init.o)
 .bss           0x000000000805db28        0x0 /home/lotte/bachelor/aodvv2/aodvv2/../riot/RIOT/../boards/native/bin/native_base.a(native-led.o)
 .bss           0x000000000805db28        0x0 /home/lotte/bachelor/aodvv2/aodvv2/../riot/RIOT/../boards/native/bin/native_base.a(native-uart0.o)
 .bss           0x000000000805db28        0x0 /home/lotte/bachelor/aodvv2/aodvv2/bin/aodvv2.a(main.o)
 .bss           0x000000000805db28        0x0 /home/lotte/bachelor/aodvv2/aodvv2/../riot/RIOT/bin/auto_init.a(auto_init.o)
 .bss           0x000000000805db28       0x10 /home/lotte/bachelor/aodvv2/aodvv2/../riot/RIOT/bin/ltc4150.a(ltc4150.o)
 .bss           0x000000000805db38        0x0 /home/lotte/bachelor/aodvv2/aodvv2/../riot/RIOT/bin/posix.a(posix_io.o)
 .bss           0x000000000805db38        0x4 /home/lotte/bachelor/aodvv2/aodvv2/../riot/RIOT/bin/rtc.a(posix-rtc.o)
 .bss           0x000000000805db3c        0x0 /home/lotte/bachelor/aodvv2/aodvv2/../riot/RIOT/bin/shell.a(shell.o)
 .bss           0x000000000805db3c        0x0 /home/lotte/bachelor/aodvv2/aodvv2/../riot/RIOT/bin/shell_commands.a(shell_commands.o)
 .bss           0x000000000805db3c        0x0 /home/lotte/bachelor/aodvv2/aodvv2/../riot/RIOT/bin/shell_commands.a(sc_id.o)
 .bss           0x000000000805db3c        0x0 /home/lotte/bachelor/aodvv2/aodvv2/../riot/RIOT/bin/shell_commands.a(sc_nativenet.o)
 .bss           0x000000000805db3c        0x0 /home/lotte/bachelor/aodvv2/aodvv2/../riot/RIOT/bin/shell_commands.a(sc_ltc4150.o)
 .bss           0x000000000805db3c        0x0 /home/lotte/bachelor/aodvv2/aodvv2/../riot/RIOT/bin/shell_commands.a(sc_ps.o)
 .bss           0x000000000805db3c        0x0 /home/lotte/bachelor/aodvv2/aodvv2/../riot/RIOT/bin/shell_commands.a(sc_rtc.o)
 .bss           0x000000000805db3c        0x4 /home/lotte/bachelor/aodvv2/aodvv2/../riot/RIOT/bin/transceiver.a(transceiver.o)
                0x000000000805db3c                transceivers
 .bss           0x000000000805db40     0x2120 /home/lotte/bachelor/aodvv2/aodvv2/../riot/RIOT/bin/uart0.a(uart0.o)
 .bss           0x000000000805fc60       0x48 /home/lotte/bachelor/aodvv2/aodvv2/../riot/RIOT/bin/vtimer.a(vtimer.o)
 .bss           0x000000000805fca8       0x34 /home/lotte/bachelor/aodvv2/aodvv2/../riot/RIOT/bin/core.a(hwtimer.o)
 .bss           0x000000000805fcdc        0x0 /home/lotte/bachelor/aodvv2/aodvv2/../riot/RIOT/bin/core.a(lifo.o)
 .bss           0x000000000805fcdc        0x0 /home/lotte/bachelor/aodvv2/aodvv2/../riot/RIOT/bin/core.a(mutex.o)
 .bss           0x000000000805fcdc        0x0 /home/lotte/bachelor/aodvv2/aodvv2/../riot/RIOT/bin/sys.a(chardev_thread.o)
 .bss           0x000000000805fcdc        0x0 /home/lotte/bachelor/aodvv2/aodvv2/../riot/RIOT/bin/timex.a(timex.o)
 .bss           0x000000000805fcdc        0x0 /home/lotte/bachelor/aodvv2/aodvv2/../riot/RIOT/bin/lib.a(ringbuffer.o)
 .bss           0x000000000805fcdc        0x0 /home/lotte/bachelor/aodvv2/aodvv2/../riot/RIOT/../boards/native/bin/native_base.a(board_config.o)
 .bss           0x000000000805fcdc        0x4 /home/lotte/bachelor/aodvv2/aodvv2/../riot/RIOT/../boards/native/bin/native_base.a(native-ltc4150.o)
 .bss           0x000000000805fce0        0x4 /home/lotte/bachelor/aodvv2/aodvv2/../riot/RIOT/bin/config.a(config.o)
                0x000000000805fce0                sysconfig
 .bss           0x000000000805fce4        0x0 /home/lotte/bachelor/aodvv2/aodvv2/../riot/RIOT/bin/ps.a(ps.o)
 .bss           0x000000000805fce4        0x0 /home/lotte/bachelor/aodvv2/aodvv2/../riot/RIOT/bin/cpu.a(atomic_cpu.o)
 .bss           0x000000000805fce4       0x70 /home/lotte/bachelor/aodvv2/aodvv2/../riot/RIOT/bin/cpu.a(hwtimer_cpu.o)
 .bss           0x000000000805fd54        0x0 /home/lotte/bachelor/aodvv2/aodvv2/../riot/RIOT/bin/core.a(bitarithm.o)
 .bss           0x000000000805fd54        0x0 /usr/lib32/libc_nonshared.a(elf-init.oS)
 .bss           0x000000000805fd54        0x0 /usr/lib/gcc/x86_64-linux-gnu/4.7/32/crtend.o
 .bss           0x000000000805fd54        0x0 /usr/lib/gcc/x86_64-linux-gnu/4.7/../../../../lib32/crtn.o
 *(COMMON)
 COMMON         0x000000000805fd54        0xa /home/lotte/bachelor/aodvv2/aodvv2/../riot/RIOT/bin/nativenet.a(tap.o)
                0x000000000805fd54                _native_tap_fd
                0x000000000805fd58                _native_tap_mac
 COMMON         0x000000000805fd5e     0x3b36 /home/lotte/bachelor/aodvv2/aodvv2/../riot/RIOT/bin/nativenet.a(interface.o)
                0x000000000805fd5e                _native_net_chan
                0x000000000805fd60                _native_net_addr
                0x000000000805fd62                _native_net_monitor
                0x000000000805fd64                _native_net_pan
                0x000000000805fd66                _nativenet_rx_buffer
 COMMON         0x0000000008063894     0x217c /home/lotte/bachelor/aodvv2/aodvv2/../riot/RIOT/bin/cpu.a(irq_cpu.o)
                0x0000000008063894                sigalt_stk
                0x0000000008065894                native_interrupts_enabled
                0x0000000008065898                _native_saved_eip
                0x000000000806589c                _native_isr_ctx
                0x00000000080658a0                _native_sigpend
                0x00000000080658a4                _native_in_isr
                0x00000000080658a8                process_heap_address
                0x00000000080658ac                native_isr_context
                0x0000000008065a08                _native_in_syscall
                0x0000000008065a0c                _native_cur_ctx
 COMMON         0x0000000008065a10       0x80 /home/lotte/bachelor/aodvv2/aodvv2/../riot/RIOT/bin/cpu.a(native_cpu.o)
                0x0000000008065a10                _native_rfds
 COMMON         0x0000000008065a90      0x10c /home/lotte/bachelor/aodvv2/aodvv2/../riot/RIOT/bin/core.a(sched.o)
                0x0000000008065a90                thread_pid
                0x0000000008065a94                runqueues
                0x0000000008065b14                sched_context_switch_request
                0x0000000008065b18                sched_threads
                0x0000000008065b98                active_thread
 COMMON         0x0000000008065b9c       0x88 /home/lotte/bachelor/aodvv2/aodvv2/../riot/RIOT/../boards/native/bin/native_base.a(native-uart0.o)
                0x0000000008065b9c                _native_uart_in
                0x0000000008065ba0                _native_uart_out
                0x0000000008065ba4                _native_uart_rfds
 COMMON         0x0000000008065c24     0x2200 /home/lotte/bachelor/aodvv2/aodvv2/bin/aodvv2.a(main.o)
                0x0000000008065c24                msg_q
                0x0000000008065e24                radio_stack_buffer
 COMMON         0x0000000008067e24     0x52e8 /home/lotte/bachelor/aodvv2/aodvv2/../riot/RIOT/bin/transceiver.a(transceiver.o)
                0x0000000008067e24                data_buffer
                0x0000000008068fa8                msg_buffer
                0x00000000080690a8                transceiver_stack
                0x000000000806d0a8                transceiver_buffer
                0x000000000806d0e8                reg
                0x000000000806d108                response
 COMMON         0x000000000806d10c       0x18 /home/lotte/bachelor/aodvv2/aodvv2/../riot/RIOT/bin/uart0.a(uart0.o)
                0x000000000806d10c                uart0_ringbuffer
                0x000000000806d120                uart0_handler_pid
                0x000000000806d124                . = ALIGN ((. != 0x0)?0x4:0x1)
                0x000000000806d124                . = ALIGN (0x4)
                0x000000000806d124                . = ALIGN (0x4)
                0x000000000806d124                _end = .
                0x000000000806d124                PROVIDE (end, .)
                0x000000000806d124                . = DATA_SEGMENT_END (.)

.stab
 *(.stab)

.stabstr
 *(.stabstr)

.stab.excl
 *(.stab.excl)

.stab.exclstr
 *(.stab.exclstr)

.stab.index
 *(.stab.index)

.stab.indexstr
 *(.stab.indexstr)

.comment        0x0000000000000000       0x2a
 *(.comment)
 .comment       0x0000000000000000       0x2a /usr/lib/gcc/x86_64-linux-gnu/4.7/32/crtbegin.o
                                         0x2b (size before relaxing)
 .comment       0x0000000000000000       0x2b /usr/lib32/libc_nonshared.a(elf-init.oS)
 .comment       0x0000000000000000       0x2b /usr/lib/gcc/x86_64-linux-gnu/4.7/32/crtend.o

.debug
 *(.debug)

.line
 *(.line)

.debug_srcinfo
 *(.debug_srcinfo)

.debug_sfnames
 *(.debug_sfnames)

.debug_aranges  0x0000000000000000       0x20
 *(.debug_aranges)
 .debug_aranges
                0x0000000000000000        0x0 /home/lotte/bachelor/aodvv2/aodvv2/../riot/RIOT/bin/startup.o
 .debug_aranges
                0x0000000000000000        0x0 /home/lotte/bachelor/aodvv2/aodvv2/../riot/RIOT/bin/nativenet.a(tap.o)
 .debug_aranges
                0x0000000000000000        0x0 /home/lotte/bachelor/aodvv2/aodvv2/../riot/RIOT/bin/nativenet.a(interface.o)
 .debug_aranges
                0x0000000000000000        0x0 /home/lotte/bachelor/aodvv2/aodvv2/../riot/RIOT/bin/cpu.a(irq_cpu.o)
 .debug_aranges
                0x0000000000000000        0x0 /home/lotte/bachelor/aodvv2/aodvv2/../riot/RIOT/bin/cpu.a(lpm_cpu.o)
 .debug_aranges
                0x0000000000000000        0x0 /home/lotte/bachelor/aodvv2/aodvv2/../riot/RIOT/bin/cpu.a(native_cpu.o)
 .debug_aranges
                0x0000000000000000       0x20 /home/lotte/bachelor/aodvv2/aodvv2/../riot/RIOT/bin/cpu.a(tramp.o)
 .debug_aranges
                0x0000000000000020        0x0 /home/lotte/bachelor/aodvv2/aodvv2/../riot/RIOT/bin/core.a(kernel_init.o)
 .debug_aranges
                0x0000000000000020        0x0 /home/lotte/bachelor/aodvv2/aodvv2/../riot/RIOT/bin/core.a(msg.o)
 .debug_aranges
                0x0000000000000020        0x0 /home/lotte/bachelor/aodvv2/aodvv2/../riot/RIOT/bin/core.a(queue.o)
 .debug_aranges
                0x0000000000000020        0x0 /home/lotte/bachelor/aodvv2/aodvv2/../riot/RIOT/bin/core.a(sched.o)
 .debug_aranges
                0x0000000000000020        0x0 /home/lotte/bachelor/aodvv2/aodvv2/../riot/RIOT/bin/core.a(thread.o)
 .debug_aranges
                0x0000000000000020        0x0 /home/lotte/bachelor/aodvv2/aodvv2/../riot/RIOT/bin/core.a(cib.o)
 .debug_aranges
                0x0000000000000020        0x0 /home/lotte/bachelor/aodvv2/aodvv2/../riot/RIOT/bin/core.a(clist.o)
 .debug_aranges
                0x0000000000000020        0x0 /home/lotte/bachelor/aodvv2/aodvv2/../riot/RIOT/../boards/native/bin/native_base.a(board_init.o)
 .debug_aranges
                0x0000000000000020        0x0 /home/lotte/bachelor/aodvv2/aodvv2/../riot/RIOT/../boards/native/bin/native_base.a(native-led.o)
 .debug_aranges
                0x0000000000000020        0x0 /home/lotte/bachelor/aodvv2/aodvv2/../riot/RIOT/../boards/native/bin/native_base.a(native-uart0.o)
 .debug_aranges
                0x0000000000000020        0x0 /home/lotte/bachelor/aodvv2/aodvv2/bin/aodvv2.a(main.o)
 .debug_aranges
                0x0000000000000020        0x0 /home/lotte/bachelor/aodvv2/aodvv2/../riot/RIOT/bin/auto_init.a(auto_init.o)
 .debug_aranges
                0x0000000000000020        0x0 /home/lotte/bachelor/aodvv2/aodvv2/../riot/RIOT/bin/ltc4150.a(ltc4150.o)
 .debug_aranges
                0x0000000000000020        0x0 /home/lotte/bachelor/aodvv2/aodvv2/../riot/RIOT/bin/posix.a(posix_io.o)
 .debug_aranges
                0x0000000000000020        0x0 /home/lotte/bachelor/aodvv2/aodvv2/../riot/RIOT/bin/rtc.a(posix-rtc.o)
 .debug_aranges
                0x0000000000000020        0x0 /home/lotte/bachelor/aodvv2/aodvv2/../riot/RIOT/bin/shell.a(shell.o)
 .debug_aranges
                0x0000000000000020        0x0 /home/lotte/bachelor/aodvv2/aodvv2/../riot/RIOT/bin/shell_commands.a(shell_commands.o)
 .debug_aranges
                0x0000000000000020        0x0 /home/lotte/bachelor/aodvv2/aodvv2/../riot/RIOT/bin/shell_commands.a(sc_id.o)
 .debug_aranges
                0x0000000000000020        0x0 /home/lotte/bachelor/aodvv2/aodvv2/../riot/RIOT/bin/shell_commands.a(sc_nativenet.o)
 .debug_aranges
                0x0000000000000020        0x0 /home/lotte/bachelor/aodvv2/aodvv2/../riot/RIOT/bin/shell_commands.a(sc_ltc4150.o)
 .debug_aranges
                0x0000000000000020        0x0 /home/lotte/bachelor/aodvv2/aodvv2/../riot/RIOT/bin/shell_commands.a(sc_ps.o)
 .debug_aranges
                0x0000000000000020        0x0 /home/lotte/bachelor/aodvv2/aodvv2/../riot/RIOT/bin/shell_commands.a(sc_rtc.o)
 .debug_aranges
                0x0000000000000020        0x0 /home/lotte/bachelor/aodvv2/aodvv2/../riot/RIOT/bin/transceiver.a(transceiver.o)
 .debug_aranges
                0x0000000000000020        0x0 /home/lotte/bachelor/aodvv2/aodvv2/../riot/RIOT/bin/uart0.a(uart0.o)
 .debug_aranges
                0x0000000000000020        0x0 /home/lotte/bachelor/aodvv2/aodvv2/../riot/RIOT/bin/vtimer.a(vtimer.o)
 .debug_aranges
                0x0000000000000020        0x0 /home/lotte/bachelor/aodvv2/aodvv2/../riot/RIOT/bin/core.a(hwtimer.o)
 .debug_aranges
                0x0000000000000020        0x0 /home/lotte/bachelor/aodvv2/aodvv2/../riot/RIOT/bin/core.a(lifo.o)
 .debug_aranges
                0x0000000000000020        0x0 /home/lotte/bachelor/aodvv2/aodvv2/../riot/RIOT/bin/core.a(mutex.o)
 .debug_aranges
                0x0000000000000020        0x0 /home/lotte/bachelor/aodvv2/aodvv2/../riot/RIOT/bin/sys.a(chardev_thread.o)
 .debug_aranges
                0x0000000000000020        0x0 /home/lotte/bachelor/aodvv2/aodvv2/../riot/RIOT/bin/timex.a(timex.o)
 .debug_aranges
                0x0000000000000020        0x0 /home/lotte/bachelor/aodvv2/aodvv2/../riot/RIOT/bin/lib.a(ringbuffer.o)
 .debug_aranges
                0x0000000000000020        0x0 /home/lotte/bachelor/aodvv2/aodvv2/../riot/RIOT/../boards/native/bin/native_base.a(board_config.o)
 .debug_aranges
                0x0000000000000020        0x0 /home/lotte/bachelor/aodvv2/aodvv2/../riot/RIOT/../boards/native/bin/native_base.a(native-ltc4150.o)
 .debug_aranges
                0x0000000000000020        0x0 /home/lotte/bachelor/aodvv2/aodvv2/../riot/RIOT/bin/config.a(config.o)
 .debug_aranges
                0x0000000000000020        0x0 /home/lotte/bachelor/aodvv2/aodvv2/../riot/RIOT/bin/ps.a(ps.o)
 .debug_aranges
                0x0000000000000020        0x0 /home/lotte/bachelor/aodvv2/aodvv2/../riot/RIOT/bin/cpu.a(atomic_cpu.o)
 .debug_aranges
                0x0000000000000020        0x0 /home/lotte/bachelor/aodvv2/aodvv2/../riot/RIOT/bin/cpu.a(hwtimer_cpu.o)
 .debug_aranges
                0x0000000000000020        0x0 /home/lotte/bachelor/aodvv2/aodvv2/../riot/RIOT/bin/core.a(bitarithm.o)

.debug_pubnames
 *(.debug_pubnames)

.debug_info     0x0000000000000000     0x70e7
 *(.debug_info .gnu.linkonce.wi.*)
 .debug_info    0x0000000000000000       0x69 /home/lotte/bachelor/aodvv2/aodvv2/../riot/RIOT/bin/startup.o
 .debug_info    0x0000000000000069      0x5b2 /home/lotte/bachelor/aodvv2/aodvv2/../riot/RIOT/bin/nativenet.a(tap.o)
 .debug_info    0x000000000000061b      0x52f /home/lotte/bachelor/aodvv2/aodvv2/../riot/RIOT/bin/nativenet.a(interface.o)
 .debug_info    0x0000000000000b4a      0xbfd /home/lotte/bachelor/aodvv2/aodvv2/../riot/RIOT/bin/cpu.a(irq_cpu.o)
 .debug_info    0x0000000000001747      0x147 /home/lotte/bachelor/aodvv2/aodvv2/../riot/RIOT/bin/cpu.a(lpm_cpu.o)
 .debug_info    0x000000000000188e      0x538 /home/lotte/bachelor/aodvv2/aodvv2/../riot/RIOT/bin/cpu.a(native_cpu.o)
 .debug_info    0x0000000000001dc6       0x61 /home/lotte/bachelor/aodvv2/aodvv2/../riot/RIOT/bin/cpu.a(tramp.o)
 .debug_info    0x0000000000001e27       0xfb /home/lotte/bachelor/aodvv2/aodvv2/../riot/RIOT/bin/core.a(kernel_init.o)
 .debug_info    0x0000000000001f22      0x5f9 /home/lotte/bachelor/aodvv2/aodvv2/../riot/RIOT/bin/core.a(msg.o)
 .debug_info    0x000000000000251b      0x1fc /home/lotte/bachelor/aodvv2/aodvv2/../riot/RIOT/bin/core.a(queue.o)
 .debug_info    0x0000000000002717      0x43e /home/lotte/bachelor/aodvv2/aodvv2/../riot/RIOT/bin/core.a(sched.o)
 .debug_info    0x0000000000002b55      0x45c /home/lotte/bachelor/aodvv2/aodvv2/../riot/RIOT/bin/core.a(thread.o)
 .debug_info    0x0000000000002fb1      0x141 /home/lotte/bachelor/aodvv2/aodvv2/../riot/RIOT/bin/core.a(cib.o)
 .debug_info    0x00000000000030f2       0xd6 /home/lotte/bachelor/aodvv2/aodvv2/../riot/RIOT/bin/core.a(clist.o)
 .debug_info    0x00000000000031c8       0x34 /home/lotte/bachelor/aodvv2/aodvv2/../riot/RIOT/../boards/native/bin/native_base.a(board_init.o)
 .debug_info    0x00000000000031fc       0x89 /home/lotte/bachelor/aodvv2/aodvv2/../riot/RIOT/../boards/native/bin/native_base.a(native-led.o)
 .debug_info    0x0000000000003285      0x14a /home/lotte/bachelor/aodvv2/aodvv2/../riot/RIOT/../boards/native/bin/native_base.a(native-uart0.o)
 .debug_info    0x00000000000033cf      0x45c /home/lotte/bachelor/aodvv2/aodvv2/bin/aodvv2.a(main.o)
 .debug_info    0x000000000000382b       0x34 /home/lotte/bachelor/aodvv2/aodvv2/../riot/RIOT/bin/auto_init.a(auto_init.o)
 .debug_info    0x000000000000385f      0x208 /home/lotte/bachelor/aodvv2/aodvv2/../riot/RIOT/bin/ltc4150.a(ltc4150.o)
 .debug_info    0x0000000000003a67      0x287 /home/lotte/bachelor/aodvv2/aodvv2/../riot/RIOT/bin/posix.a(posix_io.o)
 .debug_info    0x0000000000003cee      0x202 /home/lotte/bachelor/aodvv2/aodvv2/../riot/RIOT/bin/rtc.a(posix-rtc.o)
 .debug_info    0x0000000000003ef0      0x337 /home/lotte/bachelor/aodvv2/aodvv2/../riot/RIOT/bin/shell.a(shell.o)
 .debug_info    0x0000000000004227       0xa1 /home/lotte/bachelor/aodvv2/aodvv2/../riot/RIOT/bin/shell_commands.a(shell_commands.o)
 .debug_info    0x00000000000042c8       0x6e /home/lotte/bachelor/aodvv2/aodvv2/../riot/RIOT/bin/shell_commands.a(sc_id.o)
 .debug_info    0x0000000000004336      0x3ea /home/lotte/bachelor/aodvv2/aodvv2/../riot/RIOT/bin/shell_commands.a(sc_nativenet.o)
 .debug_info    0x0000000000004720       0x6f /home/lotte/bachelor/aodvv2/aodvv2/../riot/RIOT/bin/shell_commands.a(sc_ltc4150.o)
 .debug_info    0x000000000000478f       0x4f /home/lotte/bachelor/aodvv2/aodvv2/../riot/RIOT/bin/shell_commands.a(sc_ps.o)
 .debug_info    0x00000000000047de      0x1b6 /home/lotte/bachelor/aodvv2/aodvv2/../riot/RIOT/bin/shell_commands.a(sc_rtc.o)
 .debug_info    0x0000000000004994      0x762 /home/lotte/bachelor/aodvv2/aodvv2/../riot/RIOT/bin/transceiver.a(transceiver.o)
 .debug_info    0x00000000000050f6      0x250 /home/lotte/bachelor/aodvv2/aodvv2/../riot/RIOT/bin/uart0.a(uart0.o)
 .debug_info    0x0000000000005346      0x5af /home/lotte/bachelor/aodvv2/aodvv2/../riot/RIOT/bin/vtimer.a(vtimer.o)
 .debug_info    0x00000000000058f5      0x383 /home/lotte/bachelor/aodvv2/aodvv2/../riot/RIOT/bin/core.a(hwtimer.o)
 .debug_info    0x0000000000005c78      0x125 /home/lotte/bachelor/aodvv2/aodvv2/../riot/RIOT/bin/core.a(lifo.o)
 .debug_info    0x0000000000005d9d      0x3c8 /home/lotte/bachelor/aodvv2/aodvv2/../riot/RIOT/bin/core.a(mutex.o)
 .debug_info    0x0000000000006165      0x212 /home/lotte/bachelor/aodvv2/aodvv2/../riot/RIOT/bin/sys.a(chardev_thread.o)
 .debug_info    0x0000000000006377      0x1c8 /home/lotte/bachelor/aodvv2/aodvv2/../riot/RIOT/bin/timex.a(timex.o)
 .debug_info    0x000000000000653f      0x1fd /home/lotte/bachelor/aodvv2/aodvv2/../riot/RIOT/bin/lib.a(ringbuffer.o)
 .debug_info    0x000000000000673c       0x5b /home/lotte/bachelor/aodvv2/aodvv2/../riot/RIOT/../boards/native/bin/native_base.a(board_config.o)
 .debug_info    0x0000000000006797       0xb3 /home/lotte/bachelor/aodvv2/aodvv2/../riot/RIOT/../boards/native/bin/native_base.a(native-ltc4150.o)
 .debug_info    0x000000000000684a       0x95 /home/lotte/bachelor/aodvv2/aodvv2/../riot/RIOT/bin/config.a(config.o)
 .debug_info    0x00000000000068df      0x372 /home/lotte/bachelor/aodvv2/aodvv2/../riot/RIOT/bin/ps.a(ps.o)
 .debug_info    0x0000000000006c51       0x87 /home/lotte/bachelor/aodvv2/aodvv2/../riot/RIOT/bin/cpu.a(atomic_cpu.o)
 .debug_info    0x0000000000006cd8      0x3a9 /home/lotte/bachelor/aodvv2/aodvv2/../riot/RIOT/bin/cpu.a(hwtimer_cpu.o)
 .debug_info    0x0000000000007081       0x66 /home/lotte/bachelor/aodvv2/aodvv2/../riot/RIOT/bin/core.a(bitarithm.o)

.debug_abbrev   0x0000000000000000     0x225e
 *(.debug_abbrev)
 .debug_abbrev  0x0000000000000000       0x46 /home/lotte/bachelor/aodvv2/aodvv2/../riot/RIOT/bin/startup.o
 .debug_abbrev  0x0000000000000046      0x110 /home/lotte/bachelor/aodvv2/aodvv2/../riot/RIOT/bin/nativenet.a(tap.o)
 .debug_abbrev  0x0000000000000156      0x18b /home/lotte/bachelor/aodvv2/aodvv2/../riot/RIOT/bin/nativenet.a(interface.o)
 .debug_abbrev  0x00000000000002e1      0x224 /home/lotte/bachelor/aodvv2/aodvv2/../riot/RIOT/bin/cpu.a(irq_cpu.o)
 .debug_abbrev  0x0000000000000505       0xc5 /home/lotte/bachelor/aodvv2/aodvv2/../riot/RIOT/bin/cpu.a(lpm_cpu.o)
 .debug_abbrev  0x00000000000005ca      0x14e /home/lotte/bachelor/aodvv2/aodvv2/../riot/RIOT/bin/cpu.a(native_cpu.o)
 .debug_abbrev  0x0000000000000718       0x14 /home/lotte/bachelor/aodvv2/aodvv2/../riot/RIOT/bin/cpu.a(tramp.o)
 .debug_abbrev  0x000000000000072c       0xa9 /home/lotte/bachelor/aodvv2/aodvv2/../riot/RIOT/bin/core.a(kernel_init.o)
 .debug_abbrev  0x00000000000007d5       0xee /home/lotte/bachelor/aodvv2/aodvv2/../riot/RIOT/bin/core.a(msg.o)
 .debug_abbrev  0x00000000000008c3       0xcd /home/lotte/bachelor/aodvv2/aodvv2/../riot/RIOT/bin/core.a(queue.o)
 .debug_abbrev  0x0000000000000990      0x10d /home/lotte/bachelor/aodvv2/aodvv2/../riot/RIOT/bin/core.a(sched.o)
 .debug_abbrev  0x0000000000000a9d       0xf4 /home/lotte/bachelor/aodvv2/aodvv2/../riot/RIOT/bin/core.a(thread.o)
 .debug_abbrev  0x0000000000000b91       0xbf /home/lotte/bachelor/aodvv2/aodvv2/../riot/RIOT/bin/core.a(cib.o)
 .debug_abbrev  0x0000000000000c50       0x76 /home/lotte/bachelor/aodvv2/aodvv2/../riot/RIOT/bin/core.a(clist.o)
 .debug_abbrev  0x0000000000000cc6       0x25 /home/lotte/bachelor/aodvv2/aodvv2/../riot/RIOT/../boards/native/bin/native_base.a(board_init.o)
 .debug_abbrev  0x0000000000000ceb       0x27 /home/lotte/bachelor/aodvv2/aodvv2/../riot/RIOT/../boards/native/bin/native_base.a(native-led.o)
 .debug_abbrev  0x0000000000000d12       0xee /home/lotte/bachelor/aodvv2/aodvv2/../riot/RIOT/../boards/native/bin/native_base.a(native-uart0.o)
 .debug_abbrev  0x0000000000000e00      0x110 /home/lotte/bachelor/aodvv2/aodvv2/bin/aodvv2.a(main.o)
 .debug_abbrev  0x0000000000000f10       0x27 /home/lotte/bachelor/aodvv2/aodvv2/../riot/RIOT/bin/auto_init.a(auto_init.o)
 .debug_abbrev  0x0000000000000f37       0xda /home/lotte/bachelor/aodvv2/aodvv2/../riot/RIOT/bin/ltc4150.a(ltc4150.o)
 .debug_abbrev  0x0000000000001011       0xad /home/lotte/bachelor/aodvv2/aodvv2/../riot/RIOT/bin/posix.a(posix_io.o)
 .debug_abbrev  0x00000000000010be       0xe5 /home/lotte/bachelor/aodvv2/aodvv2/../riot/RIOT/bin/rtc.a(posix-rtc.o)
 .debug_abbrev  0x00000000000011a3      0x102 /home/lotte/bachelor/aodvv2/aodvv2/../riot/RIOT/bin/shell.a(shell.o)
 .debug_abbrev  0x00000000000012a5       0x8e /home/lotte/bachelor/aodvv2/aodvv2/../riot/RIOT/bin/shell_commands.a(shell_commands.o)
 .debug_abbrev  0x0000000000001333       0x60 /home/lotte/bachelor/aodvv2/aodvv2/../riot/RIOT/bin/shell_commands.a(sc_id.o)
 .debug_abbrev  0x0000000000001393       0xd5 /home/lotte/bachelor/aodvv2/aodvv2/../riot/RIOT/bin/shell_commands.a(sc_nativenet.o)
 .debug_abbrev  0x0000000000001468       0x48 /home/lotte/bachelor/aodvv2/aodvv2/../riot/RIOT/bin/shell_commands.a(sc_ltc4150.o)
 .debug_abbrev  0x00000000000014b0       0x48 /home/lotte/bachelor/aodvv2/aodvv2/../riot/RIOT/bin/shell_commands.a(sc_ps.o)
 .debug_abbrev  0x00000000000014f8       0x92 /home/lotte/bachelor/aodvv2/aodvv2/../riot/RIOT/bin/shell_commands.a(sc_rtc.o)
 .debug_abbrev  0x000000000000158a      0x18f /home/lotte/bachelor/aodvv2/aodvv2/../riot/RIOT/bin/transceiver.a(transceiver.o)
 .debug_abbrev  0x0000000000001719      0x102 /home/lotte/bachelor/aodvv2/aodvv2/../riot/RIOT/bin/uart0.a(uart0.o)
 .debug_abbrev  0x000000000000181b      0x138 /home/lotte/bachelor/aodvv2/aodvv2/../riot/RIOT/bin/vtimer.a(vtimer.o)
 .debug_abbrev  0x0000000000001953      0x131 /home/lotte/bachelor/aodvv2/aodvv2/../riot/RIOT/bin/core.a(hwtimer.o)
 .debug_abbrev  0x0000000000001a84       0x7d /home/lotte/bachelor/aodvv2/aodvv2/../riot/RIOT/bin/core.a(lifo.o)
 .debug_abbrev  0x0000000000001b01       0xed /home/lotte/bachelor/aodvv2/aodvv2/../riot/RIOT/bin/core.a(mutex.o)
 .debug_abbrev  0x0000000000001bee       0xae /home/lotte/bachelor/aodvv2/aodvv2/../riot/RIOT/bin/sys.a(chardev_thread.o)
 .debug_abbrev  0x0000000000001c9c       0xc4 /home/lotte/bachelor/aodvv2/aodvv2/../riot/RIOT/bin/timex.a(timex.o)
 .debug_abbrev  0x0000000000001d60       0xd4 /home/lotte/bachelor/aodvv2/aodvv2/../riot/RIOT/bin/lib.a(ringbuffer.o)
 .debug_abbrev  0x0000000000001e34       0x56 /home/lotte/bachelor/aodvv2/aodvv2/../riot/RIOT/../boards/native/bin/native_base.a(board_config.o)
 .debug_abbrev  0x0000000000001e8a       0x9a /home/lotte/bachelor/aodvv2/aodvv2/../riot/RIOT/../boards/native/bin/native_base.a(native-ltc4150.o)
 .debug_abbrev  0x0000000000001f24       0x57 /home/lotte/bachelor/aodvv2/aodvv2/../riot/RIOT/bin/config.a(config.o)
 .debug_abbrev  0x0000000000001f7b       0xcc /home/lotte/bachelor/aodvv2/aodvv2/../riot/RIOT/bin/ps.a(ps.o)
 .debug_abbrev  0x0000000000002047       0x62 /home/lotte/bachelor/aodvv2/aodvv2/../riot/RIOT/bin/cpu.a(atomic_cpu.o)
 .debug_abbrev  0x00000000000020a9      0x157 /home/lotte/bachelor/aodvv2/aodvv2/../riot/RIOT/bin/cpu.a(hwtimer_cpu.o)
 .debug_abbrev  0x0000000000002200       0x5e /home/lotte/bachelor/aodvv2/aodvv2/../riot/RIOT/bin/core.a(bitarithm.o)

.debug_line     0x0000000000000000     0x2483
 *(.debug_line)
 .debug_line    0x0000000000000000       0x48 /home/lotte/bachelor/aodvv2/aodvv2/../riot/RIOT/bin/startup.o
 .debug_line    0x0000000000000048      0x1f0 /home/lotte/bachelor/aodvv2/aodvv2/../riot/RIOT/bin/nativenet.a(tap.o)
 .debug_line    0x0000000000000238      0x1e8 /home/lotte/bachelor/aodvv2/aodvv2/../riot/RIOT/bin/nativenet.a(interface.o)
 .debug_line    0x0000000000000420      0x29d /home/lotte/bachelor/aodvv2/aodvv2/../riot/RIOT/bin/cpu.a(irq_cpu.o)
 .debug_line    0x00000000000006bd       0xb5 /home/lotte/bachelor/aodvv2/aodvv2/../riot/RIOT/bin/cpu.a(lpm_cpu.o)
 .debug_line    0x0000000000000772      0x120 /home/lotte/bachelor/aodvv2/aodvv2/../riot/RIOT/bin/cpu.a(native_cpu.o)
 .debug_line    0x0000000000000892       0x40 /home/lotte/bachelor/aodvv2/aodvv2/../riot/RIOT/bin/cpu.a(tramp.o)
 .debug_line    0x00000000000008d2       0xa5 /home/lotte/bachelor/aodvv2/aodvv2/../riot/RIOT/bin/core.a(kernel_init.o)
 .debug_line    0x0000000000000977      0x16a /home/lotte/bachelor/aodvv2/aodvv2/../riot/RIOT/bin/core.a(msg.o)
 .debug_line    0x0000000000000ae1       0xbd /home/lotte/bachelor/aodvv2/aodvv2/../riot/RIOT/bin/core.a(queue.o)
 .debug_line    0x0000000000000b9e      0x120 /home/lotte/bachelor/aodvv2/aodvv2/../riot/RIOT/bin/core.a(sched.o)
 .debug_line    0x0000000000000cbe      0x136 /home/lotte/bachelor/aodvv2/aodvv2/../riot/RIOT/bin/core.a(thread.o)
 .debug_line    0x0000000000000df4       0x96 /home/lotte/bachelor/aodvv2/aodvv2/../riot/RIOT/bin/core.a(cib.o)
 .debug_line    0x0000000000000e8a       0x99 /home/lotte/bachelor/aodvv2/aodvv2/../riot/RIOT/bin/core.a(clist.o)
 .debug_line    0x0000000000000f23       0x42 /home/lotte/bachelor/aodvv2/aodvv2/../riot/RIOT/../boards/native/bin/native_base.a(board_init.o)
 .debug_line    0x0000000000000f65       0x53 /home/lotte/bachelor/aodvv2/aodvv2/../riot/RIOT/../boards/native/bin/native_base.a(native-led.o)
 .debug_line    0x0000000000000fb8       0x99 /home/lotte/bachelor/aodvv2/aodvv2/../riot/RIOT/../boards/native/bin/native_base.a(native-uart0.o)
 .debug_line    0x0000000000001051      0x188 /home/lotte/bachelor/aodvv2/aodvv2/bin/aodvv2.a(main.o)
 .debug_line    0x00000000000011d9       0x4a /home/lotte/bachelor/aodvv2/aodvv2/../riot/RIOT/bin/auto_init.a(auto_init.o)
 .debug_line    0x0000000000001223       0x8a /home/lotte/bachelor/aodvv2/aodvv2/../riot/RIOT/bin/ltc4150.a(ltc4150.o)
 .debug_line    0x00000000000012ad       0xfa /home/lotte/bachelor/aodvv2/aodvv2/../riot/RIOT/bin/posix.a(posix_io.o)
 .debug_line    0x00000000000013a7       0xad /home/lotte/bachelor/aodvv2/aodvv2/../riot/RIOT/bin/rtc.a(posix-rtc.o)
 .debug_line    0x0000000000001454       0xcc /home/lotte/bachelor/aodvv2/aodvv2/../riot/RIOT/bin/shell.a(shell.o)
 .debug_line    0x0000000000001520       0x4a /home/lotte/bachelor/aodvv2/aodvv2/../riot/RIOT/bin/shell_commands.a(shell_commands.o)
 .debug_line    0x000000000000156a       0x45 /home/lotte/bachelor/aodvv2/aodvv2/../riot/RIOT/bin/shell_commands.a(sc_id.o)
 .debug_line    0x00000000000015af      0x109 /home/lotte/bachelor/aodvv2/aodvv2/../riot/RIOT/bin/shell_commands.a(sc_nativenet.o)
 .debug_line    0x00000000000016b8       0x46 /home/lotte/bachelor/aodvv2/aodvv2/../riot/RIOT/bin/shell_commands.a(sc_ltc4150.o)
 .debug_line    0x00000000000016fe       0x3a /home/lotte/bachelor/aodvv2/aodvv2/../riot/RIOT/bin/shell_commands.a(sc_ps.o)
 .debug_line    0x0000000000001738       0x6d /home/lotte/bachelor/aodvv2/aodvv2/../riot/RIOT/bin/shell_commands.a(sc_rtc.o)
 .debug_line    0x00000000000017a5      0x295 /home/lotte/bachelor/aodvv2/aodvv2/../riot/RIOT/bin/transceiver.a(transceiver.o)
 .debug_line    0x0000000000001a3a       0x97 /home/lotte/bachelor/aodvv2/aodvv2/../riot/RIOT/bin/uart0.a(uart0.o)
 .debug_line    0x0000000000001ad1      0x173 /home/lotte/bachelor/aodvv2/aodvv2/../riot/RIOT/bin/vtimer.a(vtimer.o)
 .debug_line    0x0000000000001c44      0x103 /home/lotte/bachelor/aodvv2/aodvv2/../riot/RIOT/bin/core.a(hwtimer.o)
 .debug_line    0x0000000000001d47       0x4d /home/lotte/bachelor/aodvv2/aodvv2/../riot/RIOT/bin/core.a(lifo.o)
 .debug_line    0x0000000000001d94       0xe7 /home/lotte/bachelor/aodvv2/aodvv2/../riot/RIOT/bin/core.a(mutex.o)
 .debug_line    0x0000000000001e7b      0x155 /home/lotte/bachelor/aodvv2/aodvv2/../riot/RIOT/bin/sys.a(chardev_thread.o)
 .debug_line    0x0000000000001fd0       0x80 /home/lotte/bachelor/aodvv2/aodvv2/../riot/RIOT/bin/timex.a(timex.o)
 .debug_line    0x0000000000002050       0x9d /home/lotte/bachelor/aodvv2/aodvv2/../riot/RIOT/bin/lib.a(ringbuffer.o)
 .debug_line    0x00000000000020ed       0x45 /home/lotte/bachelor/aodvv2/aodvv2/../riot/RIOT/../boards/native/bin/native_base.a(board_config.o)
 .debug_line    0x0000000000002132       0x67 /home/lotte/bachelor/aodvv2/aodvv2/../riot/RIOT/../boards/native/bin/native_base.a(native-ltc4150.o)
 .debug_line    0x0000000000002199       0x72 /home/lotte/bachelor/aodvv2/aodvv2/../riot/RIOT/bin/config.a(config.o)
 .debug_line    0x000000000000220b       0xc3 /home/lotte/bachelor/aodvv2/aodvv2/../riot/RIOT/bin/ps.a(ps.o)
 .debug_line    0x00000000000022ce       0x43 /home/lotte/bachelor/aodvv2/aodvv2/../riot/RIOT/bin/cpu.a(atomic_cpu.o)
 .debug_line    0x0000000000002311      0x12e /home/lotte/bachelor/aodvv2/aodvv2/../riot/RIOT/bin/cpu.a(hwtimer_cpu.o)
 .debug_line    0x000000000000243f       0x44 /home/lotte/bachelor/aodvv2/aodvv2/../riot/RIOT/bin/core.a(bitarithm.o)

.debug_frame    0x0000000000000000     0x1980
 *(.debug_frame)
 .debug_frame   0x0000000000000000       0x2c /home/lotte/bachelor/aodvv2/aodvv2/../riot/RIOT/bin/startup.o
 .debug_frame   0x000000000000002c       0x84 /home/lotte/bachelor/aodvv2/aodvv2/../riot/RIOT/bin/nativenet.a(tap.o)
 .debug_frame   0x00000000000000b0      0x140 /home/lotte/bachelor/aodvv2/aodvv2/../riot/RIOT/bin/nativenet.a(interface.o)
 .debug_frame   0x00000000000001f0      0x1b8 /home/lotte/bachelor/aodvv2/aodvv2/../riot/RIOT/bin/cpu.a(irq_cpu.o)
 .debug_frame   0x00000000000003a8       0x98 /home/lotte/bachelor/aodvv2/aodvv2/../riot/RIOT/bin/cpu.a(lpm_cpu.o)
 .debug_frame   0x0000000000000440       0x8c /home/lotte/bachelor/aodvv2/aodvv2/../riot/RIOT/bin/cpu.a(native_cpu.o)
 .debug_frame   0x00000000000004cc       0x4c /home/lotte/bachelor/aodvv2/aodvv2/../riot/RIOT/bin/core.a(kernel_init.o)
 .debug_frame   0x0000000000000518      0x110 /home/lotte/bachelor/aodvv2/aodvv2/../riot/RIOT/bin/core.a(msg.o)
 .debug_frame   0x0000000000000628       0x90 /home/lotte/bachelor/aodvv2/aodvv2/../riot/RIOT/bin/core.a(queue.o)
 .debug_frame   0x00000000000006b8       0xa8 /home/lotte/bachelor/aodvv2/aodvv2/../riot/RIOT/bin/core.a(sched.o)
 .debug_frame   0x0000000000000760       0xc0 /home/lotte/bachelor/aodvv2/aodvv2/../riot/RIOT/bin/core.a(thread.o)
 .debug_frame   0x0000000000000820       0x6c /home/lotte/bachelor/aodvv2/aodvv2/../riot/RIOT/bin/core.a(cib.o)
 .debug_frame   0x000000000000088c       0x3c /home/lotte/bachelor/aodvv2/aodvv2/../riot/RIOT/bin/core.a(clist.o)
 .debug_frame   0x00000000000008c8       0x2c /home/lotte/bachelor/aodvv2/aodvv2/../riot/RIOT/../boards/native/bin/native_base.a(board_init.o)
 .debug_frame   0x00000000000008f4       0xa4 /home/lotte/bachelor/aodvv2/aodvv2/../riot/RIOT/../boards/native/bin/native_base.a(native-led.o)
 .debug_frame   0x0000000000000998       0x7c /home/lotte/bachelor/aodvv2/aodvv2/../riot/RIOT/../boards/native/bin/native_base.a(native-uart0.o)
 .debug_frame   0x0000000000000a14       0x4c /home/lotte/bachelor/aodvv2/aodvv2/bin/aodvv2.a(main.o)
 .debug_frame   0x0000000000000a60       0x2c /home/lotte/bachelor/aodvv2/aodvv2/../riot/RIOT/bin/auto_init.a(auto_init.o)
 .debug_frame   0x0000000000000a8c      0x140 /home/lotte/bachelor/aodvv2/aodvv2/../riot/RIOT/bin/ltc4150.a(ltc4150.o)
 .debug_frame   0x0000000000000bcc       0xbc /home/lotte/bachelor/aodvv2/aodvv2/../riot/RIOT/bin/posix.a(posix_io.o)
 .debug_frame   0x0000000000000c88       0x94 /home/lotte/bachelor/aodvv2/aodvv2/../riot/RIOT/bin/rtc.a(posix-rtc.o)
 .debug_frame   0x0000000000000d1c       0xc0 /home/lotte/bachelor/aodvv2/aodvv2/../riot/RIOT/bin/shell.a(shell.o)
 .debug_frame   0x0000000000000ddc       0x2c /home/lotte/bachelor/aodvv2/aodvv2/../riot/RIOT/bin/shell_commands.a(sc_id.o)
 .debug_frame   0x0000000000000e08       0x8c /home/lotte/bachelor/aodvv2/aodvv2/../riot/RIOT/bin/shell_commands.a(sc_nativenet.o)
 .debug_frame   0x0000000000000e94       0x44 /home/lotte/bachelor/aodvv2/aodvv2/../riot/RIOT/bin/shell_commands.a(sc_ltc4150.o)
 .debug_frame   0x0000000000000ed8       0x2c /home/lotte/bachelor/aodvv2/aodvv2/../riot/RIOT/bin/shell_commands.a(sc_ps.o)
 .debug_frame   0x0000000000000f04       0x64 /home/lotte/bachelor/aodvv2/aodvv2/../riot/RIOT/bin/shell_commands.a(sc_rtc.o)
 .debug_frame   0x0000000000000f68      0x1b8 /home/lotte/bachelor/aodvv2/aodvv2/../riot/RIOT/bin/transceiver.a(transceiver.o)
 .debug_frame   0x0000000000001120       0xac /home/lotte/bachelor/aodvv2/aodvv2/../riot/RIOT/bin/uart0.a(uart0.o)
 .debug_frame   0x00000000000011cc      0x17c /home/lotte/bachelor/aodvv2/aodvv2/../riot/RIOT/bin/vtimer.a(vtimer.o)
 .debug_frame   0x0000000000001348      0x144 /home/lotte/bachelor/aodvv2/aodvv2/../riot/RIOT/bin/core.a(hwtimer.o)
 .debug_frame   0x000000000000148c       0x64 /home/lotte/bachelor/aodvv2/aodvv2/../riot/RIOT/bin/core.a(lifo.o)
 .debug_frame   0x00000000000014f0       0x9c /home/lotte/bachelor/aodvv2/aodvv2/../riot/RIOT/bin/core.a(mutex.o)
 .debug_frame   0x000000000000158c       0x48 /home/lotte/bachelor/aodvv2/aodvv2/../riot/RIOT/bin/sys.a(chardev_thread.o)
 .debug_frame   0x00000000000015d4       0xb0 /home/lotte/bachelor/aodvv2/aodvv2/../riot/RIOT/bin/timex.a(timex.o)
 .debug_frame   0x0000000000001684       0x88 /home/lotte/bachelor/aodvv2/aodvv2/../riot/RIOT/bin/lib.a(ringbuffer.o)
 .debug_frame   0x000000000000170c       0x44 /home/lotte/bachelor/aodvv2/aodvv2/../riot/RIOT/../boards/native/bin/native_base.a(board_config.o)
 .debug_frame   0x0000000000001750       0x80 /home/lotte/bachelor/aodvv2/aodvv2/../riot/RIOT/../boards/native/bin/native_base.a(native-ltc4150.o)
 .debug_frame   0x00000000000017d0       0x34 /home/lotte/bachelor/aodvv2/aodvv2/../riot/RIOT/bin/ps.a(ps.o)
 .debug_frame   0x0000000000001804       0x2c /home/lotte/bachelor/aodvv2/aodvv2/../riot/RIOT/bin/cpu.a(atomic_cpu.o)
 .debug_frame   0x0000000000001830      0x128 /home/lotte/bachelor/aodvv2/aodvv2/../riot/RIOT/bin/cpu.a(hwtimer_cpu.o)
 .debug_frame   0x0000000000001958       0x28 /home/lotte/bachelor/aodvv2/aodvv2/../riot/RIOT/bin/core.a(bitarithm.o)

.debug_str      0x0000000000000000     0x250f
 *(.debug_str)
 .debug_str     0x0000000000000000       0x99 /home/lotte/bachelor/aodvv2/aodvv2/../riot/RIOT/bin/startup.o
                                         0xa2 (size before relaxing)
 .debug_str     0x0000000000000099      0x302 /home/lotte/bachelor/aodvv2/aodvv2/../riot/RIOT/bin/nativenet.a(tap.o)
                                        0x3c4 (size before relaxing)
 .debug_str     0x000000000000039b      0x318 /home/lotte/bachelor/aodvv2/aodvv2/../riot/RIOT/bin/nativenet.a(interface.o)
                                        0x4b9 (size before relaxing)
 .debug_str     0x00000000000006b3      0x8b1 /home/lotte/bachelor/aodvv2/aodvv2/../riot/RIOT/bin/cpu.a(irq_cpu.o)
                                        0x9d9 (size before relaxing)
 .debug_str     0x0000000000000f64       0x87 /home/lotte/bachelor/aodvv2/aodvv2/../riot/RIOT/bin/cpu.a(lpm_cpu.o)
                                        0x141 (size before relaxing)
 .debug_str     0x0000000000000feb       0xc1 /home/lotte/bachelor/aodvv2/aodvv2/../riot/RIOT/bin/cpu.a(native_cpu.o)
                                        0x614 (size before relaxing)
 .debug_str     0x00000000000010ac       0x88 /home/lotte/bachelor/aodvv2/aodvv2/../riot/RIOT/bin/core.a(kernel_init.o)
                                        0x11d (size before relaxing)
 .debug_str     0x0000000000001134      0x155 /home/lotte/bachelor/aodvv2/aodvv2/../riot/RIOT/bin/core.a(msg.o)
                                        0x28b (size before relaxing)
 .debug_str     0x0000000000001289       0x7b /home/lotte/bachelor/aodvv2/aodvv2/../riot/RIOT/bin/core.a(queue.o)
                                        0x141 (size before relaxing)
 .debug_str     0x0000000000001304       0xf6 /home/lotte/bachelor/aodvv2/aodvv2/../riot/RIOT/bin/core.a(sched.o)
                                        0x2ab (size before relaxing)
 .debug_str     0x00000000000013fa       0xbf /home/lotte/bachelor/aodvv2/aodvv2/../riot/RIOT/bin/core.a(thread.o)
                                        0x285 (size before relaxing)
 .debug_str     0x00000000000014b9       0x2d /home/lotte/bachelor/aodvv2/aodvv2/../riot/RIOT/bin/core.a(cib.o)
                                         0xea (size before relaxing)
 .debug_str     0x00000000000014e6       0x28 /home/lotte/bachelor/aodvv2/aodvv2/../riot/RIOT/bin/core.a(clist.o)
                                         0xd4 (size before relaxing)
 .debug_str     0x000000000000150e       0x40 /home/lotte/bachelor/aodvv2/aodvv2/../riot/RIOT/../boards/native/bin/native_base.a(board_init.o)
                                         0x93 (size before relaxing)
 .debug_str     0x000000000000154e       0x8f /home/lotte/bachelor/aodvv2/aodvv2/../riot/RIOT/../boards/native/bin/native_base.a(native-led.o)
                                        0x10a (size before relaxing)
 .debug_str     0x00000000000015dd       0x8d /home/lotte/bachelor/aodvv2/aodvv2/../riot/RIOT/../boards/native/bin/native_base.a(native-uart0.o)
                                        0x146 (size before relaxing)
 .debug_str     0x000000000000166a       0xef /home/lotte/bachelor/aodvv2/aodvv2/bin/aodvv2.a(main.o)
                                        0x355 (size before relaxing)
 .debug_str     0x0000000000001759       0x40 /home/lotte/bachelor/aodvv2/aodvv2/../riot/RIOT/bin/auto_init.a(auto_init.o)
                                         0x93 (size before relaxing)
 .debug_str     0x0000000000001799      0x176 /home/lotte/bachelor/aodvv2/aodvv2/../riot/RIOT/bin/ltc4150.a(ltc4150.o)
                                        0x20f (size before relaxing)
 .debug_str     0x000000000000190f       0x75 /home/lotte/bachelor/aodvv2/aodvv2/../riot/RIOT/bin/posix.a(posix_io.o)
                                        0x16d (size before relaxing)
 .debug_str     0x0000000000001984       0x9a /home/lotte/bachelor/aodvv2/aodvv2/../riot/RIOT/bin/rtc.a(posix-rtc.o)
                                        0x1a0 (size before relaxing)
 .debug_str     0x0000000000001a1e       0xa8 /home/lotte/bachelor/aodvv2/aodvv2/../riot/RIOT/bin/shell.a(shell.o)
                                        0x1a7 (size before relaxing)
 .debug_str     0x0000000000001ac6       0x25 /home/lotte/bachelor/aodvv2/aodvv2/../riot/RIOT/bin/shell_commands.a(shell_commands.o)
                                         0xc9 (size before relaxing)
 .debug_str     0x0000000000001aeb       0x1a /home/lotte/bachelor/aodvv2/aodvv2/../riot/RIOT/bin/shell_commands.a(sc_id.o)
                                         0xa8 (size before relaxing)
 .debug_str     0x0000000000001b05       0xe2 /home/lotte/bachelor/aodvv2/aodvv2/../riot/RIOT/bin/shell_commands.a(sc_nativenet.o)
                                        0x35c (size before relaxing)
 .debug_str     0x0000000000001be7       0x40 /home/lotte/bachelor/aodvv2/aodvv2/../riot/RIOT/bin/shell_commands.a(sc_ltc4150.o)
                                         0xc2 (size before relaxing)
 .debug_str     0x0000000000001c27       0x14 /home/lotte/bachelor/aodvv2/aodvv2/../riot/RIOT/bin/shell_commands.a(sc_ps.o)
                                         0x9d (size before relaxing)
 .debug_str     0x0000000000001c3b       0x4a /home/lotte/bachelor/aodvv2/aodvv2/../riot/RIOT/bin/shell_commands.a(sc_rtc.o)
                                        0x156 (size before relaxing)
 .debug_str     0x0000000000001c85       0xf0 /home/lotte/bachelor/aodvv2/aodvv2/../riot/RIOT/bin/transceiver.a(transceiver.o)
                                        0x471 (size before relaxing)
 .debug_str     0x0000000000001d75       0xa0 /home/lotte/bachelor/aodvv2/aodvv2/../riot/RIOT/bin/uart0.a(uart0.o)
                                        0x1bb (size before relaxing)
 .debug_str     0x0000000000001e15      0x18d /home/lotte/bachelor/aodvv2/aodvv2/../riot/RIOT/bin/vtimer.a(vtimer.o)
                                        0x2e9 (size before relaxing)
 .debug_str     0x0000000000001fa2       0xca /home/lotte/bachelor/aodvv2/aodvv2/../riot/RIOT/bin/core.a(hwtimer.o)
                                        0x1ee (size before relaxing)
 .debug_str     0x000000000000206c       0x37 /home/lotte/bachelor/aodvv2/aodvv2/../riot/RIOT/bin/core.a(lifo.o)
                                         0xc3 (size before relaxing)
 .debug_str     0x00000000000020a3       0x4d /home/lotte/bachelor/aodvv2/aodvv2/../riot/RIOT/bin/core.a(mutex.o)
                                        0x20d (size before relaxing)
 .debug_str     0x00000000000020f0       0x2c /home/lotte/bachelor/aodvv2/aodvv2/../riot/RIOT/bin/sys.a(chardev_thread.o)
                                        0x169 (size before relaxing)
 .debug_str     0x000000000000211c       0x4c /home/lotte/bachelor/aodvv2/aodvv2/../riot/RIOT/bin/timex.a(timex.o)